[2026-02-16 20:19:03.020311] --- START UPLOAD: sample.png ---
[2026-02-16 20:19:03.022425] Saved upload to: D:\AI_Home_Project\uploads\f19576da99e8483f905e1fc9c2e817b0_sample.png
[2026-02-16 20:19:03.025943] Falling back to OpenCV Preprocessing...
[2026-02-16 20:19:03.232889] Preprocessed image (OpenCV) to: D:\AI_Home_Project\processed\f19576da99e8483f905e1fc9c2e817b0_sample.png
[2026-02-16 20:19:03.233898] Layout Path: D:\AI_Home_Project\temp_layout_f19576da99e8483f905e1fc9c2e817b0.json
[2026-02-16 20:19:03.234897] Layout 3D Path: D:\AI_Home_Project\temp_layout_3d_f19576da99e8483f905e1fc9c2e817b0.json
[2026-02-16 20:19:03.235656] Running Extraction: ['C:\\Users\\user\\AppData\\Local\\Programs\\Python\\Python313\\python.exe', 'D:\\AI_Home_Project\\layout_extraction.py', 'D:\\AI_Home_Project\\processed\\f19576da99e8483f905e1fc9c2e817b0_sample.png', 'D:\\AI_Home_Project\\temp_layout_f19576da99e8483f905e1fc9c2e817b0.json', 'D:\\AI_Home_Project\\uploads\\f19576da99e8483f905e1fc9c2e817b0_sample.png']
[2026-02-16 20:19:09.453831] Extraction STDOUT: DEBUG: Testing model gemini-1.5-flash-latest...
DEBUG: Model gemini-1.5-flash-latest failed validation: 404 models/gemini-1.5-flash-latest is not found for API version v1beta, or is not supported for generateContent. Call ListModels to see the list of available models and their supported methods.
DEBUG: Testing model gemini-1.5-flash...
DEBUG: Model gemini-1.5-flash failed validation: 404 models/gemini-1.5-flash is not found for API version v1beta, or is not supported for generateContent. Call ListModels to see the list of available models and their supported methods.
DEBUG: Testing model gemini-pro-vision...
DEBUG: Model gemini-pro-vision failed validation: 404 models/gemini-pro-vision is not found for API version v1beta, or is not supported for generateContent. Call ListModels to see the list of available models and their supported methods.
DEBUG: Testing model gemini-1.5-pro-latest...
DEBUG: Model gemini-1.5-pro-latest failed validation: 404 models/gemini-1.5-pro-latest is not found for API version v1beta, or is not supported for generateContent. Call ListModels to see the list of available models and their supported methods.
WARNING: No working Gemini Vision model found. AI features disabled.
DEBUG: Found 10 contours.
Applying heuristics to unknown rooms...
Layout extraction completed. Output: D:\AI_Home_Project\temp_layout_f19576da99e8483f905e1fc9c2e817b0.json

[2026-02-16 20:19:09.472665] Layout extracted: 3 rooms
[2026-02-16 20:19:09.474469] Running 3D Gen: ['C:\\Users\\user\\AppData\\Local\\Programs\\Python\\Python313\\python.exe', 'D:\\AI_Home_Project\\layout_to_3d.py', 'D:\\AI_Home_Project\\temp_layout_f19576da99e8483f905e1fc9c2e817b0.json', 'D:\\AI_Home_Project\\temp_layout_3d_f19576da99e8483f905e1fc9c2e817b0.json']
[2026-02-16 20:19:09.552284] 3D Gen STDOUT: 3D layout generation completed. House size (m): 6.57 x 2.71, Output: D:\AI_Home_Project\temp_layout_3d_f19576da99e8483f905e1fc9c2e817b0.json

[2026-02-16 20:19:09.578040] 3D layout generated successfully
[2026-02-16 20:19:09.579635] Area Check: Raw=22.39, MinExpected=45, Used=45.00
[2026-02-16 20:19:09.580426] ML Prediction Error: name 'features' is not defined
[2026-02-16 20:19:09.581622] Sending success response
[2026-02-16 20:19:09.584303] Temporary layout files cleaned up.
[2026-02-17 14:01:17.439593] --- START UPLOAD: sample.png ---
[2026-02-17 14:01:17.443693] Saved upload to: D:\AI_Home_Project\uploads\8eb5a4b2b0a34ab3bddfb6bb81487c2d_sample.png
[2026-02-17 14:01:17.448429] Falling back to OpenCV Preprocessing...
[2026-02-17 14:01:17.647872] Preprocessed image (OpenCV) to: D:\AI_Home_Project\processed\8eb5a4b2b0a34ab3bddfb6bb81487c2d_sample.png
[2026-02-17 14:01:17.648646] Layout Path: D:\AI_Home_Project\temp_layout_8eb5a4b2b0a34ab3bddfb6bb81487c2d.json
[2026-02-17 14:01:17.649620] Layout 3D Path: D:\AI_Home_Project\temp_layout_3d_8eb5a4b2b0a34ab3bddfb6bb81487c2d.json
[2026-02-17 14:01:17.651480] Running Extraction: ['C:\\Users\\user\\AppData\\Local\\Programs\\Python\\Python313\\python.exe', 'D:\\AI_Home_Project\\layout_extraction.py', 'D:\\AI_Home_Project\\processed\\8eb5a4b2b0a34ab3bddfb6bb81487c2d_sample.png', 'D:\\AI_Home_Project\\temp_layout_8eb5a4b2b0a34ab3bddfb6bb81487c2d.json', 'D:\\AI_Home_Project\\uploads\\8eb5a4b2b0a34ab3bddfb6bb81487c2d_sample.png']
[2026-02-17 14:01:23.410098] Extraction STDOUT: DEBUG: Testing model gemini-1.5-flash-latest...
DEBUG: Model gemini-1.5-flash-latest failed validation: 404 models/gemini-1.5-flash-latest is not found for API version v1beta, or is not supported for generateContent. Call ListModels to see the list of available models and their supported methods.
DEBUG: Testing model gemini-1.5-flash...
DEBUG: Model gemini-1.5-flash failed validation: 404 models/gemini-1.5-flash is not found for API version v1beta, or is not supported for generateContent. Call ListModels to see the list of available models and their supported methods.
DEBUG: Testing model gemini-pro-vision...
DEBUG: Model gemini-pro-vision failed validation: 404 models/gemini-pro-vision is not found for API version v1beta, or is not supported for generateContent. Call ListModels to see the list of available models and their supported methods.
DEBUG: Testing model gemini-1.5-pro-latest...
DEBUG: Model gemini-1.5-pro-latest failed validation: 404 models/gemini-1.5-pro-latest is not found for API version v1beta, or is not supported for generateContent. Call ListModels to see the list of available models and their supported methods.
WARNING: No working Gemini Vision model found. AI features disabled.
DEBUG: Found 10 contours.
Applying heuristics to unknown rooms...
Layout extraction completed. Output: D:\AI_Home_Project\temp_layout_8eb5a4b2b0a34ab3bddfb6bb81487c2d.json

[2026-02-17 14:01:23.411311] Layout extracted: 3 rooms
[2026-02-17 14:01:23.412101] Running 3D Gen: ['C:\\Users\\user\\AppData\\Local\\Programs\\Python\\Python313\\python.exe', 'D:\\AI_Home_Project\\layout_to_3d.py', 'D:\\AI_Home_Project\\temp_layout_8eb5a4b2b0a34ab3bddfb6bb81487c2d.json', 'D:\\AI_Home_Project\\temp_layout_3d_8eb5a4b2b0a34ab3bddfb6bb81487c2d.json']
[2026-02-17 14:01:23.485818] 3D Gen STDOUT: 3D layout generation completed. House size (m): 6.57 x 2.71, Output: D:\AI_Home_Project\temp_layout_3d_8eb5a4b2b0a34ab3bddfb6bb81487c2d.json

[2026-02-17 14:01:23.508677] 3D layout generated successfully
[2026-02-17 14:01:23.509268] Area Check: Raw=22.39, MinExpected=45, Used=45.00
[2026-02-17 14:01:23.512066] ML Prediction Error: name 'features' is not defined
[2026-02-17 14:01:23.513089] Sending success response
[2026-02-17 14:01:23.516690] Temporary layout files cleaned up.
[2026-02-17 14:53:28.496358] --- START UPLOAD: sample.png ---
[2026-02-17 14:53:28.499886] Saved upload to: D:\AI_Home_Project\uploads\c289eec3b4c64db286d9ebd90cda2fa6_sample.png
[2026-02-17 14:53:28.505869] Falling back to OpenCV Preprocessing...
[2026-02-17 14:53:28.622559] Preprocessed image (OpenCV) to: D:\AI_Home_Project\processed\c289eec3b4c64db286d9ebd90cda2fa6_sample.png
[2026-02-17 14:53:28.623539] Layout Path: D:\AI_Home_Project\temp_layout_c289eec3b4c64db286d9ebd90cda2fa6.json
[2026-02-17 14:53:28.624371] Layout 3D Path: D:\AI_Home_Project\temp_layout_3d_c289eec3b4c64db286d9ebd90cda2fa6.json
[2026-02-17 14:53:28.625237] Running Extraction: ['C:\\Users\\user\\AppData\\Local\\Programs\\Python\\Python313\\python.exe', 'D:\\AI_Home_Project\\layout_extraction.py', 'D:\\AI_Home_Project\\processed\\c289eec3b4c64db286d9ebd90cda2fa6_sample.png', 'D:\\AI_Home_Project\\temp_layout_c289eec3b4c64db286d9ebd90cda2fa6.json', 'D:\\AI_Home_Project\\uploads\\c289eec3b4c64db286d9ebd90cda2fa6_sample.png']
[2026-02-17 14:53:34.316385] Extraction STDOUT: DEBUG: Testing model gemini-1.5-flash-latest...
DEBUG: Model gemini-1.5-flash-latest failed validation: 404 models/gemini-1.5-flash-latest is not found for API version v1beta, or is not supported for generateContent. Call ListModels to see the list of available models and their supported methods.
DEBUG: Testing model gemini-1.5-flash...
DEBUG: Model gemini-1.5-flash failed validation: 404 models/gemini-1.5-flash is not found for API version v1beta, or is not supported for generateContent. Call ListModels to see the list of available models and their supported methods.
DEBUG: Testing model gemini-pro-vision...
DEBUG: Model gemini-pro-vision failed validation: 404 models/gemini-pro-vision is not found for API version v1beta, or is not supported for generateContent. Call ListModels to see the list of available models and their supported methods.
DEBUG: Testing model gemini-1.5-pro-latest...
DEBUG: Model gemini-1.5-pro-latest failed validation: 404 models/gemini-1.5-pro-latest is not found for API version v1beta, or is not supported for generateContent. Call ListModels to see the list of available models and their supported methods.
WARNING: No working Gemini Vision model found. AI features disabled.
DEBUG: Found 10 contours.
Applying heuristics to unknown rooms...
Layout extraction completed. Output: D:\AI_Home_Project\temp_layout_c289eec3b4c64db286d9ebd90cda2fa6.json

[2026-02-17 14:53:34.319625] Layout extracted: 3 rooms
[2026-02-17 14:53:34.321704] Running 3D Gen: ['C:\\Users\\user\\AppData\\Local\\Programs\\Python\\Python313\\python.exe', 'D:\\AI_Home_Project\\layout_to_3d.py', 'D:\\AI_Home_Project\\temp_layout_c289eec3b4c64db286d9ebd90cda2fa6.json', 'D:\\AI_Home_Project\\temp_layout_3d_c289eec3b4c64db286d9ebd90cda2fa6.json']
[2026-02-17 14:53:34.395812] 3D Gen STDOUT: 3D layout generation completed. House size (m): 6.57 x 2.71, Output: D:\AI_Home_Project\temp_layout_3d_c289eec3b4c64db286d9ebd90cda2fa6.json

[2026-02-17 14:53:34.398320] 3D layout generated successfully
[2026-02-17 14:53:34.399240] Area Check: Raw=22.39, MinExpected=45, Used=45.00
[2026-02-17 14:53:34.413058] ML Prediction Error: name 'features' is not defined
[2026-02-17 14:53:34.413772] Sending success response
[2026-02-17 14:53:34.417035] Temporary layout files cleaned up.
[2026-02-23 10:17:55.780646] --- START UPLOAD: sample.png ---
[2026-02-23 10:17:55.782811] Saved upload to: D:\AI_Home_Project\uploads\5a57879dbe134382b1cc23b4e43204c7_sample.png
[2026-02-23 10:17:55.784730] Falling back to OpenCV Preprocessing...
[2026-02-23 10:17:55.953967] Preprocessed image (OpenCV) to: D:\AI_Home_Project\processed\5a57879dbe134382b1cc23b4e43204c7_sample.png
[2026-02-23 10:17:55.955048] Layout Path: D:\AI_Home_Project\temp_layout_5a57879dbe134382b1cc23b4e43204c7.json
[2026-02-23 10:17:55.955644] Layout 3D Path: D:\AI_Home_Project\temp_layout_3d_5a57879dbe134382b1cc23b4e43204c7.json
[2026-02-23 10:17:55.956310] Running Extraction: ['C:\\Users\\user\\AppData\\Local\\Programs\\Python\\Python313\\python.exe', 'D:\\AI_Home_Project\\layout_extraction.py', 'D:\\AI_Home_Project\\processed\\5a57879dbe134382b1cc23b4e43204c7_sample.png', 'D:\\AI_Home_Project\\temp_layout_5a57879dbe134382b1cc23b4e43204c7.json', 'D:\\AI_Home_Project\\uploads\\5a57879dbe134382b1cc23b4e43204c7_sample.png']
[2026-02-23 10:18:02.439149] Extraction STDOUT: DEBUG: Testing model gemini-1.5-flash-latest...
DEBUG: Model gemini-1.5-flash-latest failed validation: 404 models/gemini-1.5-flash-latest is not found for API version v1beta, or is not supported for generateContent. Call ListModels to see the list of available models and their supported methods.
DEBUG: Testing model gemini-1.5-flash...
DEBUG: Model gemini-1.5-flash failed validation: 404 models/gemini-1.5-flash is not found for API version v1beta, or is not supported for generateContent. Call ListModels to see the list of available models and their supported methods.
DEBUG: Testing model gemini-pro-vision...
DEBUG: Model gemini-pro-vision failed validation: 404 models/gemini-pro-vision is not found for API version v1beta, or is not supported for generateContent. Call ListModels to see the list of available models and their supported methods.
DEBUG: Testing model gemini-1.5-pro-latest...
DEBUG: Model gemini-1.5-pro-latest failed validation: 404 models/gemini-1.5-pro-latest is not found for API version v1beta, or is not supported for generateContent. Call ListModels to see the list of available models and their supported methods.
WARNING: No working Gemini Vision model found. AI features disabled.
DEBUG: Found 10 contours.
Applying heuristics to unknown rooms...
Layout extraction completed. Output: D:\AI_Home_Project\temp_layout_5a57879dbe134382b1cc23b4e43204c7.json

[2026-02-23 10:18:02.440862] Layout extracted: 3 rooms
[2026-02-23 10:18:02.444096] Running 3D Gen: ['C:\\Users\\user\\AppData\\Local\\Programs\\Python\\Python313\\python.exe', 'D:\\AI_Home_Project\\layout_to_3d.py', 'D:\\AI_Home_Project\\temp_layout_5a57879dbe134382b1cc23b4e43204c7.json', 'D:\\AI_Home_Project\\temp_layout_3d_5a57879dbe134382b1cc23b4e43204c7.json']
[2026-02-23 10:18:02.545611] 3D Gen STDOUT: 3D layout generation completed. House size (m): 6.57 x 2.71, Output: D:\AI_Home_Project\temp_layout_3d_5a57879dbe134382b1cc23b4e43204c7.json

[2026-02-23 10:18:02.568965] 3D layout generated successfully
[2026-02-23 10:18:02.569511] Area Check: Raw=22.39, MinExpected=45, Used=45.00
[2026-02-23 10:18:02.570075] ML Prediction Error: name 'features' is not defined
[2026-02-23 10:18:02.570606] Sending success response
[2026-02-23 10:18:02.572262] Temporary layout files cleaned up.
[2026-02-23 10:21:53.485514] --- START UPLOAD: home.png ---
[2026-02-23 10:21:53.487179] Saved upload to: D:\AI_Home_Project\uploads\c8180394b1e041489f6f4b39e13c67fd_home.png
[2026-02-23 10:21:53.493589] Falling back to OpenCV Preprocessing...
[2026-02-23 10:21:53.641028] Preprocessed image (OpenCV) to: D:\AI_Home_Project\processed\c8180394b1e041489f6f4b39e13c67fd_home.png
[2026-02-23 10:21:53.641474] Layout Path: D:\AI_Home_Project\temp_layout_c8180394b1e041489f6f4b39e13c67fd.json
[2026-02-23 10:21:53.641779] Layout 3D Path: D:\AI_Home_Project\temp_layout_3d_c8180394b1e041489f6f4b39e13c67fd.json
[2026-02-23 10:21:53.642500] Running Extraction: ['C:\\Users\\user\\AppData\\Local\\Programs\\Python\\Python313\\python.exe', 'D:\\AI_Home_Project\\layout_extraction.py', 'D:\\AI_Home_Project\\processed\\c8180394b1e041489f6f4b39e13c67fd_home.png', 'D:\\AI_Home_Project\\temp_layout_c8180394b1e041489f6f4b39e13c67fd.json', 'D:\\AI_Home_Project\\uploads\\c8180394b1e041489f6f4b39e13c67fd_home.png']
[2026-02-23 10:21:59.796500] Extraction STDOUT: DEBUG: Testing model gemini-1.5-flash-latest...
DEBUG: Model gemini-1.5-flash-latest failed validation: 404 models/gemini-1.5-flash-latest is not found for API version v1beta, or is not supported for generateContent. Call ListModels to see the list of available models and their supported methods.
DEBUG: Testing model gemini-1.5-flash...
DEBUG: Model gemini-1.5-flash failed validation: 404 models/gemini-1.5-flash is not found for API version v1beta, or is not supported for generateContent. Call ListModels to see the list of available models and their supported methods.
DEBUG: Testing model gemini-pro-vision...
DEBUG: Model gemini-pro-vision failed validation: 404 models/gemini-pro-vision is not found for API version v1beta, or is not supported for generateContent. Call ListModels to see the list of available models and their supported methods.
DEBUG: Testing model gemini-1.5-pro-latest...
DEBUG: Model gemini-1.5-pro-latest failed validation: 404 models/gemini-1.5-pro-latest is not found for API version v1beta, or is not supported for generateContent. Call ListModels to see the list of available models and their supported methods.
WARNING: No working Gemini Vision model found. AI features disabled.
DEBUG: Found 38 contours.
Applying heuristics to unknown rooms...
Layout extraction completed. Output: D:\AI_Home_Project\temp_layout_c8180394b1e041489f6f4b39e13c67fd.json

[2026-02-23 10:21:59.797155] Layout extracted: 7 rooms
[2026-02-23 10:21:59.797479] Running 3D Gen: ['C:\\Users\\user\\AppData\\Local\\Programs\\Python\\Python313\\python.exe', 'D:\\AI_Home_Project\\layout_to_3d.py', 'D:\\AI_Home_Project\\temp_layout_c8180394b1e041489f6f4b39e13c67fd.json', 'D:\\AI_Home_Project\\temp_layout_3d_c8180394b1e041489f6f4b39e13c67fd.json']
[2026-02-23 10:21:59.860956] 3D Gen STDOUT: 3D layout generation completed. House size (m): 3.85 x 3.94, Output: D:\AI_Home_Project\temp_layout_3d_c8180394b1e041489f6f4b39e13c67fd.json

[2026-02-23 10:21:59.878806] 3D layout generated successfully
[2026-02-23 10:21:59.880382] Area Check: Raw=20.52, MinExpected=105, Used=105.00
[2026-02-23 10:21:59.881201] ML Prediction Error: name 'features' is not defined
[2026-02-23 10:21:59.881730] Sending success response
[2026-02-23 10:21:59.883098] Temporary layout files cleaned up.
[2026-02-26 14:07:28.138331] --- START UPLOAD: sample.png ---
[2026-02-26 14:07:28.142605] Saved upload to: C:\lekshmi\AI_Home_Project\uploads\7c4671fe0707472f811a1eba643dd526_sample.png
[2026-02-26 14:07:28.144102] Falling back to OpenCV Preprocessing...
[2026-02-26 14:07:28.225165] Preprocessed image (OpenCV) to: C:\lekshmi\AI_Home_Project\processed\7c4671fe0707472f811a1eba643dd526_sample.png
[2026-02-26 14:07:28.226134] Layout Path: C:\lekshmi\AI_Home_Project\temp_layout_7c4671fe0707472f811a1eba643dd526.json
[2026-02-26 14:07:28.227227] Layout 3D Path: C:\lekshmi\AI_Home_Project\temp_layout_3d_7c4671fe0707472f811a1eba643dd526.json
[2026-02-26 14:07:28.229319] Running Extraction: ['C:\\Users\\user\\AppData\\Local\\Programs\\Python\\Python313\\python.exe', 'C:\\lekshmi\\AI_Home_Project\\layout_extraction.py', 'C:\\lekshmi\\AI_Home_Project\\processed\\7c4671fe0707472f811a1eba643dd526_sample.png', 'C:\\lekshmi\\AI_Home_Project\\temp_layout_7c4671fe0707472f811a1eba643dd526.json', 'C:\\lekshmi\\AI_Home_Project\\uploads\\7c4671fe0707472f811a1eba643dd526_sample.png']
[2026-02-26 14:07:33.205559] Extraction STDOUT: DEBUG: Testing model gemini-1.5-flash-latest...
DEBUG: Model gemini-1.5-flash-latest failed validation: 404 models/gemini-1.5-flash-latest is not found for API version v1beta, or is not supported for generateContent. Call ListModels to see the list of available models and their supported methods.
DEBUG: Testing model gemini-1.5-flash...
DEBUG: Model gemini-1.5-flash failed validation: 404 models/gemini-1.5-flash is not found for API version v1beta, or is not supported for generateContent. Call ListModels to see the list of available models and their supported methods.
DEBUG: Testing model gemini-pro-vision...
DEBUG: Model gemini-pro-vision failed validation: 404 models/gemini-pro-vision is not found for API version v1beta, or is not supported for generateContent. Call ListModels to see the list of available models and their supported methods.
DEBUG: Testing model gemini-1.5-pro-latest...
DEBUG: Model gemini-1.5-pro-latest failed validation: 404 models/gemini-1.5-pro-latest is not found for API version v1beta, or is not supported for generateContent. Call ListModels to see the list of available models and their supported methods.
WARNING: No working Gemini Vision model found. AI features disabled.
DEBUG: Found 10 contours.
Applying heuristics to unknown rooms...
Layout extraction completed. Output: C:\lekshmi\AI_Home_Project\temp_layout_7c4671fe0707472f811a1eba643dd526.json

[2026-02-26 14:07:33.208524] Layout extracted: 3 rooms
[2026-02-26 14:07:33.209259] Running 3D Gen: ['C:\\Users\\user\\AppData\\Local\\Programs\\Python\\Python313\\python.exe', 'C:\\lekshmi\\AI_Home_Project\\layout_to_3d.py', 'C:\\lekshmi\\AI_Home_Project\\temp_layout_7c4671fe0707472f811a1eba643dd526.json', 'C:\\lekshmi\\AI_Home_Project\\temp_layout_3d_7c4671fe0707472f811a1eba643dd526.json']
[2026-02-26 14:07:33.261206] 3D Gen STDOUT: 3D layout generation completed. House size (m): 6.57 x 2.71, Output: C:\lekshmi\AI_Home_Project\temp_layout_3d_7c4671fe0707472f811a1eba643dd526.json

[2026-02-26 14:07:33.263175] 3D layout generated successfully
[2026-02-26 14:07:33.263773] Area Check: Raw=22.39, MinExpected=45, Used=45.00
[2026-02-26 14:07:33.265355] ML Prediction Error: name 'features' is not defined
[2026-02-26 14:07:33.266392] Sending success response
[2026-02-26 14:07:33.267891] Temporary layout files cleaned up.
[2026-02-26 19:40:52.174367] --- START UPLOAD: sample.png ---
[2026-02-26 19:40:52.176579] Saved upload to: C:\lekshmi\AI_Home_Project\uploads\e8800aa9b30d4ede933a774568700f60_sample.png
[2026-02-26 19:40:52.177957] Falling back to OpenCV Preprocessing...
[2026-02-26 19:40:52.275920] Preprocessed image (OpenCV) to: C:\lekshmi\AI_Home_Project\processed\e8800aa9b30d4ede933a774568700f60_sample.png
[2026-02-26 19:40:52.276510] Layout Path: C:\lekshmi\AI_Home_Project\temp_layout_e8800aa9b30d4ede933a774568700f60.json
[2026-02-26 19:40:52.277590] Layout 3D Path: C:\lekshmi\AI_Home_Project\temp_layout_3d_e8800aa9b30d4ede933a774568700f60.json
[2026-02-26 19:40:52.278996] Running Extraction: ['C:\\Users\\user\\AppData\\Local\\Programs\\Python\\Python313\\python.exe', 'C:\\lekshmi\\AI_Home_Project\\layout_extraction.py', 'C:\\lekshmi\\AI_Home_Project\\processed\\e8800aa9b30d4ede933a774568700f60_sample.png', 'C:\\lekshmi\\AI_Home_Project\\temp_layout_e8800aa9b30d4ede933a774568700f60.json', 'C:\\lekshmi\\AI_Home_Project\\uploads\\e8800aa9b30d4ede933a774568700f60_sample.png']
[2026-02-26 19:40:58.661013] Extraction STDOUT: DEBUG: Testing model gemini-1.5-flash-latest...
DEBUG: Model gemini-1.5-flash-latest failed validation: 404 models/gemini-1.5-flash-latest is not found for API version v1beta, or is not supported for generateContent. Call ListModels to see the list of available models and their supported methods.
DEBUG: Testing model gemini-1.5-flash...
DEBUG: Model gemini-1.5-flash failed validation: 404 models/gemini-1.5-flash is not found for API version v1beta, or is not supported for generateContent. Call ListModels to see the list of available models and their supported methods.
DEBUG: Testing model gemini-pro-vision...
DEBUG: Model gemini-pro-vision failed validation: 404 models/gemini-pro-vision is not found for API version v1beta, or is not supported for generateContent. Call ListModels to see the list of available models and their supported methods.
DEBUG: Testing model gemini-1.5-pro-latest...
DEBUG: Model gemini-1.5-pro-latest failed validation: 404 models/gemini-1.5-pro-latest is not found for API version v1beta, or is not supported for generateContent. Call ListModels to see the list of available models and their supported methods.
WARNING: No working Gemini Vision model found. AI features disabled.
DEBUG: Found 10 contours.
Applying heuristics to unknown rooms...
Layout extraction completed. Output: C:\lekshmi\AI_Home_Project\temp_layout_e8800aa9b30d4ede933a774568700f60.json

[2026-02-26 19:40:58.662405] Layout extracted: 3 rooms
[2026-02-26 19:40:58.663889] Running 3D Gen: ['C:\\Users\\user\\AppData\\Local\\Programs\\Python\\Python313\\python.exe', 'C:\\lekshmi\\AI_Home_Project\\layout_to_3d.py', 'C:\\lekshmi\\AI_Home_Project\\temp_layout_e8800aa9b30d4ede933a774568700f60.json', 'C:\\lekshmi\\AI_Home_Project\\temp_layout_3d_e8800aa9b30d4ede933a774568700f60.json']
[2026-02-26 19:40:58.730983] 3D Gen STDOUT: 3D layout generation completed. House size (m): 6.57 x 2.71, Output: C:\lekshmi\AI_Home_Project\temp_layout_3d_e8800aa9b30d4ede933a774568700f60.json

[2026-02-26 19:40:58.733032] 3D layout generated successfully
[2026-02-26 19:40:58.733717] Area Check: Raw=22.39, MinExpected=45, Used=45.00
[2026-02-26 19:40:58.734278] ML Prediction Error: name 'features' is not defined
[2026-02-26 19:40:58.735178] Sending success response
[2026-02-26 19:40:58.738004] Temporary layout files cleaned up.
[2026-02-26 19:48:51.946090] --- START UPLOAD: home.png ---
[2026-02-26 19:48:51.949656] Saved upload to: C:\lekshmi\AI_Home_Project\uploads\da8b9275a3064f3cae253dc40df926c7_home.png
[2026-02-26 19:48:51.952336] Falling back to OpenCV Preprocessing...
[2026-02-26 19:48:52.068947] Preprocessed image (OpenCV) to: C:\lekshmi\AI_Home_Project\processed\da8b9275a3064f3cae253dc40df926c7_home.png
[2026-02-26 19:48:52.069510] Layout Path: C:\lekshmi\AI_Home_Project\temp_layout_da8b9275a3064f3cae253dc40df926c7.json
[2026-02-26 19:48:52.070078] Layout 3D Path: C:\lekshmi\AI_Home_Project\temp_layout_3d_da8b9275a3064f3cae253dc40df926c7.json
[2026-02-26 19:48:52.070571] Running Extraction: ['C:\\Users\\user\\AppData\\Local\\Programs\\Python\\Python313\\python.exe', 'C:\\lekshmi\\AI_Home_Project\\layout_extraction.py', 'C:\\lekshmi\\AI_Home_Project\\processed\\da8b9275a3064f3cae253dc40df926c7_home.png', 'C:\\lekshmi\\AI_Home_Project\\temp_layout_da8b9275a3064f3cae253dc40df926c7.json', 'C:\\lekshmi\\AI_Home_Project\\uploads\\da8b9275a3064f3cae253dc40df926c7_home.png']
[2026-02-26 19:48:57.861406] Extraction STDOUT: DEBUG: Testing model gemini-1.5-flash-latest...
DEBUG: Model gemini-1.5-flash-latest failed validation: 404 models/gemini-1.5-flash-latest is not found for API version v1beta, or is not supported for generateContent. Call ListModels to see the list of available models and their supported methods.
DEBUG: Testing model gemini-1.5-flash...
DEBUG: Model gemini-1.5-flash failed validation: 404 models/gemini-1.5-flash is not found for API version v1beta, or is not supported for generateContent. Call ListModels to see the list of available models and their supported methods.
DEBUG: Testing model gemini-pro-vision...
DEBUG: Model gemini-pro-vision failed validation: 404 models/gemini-pro-vision is not found for API version v1beta, or is not supported for generateContent. Call ListModels to see the list of available models and their supported methods.
DEBUG: Testing model gemini-1.5-pro-latest...
DEBUG: Model gemini-1.5-pro-latest failed validation: 404 models/gemini-1.5-pro-latest is not found for API version v1beta, or is not supported for generateContent. Call ListModels to see the list of available models and their supported methods.
WARNING: No working Gemini Vision model found. AI features disabled.
DEBUG: Found 38 contours.
Applying heuristics to unknown rooms...
Layout extraction completed. Output: C:\lekshmi\AI_Home_Project\temp_layout_da8b9275a3064f3cae253dc40df926c7.json

[2026-02-26 19:48:57.862341] Layout extracted: 7 rooms
[2026-02-26 19:48:57.863774] Running 3D Gen: ['C:\\Users\\user\\AppData\\Local\\Programs\\Python\\Python313\\python.exe', 'C:\\lekshmi\\AI_Home_Project\\layout_to_3d.py', 'C:\\lekshmi\\AI_Home_Project\\temp_layout_da8b9275a3064f3cae253dc40df926c7.json', 'C:\\lekshmi\\AI_Home_Project\\temp_layout_3d_da8b9275a3064f3cae253dc40df926c7.json']
[2026-02-26 19:48:57.929985] 3D Gen STDOUT: 3D layout generation completed. House size (m): 3.85 x 3.94, Output: C:\lekshmi\AI_Home_Project\temp_layout_3d_da8b9275a3064f3cae253dc40df926c7.json

[2026-02-26 19:48:57.932233] 3D layout generated successfully
[2026-02-26 19:48:57.933383] Area Check: Raw=20.52, MinExpected=105, Used=105.00
[2026-02-26 19:48:57.934156] ML Prediction Error: name 'features' is not defined
[2026-02-26 19:48:57.935335] Sending success response
[2026-02-26 19:48:57.938301] Temporary layout files cleaned up.
[2026-02-26 20:11:31.138313] --- START UPLOAD: sample.png ---
[2026-02-26 20:11:31.140394] Saved upload to: C:\lekshmi\AI_Home_Project\uploads\075c37d8518d44f38b9973b57693a387_sample.png
[2026-02-26 20:11:31.141551] Falling back to OpenCV Preprocessing...
[2026-02-26 20:11:31.228930] Preprocessed image (OpenCV) to: C:\lekshmi\AI_Home_Project\processed\075c37d8518d44f38b9973b57693a387_sample.png
[2026-02-26 20:11:31.229675] Layout Path: C:\lekshmi\AI_Home_Project\temp_layout_075c37d8518d44f38b9973b57693a387.json
[2026-02-26 20:11:31.230705] Layout 3D Path: C:\lekshmi\AI_Home_Project\temp_layout_3d_075c37d8518d44f38b9973b57693a387.json
[2026-02-26 20:11:31.231812] Running Extraction: ['C:\\Users\\user\\AppData\\Local\\Programs\\Python\\Python313\\python.exe', 'C:\\lekshmi\\AI_Home_Project\\layout_extraction.py', 'C:\\lekshmi\\AI_Home_Project\\processed\\075c37d8518d44f38b9973b57693a387_sample.png', 'C:\\lekshmi\\AI_Home_Project\\temp_layout_075c37d8518d44f38b9973b57693a387.json', 'C:\\lekshmi\\AI_Home_Project\\uploads\\075c37d8518d44f38b9973b57693a387_sample.png']
[2026-02-26 20:11:37.413396] Extraction STDOUT: DEBUG: Testing model gemini-1.5-flash-latest...
DEBUG: Model gemini-1.5-flash-latest failed validation: 404 models/gemini-1.5-flash-latest is not found for API version v1beta, or is not supported for generateContent. Call ListModels to see the list of available models and their supported methods.
DEBUG: Testing model gemini-1.5-flash...
DEBUG: Model gemini-1.5-flash failed validation: 404 models/gemini-1.5-flash is not found for API version v1beta, or is not supported for generateContent. Call ListModels to see the list of available models and their supported methods.
DEBUG: Testing model gemini-pro-vision...
DEBUG: Model gemini-pro-vision failed validation: 404 models/gemini-pro-vision is not found for API version v1beta, or is not supported for generateContent. Call ListModels to see the list of available models and their supported methods.
DEBUG: Testing model gemini-1.5-pro-latest...
DEBUG: Model gemini-1.5-pro-latest failed validation: 404 models/gemini-1.5-pro-latest is not found for API version v1beta, or is not supported for generateContent. Call ListModels to see the list of available models and their supported methods.
WARNING: No working Gemini Vision model found. AI features disabled.
DEBUG: Found 10 contours.
Applying heuristics to unknown rooms...
Layout extraction completed. Output: C:\lekshmi\AI_Home_Project\temp_layout_075c37d8518d44f38b9973b57693a387.json

[2026-02-26 20:11:37.414440] Layout extracted: 3 rooms
[2026-02-26 20:11:37.415762] Running 3D Gen: ['C:\\Users\\user\\AppData\\Local\\Programs\\Python\\Python313\\python.exe', 'C:\\lekshmi\\AI_Home_Project\\layout_to_3d.py', 'C:\\lekshmi\\AI_Home_Project\\temp_layout_075c37d8518d44f38b9973b57693a387.json', 'C:\\lekshmi\\AI_Home_Project\\temp_layout_3d_075c37d8518d44f38b9973b57693a387.json']
[2026-02-26 20:11:37.470389] 3D Gen STDOUT: 3D layout generation completed. House size (m): 6.57 x 2.71, Output: C:\lekshmi\AI_Home_Project\temp_layout_3d_075c37d8518d44f38b9973b57693a387.json

[2026-02-26 20:11:37.472177] 3D layout generated successfully
[2026-02-26 20:11:37.472953] Area Check: Raw=22.39, MinExpected=45, Used=45.00
[2026-02-26 20:11:37.473956] ML Prediction Error: name 'features' is not defined
[2026-02-26 20:11:37.475564] Sending success response
[2026-02-26 20:11:37.477490] Temporary layout files cleaned up.
[2026-02-26 20:38:49.923085] --- START UPLOAD: sample.png ---
[2026-02-26 20:38:49.925163] Saved upload to: C:\lekshmi\AI_Home_Project\uploads\590940efe5e64ffe9e5409a241881abb_sample.png
[2026-02-26 20:38:49.927560] Falling back to OpenCV Preprocessing...
[2026-02-26 20:38:50.029916] Preprocessed image (OpenCV) to: C:\lekshmi\AI_Home_Project\processed\590940efe5e64ffe9e5409a241881abb_sample.png
[2026-02-26 20:38:50.030577] Layout Path: C:\lekshmi\AI_Home_Project\temp_layout_590940efe5e64ffe9e5409a241881abb.json
[2026-02-26 20:38:50.031019] Layout 3D Path: C:\lekshmi\AI_Home_Project\temp_layout_3d_590940efe5e64ffe9e5409a241881abb.json
[2026-02-26 20:38:50.031481] Running Extraction: ['C:\\Users\\user\\AppData\\Local\\Programs\\Python\\Python313\\python.exe', 'C:\\lekshmi\\AI_Home_Project\\layout_extraction.py', 'C:\\lekshmi\\AI_Home_Project\\processed\\590940efe5e64ffe9e5409a241881abb_sample.png', 'C:\\lekshmi\\AI_Home_Project\\temp_layout_590940efe5e64ffe9e5409a241881abb.json', 'C:\\lekshmi\\AI_Home_Project\\uploads\\590940efe5e64ffe9e5409a241881abb_sample.png']
[2026-02-26 20:38:55.786681] Extraction STDOUT: DEBUG: Testing model gemini-1.5-flash-latest...
DEBUG: Model gemini-1.5-flash-latest failed validation: 404 models/gemini-1.5-flash-latest is not found for API version v1beta, or is not supported for generateContent. Call ListModels to see the list of available models and their supported methods.
DEBUG: Testing model gemini-1.5-flash...
DEBUG: Model gemini-1.5-flash failed validation: 404 models/gemini-1.5-flash is not found for API version v1beta, or is not supported for generateContent. Call ListModels to see the list of available models and their supported methods.
DEBUG: Testing model gemini-pro-vision...
DEBUG: Model gemini-pro-vision failed validation: 404 models/gemini-pro-vision is not found for API version v1beta, or is not supported for generateContent. Call ListModels to see the list of available models and their supported methods.
DEBUG: Testing model gemini-1.5-pro-latest...
DEBUG: Model gemini-1.5-pro-latest failed validation: 404 models/gemini-1.5-pro-latest is not found for API version v1beta, or is not supported for generateContent. Call ListModels to see the list of available models and their supported methods.
WARNING: No working Gemini Vision model found. AI features disabled.
DEBUG: Found 10 contours.
Applying heuristics to unknown rooms...
Layout extraction completed. Output: C:\lekshmi\AI_Home_Project\temp_layout_590940efe5e64ffe9e5409a241881abb.json

[2026-02-26 20:38:55.788303] Layout extracted: 3 rooms
[2026-02-26 20:38:55.789982] Running 3D Gen: ['C:\\Users\\user\\AppData\\Local\\Programs\\Python\\Python313\\python.exe', 'C:\\lekshmi\\AI_Home_Project\\layout_to_3d.py', 'C:\\lekshmi\\AI_Home_Project\\temp_layout_590940efe5e64ffe9e5409a241881abb.json', 'C:\\lekshmi\\AI_Home_Project\\temp_layout_3d_590940efe5e64ffe9e5409a241881abb.json']
[2026-02-26 20:38:55.852606] 3D Gen STDOUT: 3D layout generation completed. House size (m): 6.57 x 2.71, Output: C:\lekshmi\AI_Home_Project\temp_layout_3d_590940efe5e64ffe9e5409a241881abb.json

[2026-02-26 20:38:55.854959] 3D layout generated successfully
[2026-02-26 20:38:55.855837] Area Check: Raw=22.39, MinExpected=45, Used=45.00
[2026-02-26 20:38:55.856905] ML Prediction Error: name 'features' is not defined
[2026-02-26 20:38:55.858381] Sending success response
[2026-02-26 20:38:55.861573] Temporary layout files cleaned up.
[2026-02-27 09:25:18.013790] --- START UPLOAD: sample.png ---
[2026-02-27 09:25:18.017706] Saved upload to: C:\lekshmi\AI_Home_Project\uploads\a76a316fb8644083b0485fd058431452_sample.png
[2026-02-27 09:25:18.020442] Falling back to OpenCV Preprocessing...
[2026-02-27 09:25:18.212420] Preprocessed image (OpenCV) to: C:\lekshmi\AI_Home_Project\processed\a76a316fb8644083b0485fd058431452_sample.png
[2026-02-27 09:25:18.213720] Layout Path: C:\lekshmi\AI_Home_Project\temp_layout_a76a316fb8644083b0485fd058431452.json
[2026-02-27 09:25:18.215200] Layout 3D Path: C:\lekshmi\AI_Home_Project\temp_layout_3d_a76a316fb8644083b0485fd058431452.json
[2026-02-27 09:25:18.216625] Running Extraction: ['C:\\Users\\user\\AppData\\Local\\Programs\\Python\\Python313\\python.exe', 'C:\\lekshmi\\AI_Home_Project\\layout_extraction.py', 'C:\\lekshmi\\AI_Home_Project\\processed\\a76a316fb8644083b0485fd058431452_sample.png', 'C:\\lekshmi\\AI_Home_Project\\temp_layout_a76a316fb8644083b0485fd058431452.json', 'C:\\lekshmi\\AI_Home_Project\\uploads\\a76a316fb8644083b0485fd058431452_sample.png']
[2026-02-27 09:25:25.222792] Extraction STDOUT: DEBUG: Testing model gemini-1.5-flash-latest...
DEBUG: Model gemini-1.5-flash-latest failed validation: 404 models/gemini-1.5-flash-latest is not found for API version v1beta, or is not supported for generateContent. Call ListModels to see the list of available models and their supported methods.
DEBUG: Testing model gemini-1.5-flash...
DEBUG: Model gemini-1.5-flash failed validation: 404 models/gemini-1.5-flash is not found for API version v1beta, or is not supported for generateContent. Call ListModels to see the list of available models and their supported methods.
DEBUG: Testing model gemini-pro-vision...
DEBUG: Model gemini-pro-vision failed validation: 404 models/gemini-pro-vision is not found for API version v1beta, or is not supported for generateContent. Call ListModels to see the list of available models and their supported methods.
DEBUG: Testing model gemini-1.5-pro-latest...
DEBUG: Model gemini-1.5-pro-latest failed validation: 404 models/gemini-1.5-pro-latest is not found for API version v1beta, or is not supported for generateContent. Call ListModels to see the list of available models and their supported methods.
WARNING: No working Gemini Vision model found. AI features disabled.
DEBUG: Found 10 contours.
Applying heuristics to unknown rooms...
Layout extraction completed. Output: C:\lekshmi\AI_Home_Project\temp_layout_a76a316fb8644083b0485fd058431452.json

[2026-02-27 09:25:25.224072] Layout extracted: 3 rooms
[2026-02-27 09:25:25.226156] Running 3D Gen: ['C:\\Users\\user\\AppData\\Local\\Programs\\Python\\Python313\\python.exe', 'C:\\lekshmi\\AI_Home_Project\\layout_to_3d.py', 'C:\\lekshmi\\AI_Home_Project\\temp_layout_a76a316fb8644083b0485fd058431452.json', 'C:\\lekshmi\\AI_Home_Project\\temp_layout_3d_a76a316fb8644083b0485fd058431452.json']
[2026-02-27 09:25:25.312341] 3D Gen STDOUT: 3D layout generation completed. House size (m): 6.57 x 2.71, Output: C:\lekshmi\AI_Home_Project\temp_layout_3d_a76a316fb8644083b0485fd058431452.json

[2026-02-27 09:25:25.315596] 3D layout generated successfully
[2026-02-27 09:25:25.316291] Area Check: Raw=22.39, MinExpected=45, Used=45.00
[2026-02-27 09:25:25.316920] ML Prediction Error: name 'features' is not defined
[2026-02-27 09:25:25.317587] Sending success response
[2026-02-27 09:25:25.320642] Temporary layout files cleaned up.
[2026-02-27 12:24:18.746893] --- START UPLOAD: sample.png ---
[2026-02-27 12:24:18.752153] Saved upload to: C:\lekshmi\AI_Home_Project\uploads\a5f897a9bab844a7a8675941ff219994_sample.png
[2026-02-27 12:24:18.754078] Falling back to OpenCV Preprocessing...
[2026-02-27 12:24:18.870811] Preprocessed image (OpenCV) to: C:\lekshmi\AI_Home_Project\processed\a5f897a9bab844a7a8675941ff219994_sample.png
[2026-02-27 12:24:18.871857] Layout Path: C:\lekshmi\AI_Home_Project\temp_layout_a5f897a9bab844a7a8675941ff219994.json
[2026-02-27 12:24:18.872449] Layout 3D Path: C:\lekshmi\AI_Home_Project\temp_layout_3d_a5f897a9bab844a7a8675941ff219994.json
[2026-02-27 12:24:18.873274] Running Extraction: ['C:\\Users\\user\\AppData\\Local\\Programs\\Python\\Python313\\python.exe', 'C:\\lekshmi\\AI_Home_Project\\layout_extraction.py', 'C:\\lekshmi\\AI_Home_Project\\processed\\a5f897a9bab844a7a8675941ff219994_sample.png', 'C:\\lekshmi\\AI_Home_Project\\temp_layout_a5f897a9bab844a7a8675941ff219994.json', 'C:\\lekshmi\\AI_Home_Project\\uploads\\a5f897a9bab844a7a8675941ff219994_sample.png']
[2026-02-27 12:24:25.471331] Extraction STDOUT: DEBUG: Testing model gemini-1.5-flash-latest...
DEBUG: Model gemini-1.5-flash-latest failed validation: 404 models/gemini-1.5-flash-latest is not found for API version v1beta, or is not supported for generateContent. Call ListModels to see the list of available models and their supported methods.
DEBUG: Testing model gemini-1.5-flash...
DEBUG: Model gemini-1.5-flash failed validation: 404 models/gemini-1.5-flash is not found for API version v1beta, or is not supported for generateContent. Call ListModels to see the list of available models and their supported methods.
DEBUG: Testing model gemini-pro-vision...
DEBUG: Model gemini-pro-vision failed validation: 404 models/gemini-pro-vision is not found for API version v1beta, or is not supported for generateContent. Call ListModels to see the list of available models and their supported methods.
DEBUG: Testing model gemini-1.5-pro-latest...
DEBUG: Model gemini-1.5-pro-latest failed validation: 404 models/gemini-1.5-pro-latest is not found for API version v1beta, or is not supported for generateContent. Call ListModels to see the list of available models and their supported methods.
WARNING: No working Gemini Vision model found. AI features disabled.
DEBUG: Found 10 contours.
Applying heuristics to unknown rooms...
Layout extraction completed. Output: C:\lekshmi\AI_Home_Project\temp_layout_a5f897a9bab844a7a8675941ff219994.json

[2026-02-27 12:24:25.472746] Layout extracted: 3 rooms
[2026-02-27 12:24:25.473689] Running 3D Gen: ['C:\\Users\\user\\AppData\\Local\\Programs\\Python\\Python313\\python.exe', 'C:\\lekshmi\\AI_Home_Project\\layout_to_3d.py', 'C:\\lekshmi\\AI_Home_Project\\temp_layout_a5f897a9bab844a7a8675941ff219994.json', 'C:\\lekshmi\\AI_Home_Project\\temp_layout_3d_a5f897a9bab844a7a8675941ff219994.json']
[2026-02-27 12:24:25.609827] 3D Gen STDOUT: 3D layout generation completed. House size (m): 6.57 x 2.71, Output: C:\lekshmi\AI_Home_Project\temp_layout_3d_a5f897a9bab844a7a8675941ff219994.json

[2026-02-27 12:24:25.613424] 3D layout generated successfully
[2026-02-27 12:24:25.614381] Area Check: Raw=22.39, MinExpected=45, Used=45.00
[2026-02-27 12:24:25.615682] ML Prediction Error: name 'features' is not defined
[2026-02-27 12:24:25.616738] Sending success response
[2026-02-27 12:24:25.619557] Temporary layout files cleaned up.
[2026-02-27 12:25:30.972341] --- START UPLOAD: sample.png ---
[2026-02-27 12:25:30.974709] Saved upload to: C:\lekshmi\AI_Home_Project\uploads\4bf63ae67ea1489db1c05cd85718bb14_sample.png
[2026-02-27 12:25:30.977181] Falling back to OpenCV Preprocessing...
[2026-02-27 12:25:31.094906] Preprocessed image (OpenCV) to: C:\lekshmi\AI_Home_Project\processed\4bf63ae67ea1489db1c05cd85718bb14_sample.png
[2026-02-27 12:25:31.097374] Layout Path: C:\lekshmi\AI_Home_Project\temp_layout_4bf63ae67ea1489db1c05cd85718bb14.json
[2026-02-27 12:25:31.099241] Layout 3D Path: C:\lekshmi\AI_Home_Project\temp_layout_3d_4bf63ae67ea1489db1c05cd85718bb14.json
[2026-02-27 12:25:31.100663] Running Extraction: ['C:\\Users\\user\\AppData\\Local\\Programs\\Python\\Python313\\python.exe', 'C:\\lekshmi\\AI_Home_Project\\layout_extraction.py', 'C:\\lekshmi\\AI_Home_Project\\processed\\4bf63ae67ea1489db1c05cd85718bb14_sample.png', 'C:\\lekshmi\\AI_Home_Project\\temp_layout_4bf63ae67ea1489db1c05cd85718bb14.json', 'C:\\lekshmi\\AI_Home_Project\\uploads\\4bf63ae67ea1489db1c05cd85718bb14_sample.png']
[2026-02-27 12:25:37.498036] Extraction STDOUT: DEBUG: Testing model gemini-1.5-flash-latest...
DEBUG: Model gemini-1.5-flash-latest failed validation: 404 models/gemini-1.5-flash-latest is not found for API version v1beta, or is not supported for generateContent. Call ListModels to see the list of available models and their supported methods.
DEBUG: Testing model gemini-1.5-flash...
DEBUG: Model gemini-1.5-flash failed validation: 404 models/gemini-1.5-flash is not found for API version v1beta, or is not supported for generateContent. Call ListModels to see the list of available models and their supported methods.
DEBUG: Testing model gemini-pro-vision...
DEBUG: Model gemini-pro-vision failed validation: 404 models/gemini-pro-vision is not found for API version v1beta, or is not supported for generateContent. Call ListModels to see the list of available models and their supported methods.
DEBUG: Testing model gemini-1.5-pro-latest...
DEBUG: Model gemini-1.5-pro-latest failed validation: 404 models/gemini-1.5-pro-latest is not found for API version v1beta, or is not supported for generateContent. Call ListModels to see the list of available models and their supported methods.
WARNING: No working Gemini Vision model found. AI features disabled.
DEBUG: Found 10 contours.
Applying heuristics to unknown rooms...
Layout extraction completed. Output: C:\lekshmi\AI_Home_Project\temp_layout_4bf63ae67ea1489db1c05cd85718bb14.json

[2026-02-27 12:25:37.499440] Layout extracted: 3 rooms
[2026-02-27 12:25:37.501200] Running 3D Gen: ['C:\\Users\\user\\AppData\\Local\\Programs\\Python\\Python313\\python.exe', 'C:\\lekshmi\\AI_Home_Project\\layout_to_3d.py', 'C:\\lekshmi\\AI_Home_Project\\temp_layout_4bf63ae67ea1489db1c05cd85718bb14.json', 'C:\\lekshmi\\AI_Home_Project\\temp_layout_3d_4bf63ae67ea1489db1c05cd85718bb14.json']
[2026-02-27 12:25:37.586558] 3D Gen STDOUT: 3D layout generation completed. House size (m): 6.57 x 2.71, Output: C:\lekshmi\AI_Home_Project\temp_layout_3d_4bf63ae67ea1489db1c05cd85718bb14.json

[2026-02-27 12:25:37.589673] 3D layout generated successfully
[2026-02-27 12:25:37.590360] Area Check: Raw=22.39, MinExpected=45, Used=45.00
[2026-02-27 12:25:37.591152] ML Prediction Error: name 'features' is not defined
[2026-02-27 12:25:37.592142] Sending success response
[2026-02-27 12:25:37.594696] Temporary layout files cleaned up.
[2026-02-27 12:25:48.824900] --- START UPLOAD: sample.png ---
[2026-02-27 12:25:48.827799] Saved upload to: C:\lekshmi\AI_Home_Project\uploads\1ee0a6d1aea34987abf7f2544ee350db_sample.png
[2026-02-27 12:25:48.830299] Falling back to OpenCV Preprocessing...
[2026-02-27 12:25:48.954348] Preprocessed image (OpenCV) to: C:\lekshmi\AI_Home_Project\processed\1ee0a6d1aea34987abf7f2544ee350db_sample.png
[2026-02-27 12:25:48.955632] Layout Path: C:\lekshmi\AI_Home_Project\temp_layout_1ee0a6d1aea34987abf7f2544ee350db.json
[2026-02-27 12:25:48.956920] Layout 3D Path: C:\lekshmi\AI_Home_Project\temp_layout_3d_1ee0a6d1aea34987abf7f2544ee350db.json
[2026-02-27 12:25:48.958191] Running Extraction: ['C:\\Users\\user\\AppData\\Local\\Programs\\Python\\Python313\\python.exe', 'C:\\lekshmi\\AI_Home_Project\\layout_extraction.py', 'C:\\lekshmi\\AI_Home_Project\\processed\\1ee0a6d1aea34987abf7f2544ee350db_sample.png', 'C:\\lekshmi\\AI_Home_Project\\temp_layout_1ee0a6d1aea34987abf7f2544ee350db.json', 'C:\\lekshmi\\AI_Home_Project\\uploads\\1ee0a6d1aea34987abf7f2544ee350db_sample.png']
[2026-02-27 12:25:54.935729] Extraction STDOUT: DEBUG: Testing model gemini-1.5-flash-latest...
DEBUG: Model gemini-1.5-flash-latest failed validation: 404 models/gemini-1.5-flash-latest is not found for API version v1beta, or is not supported for generateContent. Call ListModels to see the list of available models and their supported methods.
DEBUG: Testing model gemini-1.5-flash...
DEBUG: Model gemini-1.5-flash failed validation: 404 models/gemini-1.5-flash is not found for API version v1beta, or is not supported for generateContent. Call ListModels to see the list of available models and their supported methods.
DEBUG: Testing model gemini-pro-vision...
DEBUG: Model gemini-pro-vision failed validation: 404 models/gemini-pro-vision is not found for API version v1beta, or is not supported for generateContent. Call ListModels to see the list of available models and their supported methods.
DEBUG: Testing model gemini-1.5-pro-latest...
DEBUG: Model gemini-1.5-pro-latest failed validation: 404 models/gemini-1.5-pro-latest is not found for API version v1beta, or is not supported for generateContent. Call ListModels to see the list of available models and their supported methods.
WARNING: No working Gemini Vision model found. AI features disabled.
DEBUG: Found 10 contours.
Applying heuristics to unknown rooms...
Layout extraction completed. Output: C:\lekshmi\AI_Home_Project\temp_layout_1ee0a6d1aea34987abf7f2544ee350db.json

[2026-02-27 12:25:54.939358] Layout extracted: 3 rooms
[2026-02-27 12:25:54.940628] Running 3D Gen: ['C:\\Users\\user\\AppData\\Local\\Programs\\Python\\Python313\\python.exe', 'C:\\lekshmi\\AI_Home_Project\\layout_to_3d.py', 'C:\\lekshmi\\AI_Home_Project\\temp_layout_1ee0a6d1aea34987abf7f2544ee350db.json', 'C:\\lekshmi\\AI_Home_Project\\temp_layout_3d_1ee0a6d1aea34987abf7f2544ee350db.json']
[2026-02-27 12:25:55.184509] 3D Gen STDOUT: 3D layout generation completed. House size (m): 6.57 x 2.71, Output: C:\lekshmi\AI_Home_Project\temp_layout_3d_1ee0a6d1aea34987abf7f2544ee350db.json

[2026-02-27 12:25:55.195133] 3D layout generated successfully
[2026-02-27 12:25:55.196670] Area Check: Raw=22.39, MinExpected=45, Used=45.00
[2026-02-27 12:25:55.198067] ML Prediction Error: name 'features' is not defined
[2026-02-27 12:25:55.199872] Sending success response
[2026-02-27 12:25:55.204784] Temporary layout files cleaned up.
[2026-02-27 12:26:31.356038] --- START UPLOAD: sample.png ---
[2026-02-27 12:26:31.364451] Saved upload to: C:\lekshmi\AI_Home_Project\uploads\562556665d9b4c3aa7362b1d2eda3994_sample.png
[2026-02-27 12:26:31.366064] Falling back to OpenCV Preprocessing...
[2026-02-27 12:26:31.479852] Preprocessed image (OpenCV) to: C:\lekshmi\AI_Home_Project\processed\562556665d9b4c3aa7362b1d2eda3994_sample.png
[2026-02-27 12:26:31.480886] Layout Path: C:\lekshmi\AI_Home_Project\temp_layout_562556665d9b4c3aa7362b1d2eda3994.json
[2026-02-27 12:26:31.481698] Layout 3D Path: C:\lekshmi\AI_Home_Project\temp_layout_3d_562556665d9b4c3aa7362b1d2eda3994.json
[2026-02-27 12:26:31.482723] Running Extraction: ['C:\\Users\\user\\AppData\\Local\\Programs\\Python\\Python313\\python.exe', 'C:\\lekshmi\\AI_Home_Project\\layout_extraction.py', 'C:\\lekshmi\\AI_Home_Project\\processed\\562556665d9b4c3aa7362b1d2eda3994_sample.png', 'C:\\lekshmi\\AI_Home_Project\\temp_layout_562556665d9b4c3aa7362b1d2eda3994.json', 'C:\\lekshmi\\AI_Home_Project\\uploads\\562556665d9b4c3aa7362b1d2eda3994_sample.png']
[2026-02-27 12:26:37.751715] Extraction STDOUT: DEBUG: Testing model gemini-1.5-flash-latest...
DEBUG: Model gemini-1.5-flash-latest failed validation: 404 models/gemini-1.5-flash-latest is not found for API version v1beta, or is not supported for generateContent. Call ListModels to see the list of available models and their supported methods.
DEBUG: Testing model gemini-1.5-flash...
DEBUG: Model gemini-1.5-flash failed validation: 404 models/gemini-1.5-flash is not found for API version v1beta, or is not supported for generateContent. Call ListModels to see the list of available models and their supported methods.
DEBUG: Testing model gemini-pro-vision...
DEBUG: Model gemini-pro-vision failed validation: 404 models/gemini-pro-vision is not found for API version v1beta, or is not supported for generateContent. Call ListModels to see the list of available models and their supported methods.
DEBUG: Testing model gemini-1.5-pro-latest...
DEBUG: Model gemini-1.5-pro-latest failed validation: 404 models/gemini-1.5-pro-latest is not found for API version v1beta, or is not supported for generateContent. Call ListModels to see the list of available models and their supported methods.
WARNING: No working Gemini Vision model found. AI features disabled.
DEBUG: Found 10 contours.
Applying heuristics to unknown rooms...
Layout extraction completed. Output: C:\lekshmi\AI_Home_Project\temp_layout_562556665d9b4c3aa7362b1d2eda3994.json

[2026-02-27 12:26:37.753283] Layout extracted: 3 rooms
[2026-02-27 12:26:37.754725] Running 3D Gen: ['C:\\Users\\user\\AppData\\Local\\Programs\\Python\\Python313\\python.exe', 'C:\\lekshmi\\AI_Home_Project\\layout_to_3d.py', 'C:\\lekshmi\\AI_Home_Project\\temp_layout_562556665d9b4c3aa7362b1d2eda3994.json', 'C:\\lekshmi\\AI_Home_Project\\temp_layout_3d_562556665d9b4c3aa7362b1d2eda3994.json']
[2026-02-27 12:26:37.842687] 3D Gen STDOUT: 3D layout generation completed. House size (m): 6.57 x 2.71, Output: C:\lekshmi\AI_Home_Project\temp_layout_3d_562556665d9b4c3aa7362b1d2eda3994.json

[2026-02-27 12:26:37.845885] 3D layout generated successfully
[2026-02-27 12:26:37.846655] Area Check: Raw=22.39, MinExpected=45, Used=45.00
[2026-02-27 12:26:37.847364] ML Prediction Error: name 'features' is not defined
[2026-02-27 12:26:37.847857] Sending success response
[2026-02-27 12:26:37.849568] Temporary layout files cleaned up.
[2026-02-27 12:27:10.708245] --- START UPLOAD: sample.png ---
[2026-02-27 12:27:10.711605] Saved upload to: C:\lekshmi\AI_Home_Project\uploads\5b291541f6e34059be7b17fb50a7e27f_sample.png
[2026-02-27 12:27:10.714089] Falling back to OpenCV Preprocessing...
[2026-02-27 12:27:10.818976] Preprocessed image (OpenCV) to: C:\lekshmi\AI_Home_Project\processed\5b291541f6e34059be7b17fb50a7e27f_sample.png
[2026-02-27 12:27:10.820084] Layout Path: C:\lekshmi\AI_Home_Project\temp_layout_5b291541f6e34059be7b17fb50a7e27f.json
[2026-02-27 12:27:10.821078] Layout 3D Path: C:\lekshmi\AI_Home_Project\temp_layout_3d_5b291541f6e34059be7b17fb50a7e27f.json
[2026-02-27 12:27:10.821707] Running Extraction: ['C:\\Users\\user\\AppData\\Local\\Programs\\Python\\Python313\\python.exe', 'C:\\lekshmi\\AI_Home_Project\\layout_extraction.py', 'C:\\lekshmi\\AI_Home_Project\\processed\\5b291541f6e34059be7b17fb50a7e27f_sample.png', 'C:\\lekshmi\\AI_Home_Project\\temp_layout_5b291541f6e34059be7b17fb50a7e27f.json', 'C:\\lekshmi\\AI_Home_Project\\uploads\\5b291541f6e34059be7b17fb50a7e27f_sample.png']
[2026-02-27 12:27:16.881806] Extraction STDOUT: DEBUG: Testing model gemini-1.5-flash-latest...
DEBUG: Model gemini-1.5-flash-latest failed validation: 404 models/gemini-1.5-flash-latest is not found for API version v1beta, or is not supported for generateContent. Call ListModels to see the list of available models and their supported methods.
DEBUG: Testing model gemini-1.5-flash...
DEBUG: Model gemini-1.5-flash failed validation: 404 models/gemini-1.5-flash is not found for API version v1beta, or is not supported for generateContent. Call ListModels to see the list of available models and their supported methods.
DEBUG: Testing model gemini-pro-vision...
DEBUG: Model gemini-pro-vision failed validation: 404 models/gemini-pro-vision is not found for API version v1beta, or is not supported for generateContent. Call ListModels to see the list of available models and their supported methods.
DEBUG: Testing model gemini-1.5-pro-latest...
DEBUG: Model gemini-1.5-pro-latest failed validation: 404 models/gemini-1.5-pro-latest is not found for API version v1beta, or is not supported for generateContent. Call ListModels to see the list of available models and their supported methods.
WARNING: No working Gemini Vision model found. AI features disabled.
DEBUG: Found 10 contours.
Applying heuristics to unknown rooms...
Layout extraction completed. Output: C:\lekshmi\AI_Home_Project\temp_layout_5b291541f6e34059be7b17fb50a7e27f.json

[2026-02-27 12:27:16.883313] Layout extracted: 3 rooms
[2026-02-27 12:27:16.884249] Running 3D Gen: ['C:\\Users\\user\\AppData\\Local\\Programs\\Python\\Python313\\python.exe', 'C:\\lekshmi\\AI_Home_Project\\layout_to_3d.py', 'C:\\lekshmi\\AI_Home_Project\\temp_layout_5b291541f6e34059be7b17fb50a7e27f.json', 'C:\\lekshmi\\AI_Home_Project\\temp_layout_3d_5b291541f6e34059be7b17fb50a7e27f.json']
[2026-02-27 12:27:16.961711] 3D Gen STDOUT: 3D layout generation completed. House size (m): 6.57 x 2.71, Output: C:\lekshmi\AI_Home_Project\temp_layout_3d_5b291541f6e34059be7b17fb50a7e27f.json

[2026-02-27 12:27:16.964874] 3D layout generated successfully
[2026-02-27 12:27:16.966774] Area Check: Raw=22.39, MinExpected=45, Used=45.00
[2026-02-27 12:27:16.968284] ML Prediction Error: name 'features' is not defined
[2026-02-27 12:27:16.969838] Sending success response
[2026-02-27 12:27:16.971978] Temporary layout files cleaned up.
[2026-02-27 12:27:59.192767] --- START UPLOAD: home.png ---
[2026-02-27 12:27:59.197803] Saved upload to: C:\lekshmi\AI_Home_Project\uploads\825c08d250c942248fda0a010dd08da5_home.png
[2026-02-27 12:27:59.200360] Falling back to OpenCV Preprocessing...
[2026-02-27 12:27:59.346371] Preprocessed image (OpenCV) to: C:\lekshmi\AI_Home_Project\processed\825c08d250c942248fda0a010dd08da5_home.png
[2026-02-27 12:27:59.346877] Layout Path: C:\lekshmi\AI_Home_Project\temp_layout_825c08d250c942248fda0a010dd08da5.json
[2026-02-27 12:27:59.347585] Layout 3D Path: C:\lekshmi\AI_Home_Project\temp_layout_3d_825c08d250c942248fda0a010dd08da5.json
[2026-02-27 12:27:59.348953] Running Extraction: ['C:\\Users\\user\\AppData\\Local\\Programs\\Python\\Python313\\python.exe', 'C:\\lekshmi\\AI_Home_Project\\layout_extraction.py', 'C:\\lekshmi\\AI_Home_Project\\processed\\825c08d250c942248fda0a010dd08da5_home.png', 'C:\\lekshmi\\AI_Home_Project\\temp_layout_825c08d250c942248fda0a010dd08da5.json', 'C:\\lekshmi\\AI_Home_Project\\uploads\\825c08d250c942248fda0a010dd08da5_home.png']
[2026-02-27 12:28:05.533943] Extraction STDOUT: DEBUG: Testing model gemini-1.5-flash-latest...
DEBUG: Model gemini-1.5-flash-latest failed validation: 404 models/gemini-1.5-flash-latest is not found for API version v1beta, or is not supported for generateContent. Call ListModels to see the list of available models and their supported methods.
DEBUG: Testing model gemini-1.5-flash...
DEBUG: Model gemini-1.5-flash failed validation: 404 models/gemini-1.5-flash is not found for API version v1beta, or is not supported for generateContent. Call ListModels to see the list of available models and their supported methods.
DEBUG: Testing model gemini-pro-vision...
DEBUG: Model gemini-pro-vision failed validation: 404 models/gemini-pro-vision is not found for API version v1beta, or is not supported for generateContent. Call ListModels to see the list of available models and their supported methods.
DEBUG: Testing model gemini-1.5-pro-latest...
DEBUG: Model gemini-1.5-pro-latest failed validation: 404 models/gemini-1.5-pro-latest is not found for API version v1beta, or is not supported for generateContent. Call ListModels to see the list of available models and their supported methods.
WARNING: No working Gemini Vision model found. AI features disabled.
DEBUG: Found 38 contours.
Applying heuristics to unknown rooms...
Layout extraction completed. Output: C:\lekshmi\AI_Home_Project\temp_layout_825c08d250c942248fda0a010dd08da5.json

[2026-02-27 12:28:05.535259] Layout extracted: 7 rooms
[2026-02-27 12:28:05.536509] Running 3D Gen: ['C:\\Users\\user\\AppData\\Local\\Programs\\Python\\Python313\\python.exe', 'C:\\lekshmi\\AI_Home_Project\\layout_to_3d.py', 'C:\\lekshmi\\AI_Home_Project\\temp_layout_825c08d250c942248fda0a010dd08da5.json', 'C:\\lekshmi\\AI_Home_Project\\temp_layout_3d_825c08d250c942248fda0a010dd08da5.json']
[2026-02-27 12:28:05.616432] 3D Gen STDOUT: 3D layout generation completed. House size (m): 3.85 x 3.94, Output: C:\lekshmi\AI_Home_Project\temp_layout_3d_825c08d250c942248fda0a010dd08da5.json

[2026-02-27 12:28:05.634859] 3D layout generated successfully
[2026-02-27 12:28:05.636445] Area Check: Raw=20.52, MinExpected=105, Used=105.00
[2026-02-27 12:28:05.637302] ML Prediction Error: name 'features' is not defined
[2026-02-27 12:28:05.637813] Sending success response
[2026-02-27 12:28:05.639866] Temporary layout files cleaned up.
[2026-02-27 12:56:05.416321] --- START UPLOAD: home.png ---
[2026-02-27 12:56:05.420497] Saved upload to: C:\lekshmi\AI_Home_Project\uploads\10ee20dadc114056ba35ff18987f83a5_home.png
[2026-02-27 12:56:05.422035] Falling back to OpenCV Preprocessing...
[2026-02-27 12:56:05.537024] Preprocessed image (OpenCV) to: C:\lekshmi\AI_Home_Project\processed\10ee20dadc114056ba35ff18987f83a5_home.png
[2026-02-27 12:56:05.537576] Layout Path: C:\lekshmi\AI_Home_Project\temp_layout_10ee20dadc114056ba35ff18987f83a5.json
[2026-02-27 12:56:05.538783] Layout 3D Path: C:\lekshmi\AI_Home_Project\temp_layout_3d_10ee20dadc114056ba35ff18987f83a5.json
[2026-02-27 12:56:05.539987] Running Extraction: ['C:\\Users\\user\\AppData\\Local\\Programs\\Python\\Python313\\python.exe', 'C:\\lekshmi\\AI_Home_Project\\layout_extraction.py', 'C:\\lekshmi\\AI_Home_Project\\processed\\10ee20dadc114056ba35ff18987f83a5_home.png', 'C:\\lekshmi\\AI_Home_Project\\temp_layout_10ee20dadc114056ba35ff18987f83a5.json', 'C:\\lekshmi\\AI_Home_Project\\uploads\\10ee20dadc114056ba35ff18987f83a5_home.png']
[2026-02-27 12:56:58.573828] Extraction FAILED: C:\lekshmi\AI_Home_Project\layout_extraction.py:7: FutureWarning: 

All support for the `google.generativeai` package has ended. It will no longer be receiving 
updates or bug fixes. Please switch to the `google.genai` package as soon as possible.
See README for more details:

https://github.com/google-gemini/deprecated-generative-ai-python/blob/main/README.md

  import google.generativeai as genai
WARNING: All log messages before absl::InitializeLog() is called are written to STDERR
E0000 00:00:1772177167.759838    8004 alts_credentials.cc:93] ALTS creds ignored. Not running on GCP and untrusted ALTS is not enabled.
Traceback (most recent call last):
  File "C:\Users\user\AppData\Local\Programs\Python\Python313\Lib\site-packages\google\api_core\grpc_helpers.py", line 75, in error_remapped_callable
    return callable_(*args, **kwargs)
  File "C:\Users\user\AppData\Local\Programs\Python\Python313\Lib\site-packages\grpc\_interceptor.py", line 277, in __call__
    response, ignored_call = self._with_call(
                             ~~~~~~~~~~~~~~~^
        request,
        ^^^^^^^^
    ...<4 lines>...
        compression=compression,
        ^^^^^^^^^^^^^^^^^^^^^^^^
    )
    ^
  File "C:\Users\user\AppData\Local\Programs\Python\Python313\Lib\site-packages\grpc\_interceptor.py", line 332, in _with_call
    return call.result(), call
           ~~~~~~~~~~~^^
  File "C:\Users\user\AppData\Local\Programs\Python\Python313\Lib\site-packages\grpc\_channel.py", line 440, in result
    raise self
  File "C:\Users\user\AppData\Local\Programs\Python\Python313\Lib\site-packages\grpc\_interceptor.py", line 315, in continuation
    response, call = self._thunk(new_method).with_call(
                     ~~~~~~~~~~~~~~~~~~~~~~~~~~~~~~~~~^
        request,
        ^^^^^^^^
    ...<4 lines>...
        compression=new_compression,
        ^^^^^^^^^^^^^^^^^^^^^^^^^^^^
    )
    ^
  File "C:\Users\user\AppData\Local\Programs\Python\Python313\Lib\site-packages\grpc\_channel.py", line 1195, in with_call
    return _end_unary_response_blocking(state, call, True, None)
  File "C:\Users\user\AppData\Local\Programs\Python\Python313\Lib\site-packages\grpc\_channel.py", line 1009, in _end_unary_response_blocking
    raise _InactiveRpcError(state)  # pytype: disable=not-instantiable
    ^^^^^^^^^^^^^^^^^^^^^^^^^^^^^^
grpc._channel._InactiveRpcError: <_InactiveRpcError of RPC that terminated with:
	status = StatusCode.UNAVAILABLE
	details = "failed to connect to all addresses; last error: UNAVAILABLE: ipv4:216.239.36.223:443: End of TCP stream"
	debug_error_string = "UNKNOWN:Error received from peer  {grpc_message:"failed to connect to all addresses; last error: UNAVAILABLE: ipv4:216.239.36.223:443: End of TCP stream", grpc_status:14}"
>

The above exception was the direct cause of the following exception:

Traceback (most recent call last):
  File "C:\Users\user\AppData\Local\Programs\Python\Python313\Lib\site-packages\google\api_core\retry\retry_unary.py", line 147, in retry_target
    result = target()
  File "C:\Users\user\AppData\Local\Programs\Python\Python313\Lib\site-packages\google\api_core\timeout.py", line 130, in func_with_timeout
    return func(*args, **kwargs)
  File "C:\Users\user\AppData\Local\Programs\Python\Python313\Lib\site-packages\google\api_core\grpc_helpers.py", line 77, in error_remapped_callable
    raise exceptions.from_grpc_error(exc) from exc
google.api_core.exceptions.ServiceUnavailable: 503 failed to connect to all addresses; last error: UNAVAILABLE: ipv4:216.239.36.223:443: End of TCP stream

During handling of the above exception, another exception occurred:

Traceback (most recent call last):
  File "C:\lekshmi\AI_Home_Project\layout_extraction.py", line 34, in <module>
    test_model.generate_content("Hello")
    ~~~~~~~~~~~~~~~~~~~~~~~~~~~^^^^^^^^^
  File "C:\Users\user\AppData\Local\Programs\Python\Python313\Lib\site-packages\google\generativeai\generative_models.py", line 331, in generate_content
    response = self._client.generate_content(
        request,
        **request_options,
    )
  File "C:\Users\user\AppData\Local\Programs\Python\Python313\Lib\site-packages\google\ai\generativelanguage_v1beta\services\generative_service\client.py", line 835, in generate_content
    response = rpc(
        request,
    ...<2 lines>...
        metadata=metadata,
    )
  File "C:\Users\user\AppData\Local\Programs\Python\Python313\Lib\site-packages\google\api_core\gapic_v1\method.py", line 131, in __call__
    return wrapped_func(*args, **kwargs)
  File "C:\Users\user\AppData\Local\Programs\Python\Python313\Lib\site-packages\google\api_core\retry\retry_unary.py", line 294, in retry_wrapped_func
    return retry_target(
        target,
    ...<3 lines>...
        on_error=on_error,
    )
  File "C:\Users\user\AppData\Local\Programs\Python\Python313\Lib\site-packages\google\api_core\retry\retry_unary.py", line 167, in retry_target
    time.sleep(next_sleep)
    ~~~~~~~~~~^^^^^^^^^^^^
KeyboardInterrupt

[2026-02-27 12:56:58.575637] EXCEPTION: Failed to process image: Layout extraction failed: C:\lekshmi\AI_Home_Project\layout_extraction.py:7: FutureWarning: 

All support for the `google.generativeai` package has ended. It will no longer be receiving 
updates or bug fixes. Please switch to the `google.genai` package as soon as possible.
See README for more details:

https://github.com/google-gemini/deprecated-generative-ai-python/blob/main/README.md

  import google.generativeai as genai
WARNING: All log messages before absl::InitializeLog() is called are written to STDERR
E0000 00:00:1772177167.759838    8004 alts_credentials.cc:93] ALTS creds ignored. Not running on GCP and untrusted ALTS is not enabled.
Traceback (most recent call last):
  File "C:\Users\user\AppData\Local\Programs\Python\Python313\Lib\site-packages\google\api_core\grpc_helpers.py", line 75, in error_remapped_callable
    return callable_(*args, **kwargs)
  File "C:\Users\user\AppData\Local\Programs\Python\Python313\Lib\site-packages\grpc\_interceptor.py", line 277, in __call__
    response, ignored_call = self._with_call(
                             ~~~~~~~~~~~~~~~^
        request,
        ^^^^^^^^
    ...<4 lines>...
        compression=compression,
        ^^^^^^^^^^^^^^^^^^^^^^^^
    )
    ^
  File "C:\Users\user\AppData\Local\Programs\Python\Python313\Lib\site-packages\grpc\_interceptor.py", line 332, in _with_call
    return call.result(), call
           ~~~~~~~~~~~^^
  File "C:\Users\user\AppData\Local\Programs\Python\Python313\Lib\site-packages\grpc\_channel.py", line 440, in result
    raise self
  File "C:\Users\user\AppData\Local\Programs\Python\Python313\Lib\site-packages\grpc\_interceptor.py", line 315, in continuation
    response, call = self._thunk(new_method).with_call(
                     ~~~~~~~~~~~~~~~~~~~~~~~~~~~~~~~~~^
        request,
        ^^^^^^^^
    ...<4 lines>...
        compression=new_compression,
        ^^^^^^^^^^^^^^^^^^^^^^^^^^^^
    )
    ^
  File "C:\Users\user\AppData\Local\Programs\Python\Python313\Lib\site-packages\grpc\_channel.py", line 1195, in with_call
    return _end_unary_response_blocking(state, call, True, None)
  File "C:\Users\user\AppData\Local\Programs\Python\Python313\Lib\site-packages\grpc\_channel.py", line 1009, in _end_unary_response_blocking
    raise _InactiveRpcError(state)  # pytype: disable=not-instantiable
    ^^^^^^^^^^^^^^^^^^^^^^^^^^^^^^
grpc._channel._InactiveRpcError: <_InactiveRpcError of RPC that terminated with:
	status = StatusCode.UNAVAILABLE
	details = "failed to connect to all addresses; last error: UNAVAILABLE: ipv4:216.239.36.223:443: End of TCP stream"
	debug_error_string = "UNKNOWN:Error received from peer  {grpc_message:"failed to connect to all addresses; last error: UNAVAILABLE: ipv4:216.239.36.223:443: End of TCP stream", grpc_status:14}"
>

The above exception was the direct cause of the following exception:

Traceback (most recent call last):
  File "C:\Users\user\AppData\Local\Programs\Python\Python313\Lib\site-packages\google\api_core\retry\retry_unary.py", line 147, in retry_target
    result = target()
  File "C:\Users\user\AppData\Local\Programs\Python\Python313\Lib\site-packages\google\api_core\timeout.py", line 130, in func_with_timeout
    return func(*args, **kwargs)
  File "C:\Users\user\AppData\Local\Programs\Python\Python313\Lib\site-packages\google\api_core\grpc_helpers.py", line 77, in error_remapped_callable
    raise exceptions.from_grpc_error(exc) from exc
google.api_core.exceptions.ServiceUnavailable: 503 failed to connect to all addresses; last error: UNAVAILABLE: ipv4:216.239.36.223:443: End of TCP stream

During handling of the above exception, another exception occurred:

Traceback (most recent call last):
  File "C:\lekshmi\AI_Home_Project\layout_extraction.py", line 34, in <module>
    test_model.generate_content("Hello")
    ~~~~~~~~~~~~~~~~~~~~~~~~~~~^^^^^^^^^
  File "C:\Users\user\AppData\Local\Programs\Python\Python313\Lib\site-packages\google\generativeai\generative_models.py", line 331, in generate_content
    response = self._client.generate_content(
        request,
        **request_options,
    )
  File "C:\Users\user\AppData\Local\Programs\Python\Python313\Lib\site-packages\google\ai\generativelanguage_v1beta\services\generative_service\client.py", line 835, in generate_content
    response = rpc(
        request,
    ...<2 lines>...
        metadata=metadata,
    )
  File "C:\Users\user\AppData\Local\Programs\Python\Python313\Lib\site-packages\google\api_core\gapic_v1\method.py", line 131, in __call__
    return wrapped_func(*args, **kwargs)
  File "C:\Users\user\AppData\Local\Programs\Python\Python313\Lib\site-packages\google\api_core\retry\retry_unary.py", line 294, in retry_wrapped_func
    return retry_target(
        target,
    ...<3 lines>...
        on_error=on_error,
    )
  File "C:\Users\user\AppData\Local\Programs\Python\Python313\Lib\site-packages\google\api_core\retry\retry_unary.py", line 167, in retry_target
    time.sleep(next_sleep)
    ~~~~~~~~~~^^^^^^^^^^^^
KeyboardInterrupt

[2026-02-27 12:56:58.576512] Traceback (most recent call last):
  File "C:\lekshmi\AI_Home_Project\backend\main.py", line 288, in upload_sketch
    raise Exception(f"Layout extraction failed: {result.stderr}")
Exception: Layout extraction failed: C:\lekshmi\AI_Home_Project\layout_extraction.py:7: FutureWarning: 

All support for the `google.generativeai` package has ended. It will no longer be receiving 
updates or bug fixes. Please switch to the `google.genai` package as soon as possible.
See README for more details:

https://github.com/google-gemini/deprecated-generative-ai-python/blob/main/README.md

  import google.generativeai as genai
WARNING: All log messages before absl::InitializeLog() is called are written to STDERR
E0000 00:00:1772177167.759838    8004 alts_credentials.cc:93] ALTS creds ignored. Not running on GCP and untrusted ALTS is not enabled.
Traceback (most recent call last):
  File "C:\Users\user\AppData\Local\Programs\Python\Python313\Lib\site-packages\google\api_core\grpc_helpers.py", line 75, in error_remapped_callable
    return callable_(*args, **kwargs)
  File "C:\Users\user\AppData\Local\Programs\Python\Python313\Lib\site-packages\grpc\_interceptor.py", line 277, in __call__
    response, ignored_call = self._with_call(
                             ~~~~~~~~~~~~~~~^
        request,
        ^^^^^^^^
    ...<4 lines>...
        compression=compression,
        ^^^^^^^^^^^^^^^^^^^^^^^^
    )
    ^
  File "C:\Users\user\AppData\Local\Programs\Python\Python313\Lib\site-packages\grpc\_interceptor.py", line 332, in _with_call
    return call.result(), call
           ~~~~~~~~~~~^^
  File "C:\Users\user\AppData\Local\Programs\Python\Python313\Lib\site-packages\grpc\_channel.py", line 440, in result
    raise self
  File "C:\Users\user\AppData\Local\Programs\Python\Python313\Lib\site-packages\grpc\_interceptor.py", line 315, in continuation
    response, call = self._thunk(new_method).with_call(
                     ~~~~~~~~~~~~~~~~~~~~~~~~~~~~~~~~~^
        request,
        ^^^^^^^^
    ...<4 lines>...
        compression=new_compression,
        ^^^^^^^^^^^^^^^^^^^^^^^^^^^^
    )
    ^
  File "C:\Users\user\AppData\Local\Programs\Python\Python313\Lib\site-packages\grpc\_channel.py", line 1195, in with_call
    return _end_unary_response_blocking(state, call, True, None)
  File "C:\Users\user\AppData\Local\Programs\Python\Python313\Lib\site-packages\grpc\_channel.py", line 1009, in _end_unary_response_blocking
    raise _InactiveRpcError(state)  # pytype: disable=not-instantiable
    ^^^^^^^^^^^^^^^^^^^^^^^^^^^^^^
grpc._channel._InactiveRpcError: <_InactiveRpcError of RPC that terminated with:
	status = StatusCode.UNAVAILABLE
	details = "failed to connect to all addresses; last error: UNAVAILABLE: ipv4:216.239.36.223:443: End of TCP stream"
	debug_error_string = "UNKNOWN:Error received from peer  {grpc_message:"failed to connect to all addresses; last error: UNAVAILABLE: ipv4:216.239.36.223:443: End of TCP stream", grpc_status:14}"
>

The above exception was the direct cause of the following exception:

Traceback (most recent call last):
  File "C:\Users\user\AppData\Local\Programs\Python\Python313\Lib\site-packages\google\api_core\retry\retry_unary.py", line 147, in retry_target
    result = target()
  File "C:\Users\user\AppData\Local\Programs\Python\Python313\Lib\site-packages\google\api_core\timeout.py", line 130, in func_with_timeout
    return func(*args, **kwargs)
  File "C:\Users\user\AppData\Local\Programs\Python\Python313\Lib\site-packages\google\api_core\grpc_helpers.py", line 77, in error_remapped_callable
    raise exceptions.from_grpc_error(exc) from exc
google.api_core.exceptions.ServiceUnavailable: 503 failed to connect to all addresses; last error: UNAVAILABLE: ipv4:216.239.36.223:443: End of TCP stream

During handling of the above exception, another exception occurred:

Traceback (most recent call last):
  File "C:\lekshmi\AI_Home_Project\layout_extraction.py", line 34, in <module>
    test_model.generate_content("Hello")
    ~~~~~~~~~~~~~~~~~~~~~~~~~~~^^^^^^^^^
  File "C:\Users\user\AppData\Local\Programs\Python\Python313\Lib\site-packages\google\generativeai\generative_models.py", line 331, in generate_content
    response = self._client.generate_content(
        request,
        **request_options,
    )
  File "C:\Users\user\AppData\Local\Programs\Python\Python313\Lib\site-packages\google\ai\generativelanguage_v1beta\services\generative_service\client.py", line 835, in generate_content
    response = rpc(
        request,
    ...<2 lines>...
        metadata=metadata,
    )
  File "C:\Users\user\AppData\Local\Programs\Python\Python313\Lib\site-packages\google\api_core\gapic_v1\method.py", line 131, in __call__
    return wrapped_func(*args, **kwargs)
  File "C:\Users\user\AppData\Local\Programs\Python\Python313\Lib\site-packages\google\api_core\retry\retry_unary.py", line 294, in retry_wrapped_func
    return retry_target(
        target,
    ...<3 lines>...
        on_error=on_error,
    )
  File "C:\Users\user\AppData\Local\Programs\Python\Python313\Lib\site-packages\google\api_core\retry\retry_unary.py", line 167, in retry_target
    time.sleep(next_sleep)
    ~~~~~~~~~~^^^^^^^^^^^^
KeyboardInterrupt


[2026-02-27 12:56:58.576868] Temporary layout files cleaned up.
[2026-02-27 12:56:58.581578] --- START UPLOAD: home.png ---
[2026-02-27 12:56:58.582742] Saved upload to: C:\lekshmi\AI_Home_Project\uploads\311f0bb28c0f4e38a8ae9767f534da21_home.png
[2026-02-27 12:56:58.583297] Falling back to OpenCV Preprocessing...
[2026-02-27 12:56:58.633264] Preprocessed image (OpenCV) to: C:\lekshmi\AI_Home_Project\processed\311f0bb28c0f4e38a8ae9767f534da21_home.png
[2026-02-27 12:56:58.633569] Layout Path: C:\lekshmi\AI_Home_Project\temp_layout_311f0bb28c0f4e38a8ae9767f534da21.json
[2026-02-27 12:56:58.633751] Layout 3D Path: C:\lekshmi\AI_Home_Project\temp_layout_3d_311f0bb28c0f4e38a8ae9767f534da21.json
[2026-02-27 12:56:58.633932] Running Extraction: ['C:\\Users\\user\\AppData\\Local\\Programs\\Python\\Python313\\python.exe', 'C:\\lekshmi\\AI_Home_Project\\layout_extraction.py', 'C:\\lekshmi\\AI_Home_Project\\processed\\311f0bb28c0f4e38a8ae9767f534da21_home.png', 'C:\\lekshmi\\AI_Home_Project\\temp_layout_311f0bb28c0f4e38a8ae9767f534da21.json', 'C:\\lekshmi\\AI_Home_Project\\uploads\\311f0bb28c0f4e38a8ae9767f534da21_home.png']
[2026-02-27 12:57:03.707138] Extraction FAILED: C:\lekshmi\AI_Home_Project\layout_extraction.py:7: FutureWarning: 

All support for the `google.generativeai` package has ended. It will no longer be receiving 
updates or bug fixes. Please switch to the `google.genai` package as soon as possible.
See README for more details:

https://github.com/google-gemini/deprecated-generative-ai-python/blob/main/README.md

  import google.generativeai as genai
WARNING: All log messages before absl::InitializeLog() is called are written to STDERR
E0000 00:00:1772177220.965373   19396 alts_credentials.cc:93] ALTS creds ignored. Not running on GCP and untrusted ALTS is not enabled.
Traceback (most recent call last):
  File "C:\lekshmi\AI_Home_Project\layout_extraction.py", line 34, in <module>
    test_model.generate_content("Hello")
    ~~~~~~~~~~~~~~~~~~~~~~~~~~~^^^^^^^^^
  File "C:\Users\user\AppData\Local\Programs\Python\Python313\Lib\site-packages\google\generativeai\generative_models.py", line 331, in generate_content
    response = self._client.generate_content(
        request,
        **request_options,
    )
  File "C:\Users\user\AppData\Local\Programs\Python\Python313\Lib\site-packages\google\ai\generativelanguage_v1beta\services\generative_service\client.py", line 835, in generate_content
    response = rpc(
        request,
    ...<2 lines>...
        metadata=metadata,
    )
  File "C:\Users\user\AppData\Local\Programs\Python\Python313\Lib\site-packages\google\api_core\gapic_v1\method.py", line 131, in __call__
    return wrapped_func(*args, **kwargs)
  File "C:\Users\user\AppData\Local\Programs\Python\Python313\Lib\site-packages\google\api_core\retry\retry_unary.py", line 294, in retry_wrapped_func
    return retry_target(
        target,
    ...<3 lines>...
        on_error=on_error,
    )
  File "C:\Users\user\AppData\Local\Programs\Python\Python313\Lib\site-packages\google\api_core\retry\retry_unary.py", line 147, in retry_target
    result = target()
  File "C:\Users\user\AppData\Local\Programs\Python\Python313\Lib\site-packages\google\api_core\timeout.py", line 130, in func_with_timeout
    return func(*args, **kwargs)
  File "C:\Users\user\AppData\Local\Programs\Python\Python313\Lib\site-packages\google\api_core\grpc_helpers.py", line 75, in error_remapped_callable
    return callable_(*args, **kwargs)
  File "C:\Users\user\AppData\Local\Programs\Python\Python313\Lib\site-packages\grpc\_interceptor.py", line 277, in __call__
    response, ignored_call = self._with_call(
                             ~~~~~~~~~~~~~~~^
        request,
        ^^^^^^^^
    ...<4 lines>...
        compression=compression,
        ^^^^^^^^^^^^^^^^^^^^^^^^
    )
    ^
  File "C:\Users\user\AppData\Local\Programs\Python\Python313\Lib\site-packages\grpc\_interceptor.py", line 329, in _with_call
    call = self._interceptor.intercept_unary_unary(
        continuation, client_call_details, request
    )
  File "C:\Users\user\AppData\Local\Programs\Python\Python313\Lib\site-packages\google\ai\generativelanguage_v1beta\services\generative_service\transports\grpc.py", line 79, in intercept_unary_unary
    response = continuation(client_call_details, request)
  File "C:\Users\user\AppData\Local\Programs\Python\Python313\Lib\site-packages\grpc\_interceptor.py", line 315, in continuation
    response, call = self._thunk(new_method).with_call(
                     ~~~~~~~~~~~~~~~~~~~~~~~~~~~~~~~~~^
        request,
        ^^^^^^^^
    ...<4 lines>...
        compression=new_compression,
        ^^^^^^^^^^^^^^^^^^^^^^^^^^^^
    )
    ^
  File "C:\Users\user\AppData\Local\Programs\Python\Python313\Lib\site-packages\grpc\_channel.py", line 1192, in with_call
    state, call = self._blocking(
                  ~~~~~~~~~~~~~~^
        request, timeout, metadata, credentials, wait_for_ready, compression
        ^^^^^^^^^^^^^^^^^^^^^^^^^^^^^^^^^^^^^^^^^^^^^^^^^^^^^^^^^^^^^^^^^^^^
    )
    ^
  File "C:\Users\user\AppData\Local\Programs\Python\Python313\Lib\site-packages\grpc\_channel.py", line 1165, in _blocking
    event = call.next_event()
  File "src/python/grpcio/grpc/_cython/_cygrpc/channel.pyx.pxi", line 388, in grpc._cython.cygrpc.SegregatedCall.next_event
  File "src/python/grpcio/grpc/_cython/_cygrpc/channel.pyx.pxi", line 211, in grpc._cython.cygrpc._next_call_event
  File "src/python/grpcio/grpc/_cython/_cygrpc/channel.pyx.pxi", line 205, in grpc._cython.cygrpc._next_call_event
  File "src/python/grpcio/grpc/_cython/_cygrpc/completion_queue.pyx.pxi", line 97, in grpc._cython.cygrpc._latent_event
  File "src/python/grpcio/grpc/_cython/_cygrpc/completion_queue.pyx.pxi", line 81, in grpc._cython.cygrpc._internal_latent_event
  File "src/python/grpcio/grpc/_cython/_cygrpc/completion_queue.pyx.pxi", line 77, in grpc._cython.cygrpc._interpret_event
  File "src/python/grpcio/grpc/_cython/_cygrpc/tag.pyx.pxi", line 71, in grpc._cython.cygrpc._BatchOperationTag.event
  File "src/python/grpcio/grpc/_cython/_cygrpc/operation.pyx.pxi", line 138, in grpc._cython.cygrpc.ReceiveInitialMetadataOperation.un_c
  File "src/python/grpcio/grpc/_cython/_cygrpc/metadata.pyx.pxi", line 69, in grpc._cython.cygrpc._metadata
  File "src/python/grpcio/grpc/_cython/_cygrpc/metadata.pyx.pxi", line 70, in genexpr
  File "src/python/grpcio/grpc/_cython/_cygrpc/metadata.pyx.pxi", line 64, in grpc._cython.cygrpc._metadatum
  File "<string>", line 1, in <lambda>
KeyboardInterrupt

[2026-02-27 12:57:03.708752] EXCEPTION: Failed to process image: Layout extraction failed: C:\lekshmi\AI_Home_Project\layout_extraction.py:7: FutureWarning: 

All support for the `google.generativeai` package has ended. It will no longer be receiving 
updates or bug fixes. Please switch to the `google.genai` package as soon as possible.
See README for more details:

https://github.com/google-gemini/deprecated-generative-ai-python/blob/main/README.md

  import google.generativeai as genai
WARNING: All log messages before absl::InitializeLog() is called are written to STDERR
E0000 00:00:1772177220.965373   19396 alts_credentials.cc:93] ALTS creds ignored. Not running on GCP and untrusted ALTS is not enabled.
Traceback (most recent call last):
  File "C:\lekshmi\AI_Home_Project\layout_extraction.py", line 34, in <module>
    test_model.generate_content("Hello")
    ~~~~~~~~~~~~~~~~~~~~~~~~~~~^^^^^^^^^
  File "C:\Users\user\AppData\Local\Programs\Python\Python313\Lib\site-packages\google\generativeai\generative_models.py", line 331, in generate_content
    response = self._client.generate_content(
        request,
        **request_options,
    )
  File "C:\Users\user\AppData\Local\Programs\Python\Python313\Lib\site-packages\google\ai\generativelanguage_v1beta\services\generative_service\client.py", line 835, in generate_content
    response = rpc(
        request,
    ...<2 lines>...
        metadata=metadata,
    )
  File "C:\Users\user\AppData\Local\Programs\Python\Python313\Lib\site-packages\google\api_core\gapic_v1\method.py", line 131, in __call__
    return wrapped_func(*args, **kwargs)
  File "C:\Users\user\AppData\Local\Programs\Python\Python313\Lib\site-packages\google\api_core\retry\retry_unary.py", line 294, in retry_wrapped_func
    return retry_target(
        target,
    ...<3 lines>...
        on_error=on_error,
    )
  File "C:\Users\user\AppData\Local\Programs\Python\Python313\Lib\site-packages\google\api_core\retry\retry_unary.py", line 147, in retry_target
    result = target()
  File "C:\Users\user\AppData\Local\Programs\Python\Python313\Lib\site-packages\google\api_core\timeout.py", line 130, in func_with_timeout
    return func(*args, **kwargs)
  File "C:\Users\user\AppData\Local\Programs\Python\Python313\Lib\site-packages\google\api_core\grpc_helpers.py", line 75, in error_remapped_callable
    return callable_(*args, **kwargs)
  File "C:\Users\user\AppData\Local\Programs\Python\Python313\Lib\site-packages\grpc\_interceptor.py", line 277, in __call__
    response, ignored_call = self._with_call(
                             ~~~~~~~~~~~~~~~^
        request,
        ^^^^^^^^
    ...<4 lines>...
        compression=compression,
        ^^^^^^^^^^^^^^^^^^^^^^^^
    )
    ^
  File "C:\Users\user\AppData\Local\Programs\Python\Python313\Lib\site-packages\grpc\_interceptor.py", line 329, in _with_call
    call = self._interceptor.intercept_unary_unary(
        continuation, client_call_details, request
    )
  File "C:\Users\user\AppData\Local\Programs\Python\Python313\Lib\site-packages\google\ai\generativelanguage_v1beta\services\generative_service\transports\grpc.py", line 79, in intercept_unary_unary
    response = continuation(client_call_details, request)
  File "C:\Users\user\AppData\Local\Programs\Python\Python313\Lib\site-packages\grpc\_interceptor.py", line 315, in continuation
    response, call = self._thunk(new_method).with_call(
                     ~~~~~~~~~~~~~~~~~~~~~~~~~~~~~~~~~^
        request,
        ^^^^^^^^
    ...<4 lines>...
        compression=new_compression,
        ^^^^^^^^^^^^^^^^^^^^^^^^^^^^
    )
    ^
  File "C:\Users\user\AppData\Local\Programs\Python\Python313\Lib\site-packages\grpc\_channel.py", line 1192, in with_call
    state, call = self._blocking(
                  ~~~~~~~~~~~~~~^
        request, timeout, metadata, credentials, wait_for_ready, compression
        ^^^^^^^^^^^^^^^^^^^^^^^^^^^^^^^^^^^^^^^^^^^^^^^^^^^^^^^^^^^^^^^^^^^^
    )
    ^
  File "C:\Users\user\AppData\Local\Programs\Python\Python313\Lib\site-packages\grpc\_channel.py", line 1165, in _blocking
    event = call.next_event()
  File "src/python/grpcio/grpc/_cython/_cygrpc/channel.pyx.pxi", line 388, in grpc._cython.cygrpc.SegregatedCall.next_event
  File "src/python/grpcio/grpc/_cython/_cygrpc/channel.pyx.pxi", line 211, in grpc._cython.cygrpc._next_call_event
  File "src/python/grpcio/grpc/_cython/_cygrpc/channel.pyx.pxi", line 205, in grpc._cython.cygrpc._next_call_event
  File "src/python/grpcio/grpc/_cython/_cygrpc/completion_queue.pyx.pxi", line 97, in grpc._cython.cygrpc._latent_event
  File "src/python/grpcio/grpc/_cython/_cygrpc/completion_queue.pyx.pxi", line 81, in grpc._cython.cygrpc._internal_latent_event
  File "src/python/grpcio/grpc/_cython/_cygrpc/completion_queue.pyx.pxi", line 77, in grpc._cython.cygrpc._interpret_event
  File "src/python/grpcio/grpc/_cython/_cygrpc/tag.pyx.pxi", line 71, in grpc._cython.cygrpc._BatchOperationTag.event
  File "src/python/grpcio/grpc/_cython/_cygrpc/operation.pyx.pxi", line 138, in grpc._cython.cygrpc.ReceiveInitialMetadataOperation.un_c
  File "src/python/grpcio/grpc/_cython/_cygrpc/metadata.pyx.pxi", line 69, in grpc._cython.cygrpc._metadata
  File "src/python/grpcio/grpc/_cython/_cygrpc/metadata.pyx.pxi", line 70, in genexpr
  File "src/python/grpcio/grpc/_cython/_cygrpc/metadata.pyx.pxi", line 64, in grpc._cython.cygrpc._metadatum
  File "<string>", line 1, in <lambda>
KeyboardInterrupt

[2026-02-27 12:57:03.710019] Traceback (most recent call last):
  File "C:\lekshmi\AI_Home_Project\backend\main.py", line 288, in upload_sketch
    raise Exception(f"Layout extraction failed: {result.stderr}")
Exception: Layout extraction failed: C:\lekshmi\AI_Home_Project\layout_extraction.py:7: FutureWarning: 

All support for the `google.generativeai` package has ended. It will no longer be receiving 
updates or bug fixes. Please switch to the `google.genai` package as soon as possible.
See README for more details:

https://github.com/google-gemini/deprecated-generative-ai-python/blob/main/README.md

  import google.generativeai as genai
WARNING: All log messages before absl::InitializeLog() is called are written to STDERR
E0000 00:00:1772177220.965373   19396 alts_credentials.cc:93] ALTS creds ignored. Not running on GCP and untrusted ALTS is not enabled.
Traceback (most recent call last):
  File "C:\lekshmi\AI_Home_Project\layout_extraction.py", line 34, in <module>
    test_model.generate_content("Hello")
    ~~~~~~~~~~~~~~~~~~~~~~~~~~~^^^^^^^^^
  File "C:\Users\user\AppData\Local\Programs\Python\Python313\Lib\site-packages\google\generativeai\generative_models.py", line 331, in generate_content
    response = self._client.generate_content(
        request,
        **request_options,
    )
  File "C:\Users\user\AppData\Local\Programs\Python\Python313\Lib\site-packages\google\ai\generativelanguage_v1beta\services\generative_service\client.py", line 835, in generate_content
    response = rpc(
        request,
    ...<2 lines>...
        metadata=metadata,
    )
  File "C:\Users\user\AppData\Local\Programs\Python\Python313\Lib\site-packages\google\api_core\gapic_v1\method.py", line 131, in __call__
    return wrapped_func(*args, **kwargs)
  File "C:\Users\user\AppData\Local\Programs\Python\Python313\Lib\site-packages\google\api_core\retry\retry_unary.py", line 294, in retry_wrapped_func
    return retry_target(
        target,
    ...<3 lines>...
        on_error=on_error,
    )
  File "C:\Users\user\AppData\Local\Programs\Python\Python313\Lib\site-packages\google\api_core\retry\retry_unary.py", line 147, in retry_target
    result = target()
  File "C:\Users\user\AppData\Local\Programs\Python\Python313\Lib\site-packages\google\api_core\timeout.py", line 130, in func_with_timeout
    return func(*args, **kwargs)
  File "C:\Users\user\AppData\Local\Programs\Python\Python313\Lib\site-packages\google\api_core\grpc_helpers.py", line 75, in error_remapped_callable
    return callable_(*args, **kwargs)
  File "C:\Users\user\AppData\Local\Programs\Python\Python313\Lib\site-packages\grpc\_interceptor.py", line 277, in __call__
    response, ignored_call = self._with_call(
                             ~~~~~~~~~~~~~~~^
        request,
        ^^^^^^^^
    ...<4 lines>...
        compression=compression,
        ^^^^^^^^^^^^^^^^^^^^^^^^
    )
    ^
  File "C:\Users\user\AppData\Local\Programs\Python\Python313\Lib\site-packages\grpc\_interceptor.py", line 329, in _with_call
    call = self._interceptor.intercept_unary_unary(
        continuation, client_call_details, request
    )
  File "C:\Users\user\AppData\Local\Programs\Python\Python313\Lib\site-packages\google\ai\generativelanguage_v1beta\services\generative_service\transports\grpc.py", line 79, in intercept_unary_unary
    response = continuation(client_call_details, request)
  File "C:\Users\user\AppData\Local\Programs\Python\Python313\Lib\site-packages\grpc\_interceptor.py", line 315, in continuation
    response, call = self._thunk(new_method).with_call(
                     ~~~~~~~~~~~~~~~~~~~~~~~~~~~~~~~~~^
        request,
        ^^^^^^^^
    ...<4 lines>...
        compression=new_compression,
        ^^^^^^^^^^^^^^^^^^^^^^^^^^^^
    )
    ^
  File "C:\Users\user\AppData\Local\Programs\Python\Python313\Lib\site-packages\grpc\_channel.py", line 1192, in with_call
    state, call = self._blocking(
                  ~~~~~~~~~~~~~~^
        request, timeout, metadata, credentials, wait_for_ready, compression
        ^^^^^^^^^^^^^^^^^^^^^^^^^^^^^^^^^^^^^^^^^^^^^^^^^^^^^^^^^^^^^^^^^^^^
    )
    ^
  File "C:\Users\user\AppData\Local\Programs\Python\Python313\Lib\site-packages\grpc\_channel.py", line 1165, in _blocking
    event = call.next_event()
  File "src/python/grpcio/grpc/_cython/_cygrpc/channel.pyx.pxi", line 388, in grpc._cython.cygrpc.SegregatedCall.next_event
  File "src/python/grpcio/grpc/_cython/_cygrpc/channel.pyx.pxi", line 211, in grpc._cython.cygrpc._next_call_event
  File "src/python/grpcio/grpc/_cython/_cygrpc/channel.pyx.pxi", line 205, in grpc._cython.cygrpc._next_call_event
  File "src/python/grpcio/grpc/_cython/_cygrpc/completion_queue.pyx.pxi", line 97, in grpc._cython.cygrpc._latent_event
  File "src/python/grpcio/grpc/_cython/_cygrpc/completion_queue.pyx.pxi", line 81, in grpc._cython.cygrpc._internal_latent_event
  File "src/python/grpcio/grpc/_cython/_cygrpc/completion_queue.pyx.pxi", line 77, in grpc._cython.cygrpc._interpret_event
  File "src/python/grpcio/grpc/_cython/_cygrpc/tag.pyx.pxi", line 71, in grpc._cython.cygrpc._BatchOperationTag.event
  File "src/python/grpcio/grpc/_cython/_cygrpc/operation.pyx.pxi", line 138, in grpc._cython.cygrpc.ReceiveInitialMetadataOperation.un_c
  File "src/python/grpcio/grpc/_cython/_cygrpc/metadata.pyx.pxi", line 69, in grpc._cython.cygrpc._metadata
  File "src/python/grpcio/grpc/_cython/_cygrpc/metadata.pyx.pxi", line 70, in genexpr
  File "src/python/grpcio/grpc/_cython/_cygrpc/metadata.pyx.pxi", line 64, in grpc._cython.cygrpc._metadatum
  File "<string>", line 1, in <lambda>
KeyboardInterrupt


[2026-02-27 12:57:03.711035] Temporary layout files cleaned up.
[2026-02-27 12:57:45.486178] --- START UPLOAD: home.png ---
[2026-02-27 12:57:45.489143] Saved upload to: C:\lekshmi\AI_Home_Project\uploads\b529ba33b0b5422c98c70025c1a44b4d_home.png
[2026-02-27 12:57:45.490955] Falling back to OpenCV Preprocessing...
[2026-02-27 12:57:45.613214] Preprocessed image (OpenCV) to: C:\lekshmi\AI_Home_Project\processed\b529ba33b0b5422c98c70025c1a44b4d_home.png
[2026-02-27 12:57:45.614834] Layout Path: C:\lekshmi\AI_Home_Project\temp_layout_b529ba33b0b5422c98c70025c1a44b4d.json
[2026-02-27 12:57:45.615884] Layout 3D Path: C:\lekshmi\AI_Home_Project\temp_layout_3d_b529ba33b0b5422c98c70025c1a44b4d.json
[2026-02-27 12:57:45.616844] Running Extraction: ['C:\\Users\\user\\AppData\\Local\\Programs\\Python\\Python313\\python.exe', 'C:\\lekshmi\\AI_Home_Project\\layout_extraction.py', 'C:\\lekshmi\\AI_Home_Project\\processed\\b529ba33b0b5422c98c70025c1a44b4d_home.png', 'C:\\lekshmi\\AI_Home_Project\\temp_layout_b529ba33b0b5422c98c70025c1a44b4d.json', 'C:\\lekshmi\\AI_Home_Project\\uploads\\b529ba33b0b5422c98c70025c1a44b4d_home.png']
[2026-02-27 12:57:51.441516] Extraction STDOUT: DEBUG: Testing model gemini-1.5-flash-latest...
DEBUG: Model gemini-1.5-flash-latest failed validation: 404 models/gemini-1.5-flash-latest is not found for API version v1beta, or is not supported for generateContent. Call ListModels to see the list of available models and their supported methods.
DEBUG: Testing model gemini-1.5-flash...
DEBUG: Model gemini-1.5-flash failed validation: 404 models/gemini-1.5-flash is not found for API version v1beta, or is not supported for generateContent. Call ListModels to see the list of available models and their supported methods.
DEBUG: Testing model gemini-pro-vision...
DEBUG: Model gemini-pro-vision failed validation: 404 models/gemini-pro-vision is not found for API version v1beta, or is not supported for generateContent. Call ListModels to see the list of available models and their supported methods.
DEBUG: Testing model gemini-1.5-pro-latest...
DEBUG: Model gemini-1.5-pro-latest failed validation: 404 models/gemini-1.5-pro-latest is not found for API version v1beta, or is not supported for generateContent. Call ListModels to see the list of available models and their supported methods.
WARNING: No working Gemini Vision model found. AI features disabled.
DEBUG: Found 38 contours.
Applying heuristics to unknown rooms...
Layout extraction completed. Output: C:\lekshmi\AI_Home_Project\temp_layout_b529ba33b0b5422c98c70025c1a44b4d.json

[2026-02-27 12:57:51.442401] Layout extracted: 7 rooms
[2026-02-27 12:57:51.443507] Running 3D Gen: ['C:\\Users\\user\\AppData\\Local\\Programs\\Python\\Python313\\python.exe', 'C:\\lekshmi\\AI_Home_Project\\layout_to_3d.py', 'C:\\lekshmi\\AI_Home_Project\\temp_layout_b529ba33b0b5422c98c70025c1a44b4d.json', 'C:\\lekshmi\\AI_Home_Project\\temp_layout_3d_b529ba33b0b5422c98c70025c1a44b4d.json']
[2026-02-27 12:57:51.500482] 3D Gen STDOUT: 3D layout generation completed. House size (m): 3.85 x 3.94, Output: C:\lekshmi\AI_Home_Project\temp_layout_3d_b529ba33b0b5422c98c70025c1a44b4d.json

[2026-02-27 12:57:51.502677] 3D layout generated successfully
[2026-02-27 12:57:51.503398] Area Check: Raw=20.52, MinExpected=105, Used=105.00
[2026-02-27 12:57:51.504590] ML Prediction Error: name 'features' is not defined
[2026-02-27 12:57:51.505776] Sending success response
[2026-02-27 12:57:51.508109] Temporary layout files cleaned up.
[2026-02-27 13:28:47.476554] --- START UPLOAD: home.png ---
[2026-02-27 13:28:47.479481] Saved upload to: C:\lekshmi\AI_Home_Project\uploads\cca816fb86b246279df31ddb5182d145_home.png
[2026-02-27 13:28:47.481647] Falling back to OpenCV Preprocessing...
[2026-02-27 13:28:47.599602] Preprocessed image (OpenCV) to: C:\lekshmi\AI_Home_Project\processed\cca816fb86b246279df31ddb5182d145_home.png
[2026-02-27 13:28:47.600450] Layout Path: C:\lekshmi\AI_Home_Project\temp_layout_cca816fb86b246279df31ddb5182d145.json
[2026-02-27 13:28:47.600890] Layout 3D Path: C:\lekshmi\AI_Home_Project\temp_layout_3d_cca816fb86b246279df31ddb5182d145.json
[2026-02-27 13:28:47.601496] Running Extraction: ['C:\\Users\\user\\AppData\\Local\\Programs\\Python\\Python313\\python.exe', 'C:\\lekshmi\\AI_Home_Project\\layout_extraction.py', 'C:\\lekshmi\\AI_Home_Project\\processed\\cca816fb86b246279df31ddb5182d145_home.png', 'C:\\lekshmi\\AI_Home_Project\\temp_layout_cca816fb86b246279df31ddb5182d145.json', 'C:\\lekshmi\\AI_Home_Project\\uploads\\cca816fb86b246279df31ddb5182d145_home.png']
[2026-02-27 13:29:19.837970] Extraction STDOUT: DEBUG: Testing model gemini-2.5-flash...
DEBUG: Selected and Validated model gemini-2.5-flash
DEBUG: Found 38 contours.
 Asking AI about Room 1...
 -> AI says: Bedroom
 Asking AI about Room 2...
 -> AI says: Living Room
 Asking AI about Room 3...
 -> AI says: Bathroom
 Asking AI about Room 4...
 -> AI says: Living Room
 Asking AI about Room 5...
 -> AI says: Kitchen
 Asking AI about Room 6...
AI Vision Error: 429 RESOURCE_EXHAUSTED. {'error': {'code': 429, 'message': 'You exceeded your current quota, please check your plan and billing details. For more information on this error, head to: https://ai.google.dev/gemini-api/docs/rate-limits. To monitor your current usage, head to: https://ai.dev/rate-limit. \n* Quota exceeded for metric: generativelanguage.googleapis.com/generate_content_free_tier_requests, limit: 5, model: gemini-2.5-flash\nPlease retry in 44.402745142s.', 'status': 'RESOURCE_EXHAUSTED', 'details': [{'@type': 'type.googleapis.com/google.rpc.Help', 'links': [{'description': 'Learn more about Gemini API quotas', 'url': 'https://ai.google.dev/gemini-api/docs/rate-limits'}]}, {'@type': 'type.googleapis.com/google.rpc.QuotaFailure', 'violations': [{'quotaMetric': 'generativelanguage.googleapis.com/generate_content_free_tier_requests', 'quotaId': 'GenerateRequestsPerMinutePerProjectPerModel-FreeTier', 'quotaDimensions': {'location': 'global', 'model': 'gemini-2.5-flash'}, 'quotaValue': '5'}]}, {'@type': 'type.googleapis.com/google.rpc.RetryInfo', 'retryDelay': '44s'}]}}
 -> AI unsure.
 Asking AI about Room 7...
AI Vision Error: 429 RESOURCE_EXHAUSTED. {'error': {'code': 429, 'message': 'You exceeded your current quota, please check your plan and billing details. For more information on this error, head to: https://ai.google.dev/gemini-api/docs/rate-limits. To monitor your current usage, head to: https://ai.dev/rate-limit. \n* Quota exceeded for metric: generativelanguage.googleapis.com/generate_content_free_tier_requests, limit: 5, model: gemini-2.5-flash\nPlease retry in 40.372606172s.', 'status': 'RESOURCE_EXHAUSTED', 'details': [{'@type': 'type.googleapis.com/google.rpc.Help', 'links': [{'description': 'Learn more about Gemini API quotas', 'url': 'https://ai.google.dev/gemini-api/docs/rate-limits'}]}, {'@type': 'type.googleapis.com/google.rpc.QuotaFailure', 'violations': [{'quotaMetric': 'generativelanguage.googleapis.com/generate_content_free_tier_requests', 'quotaId': 'GenerateRequestsPerMinutePerProjectPerModel-FreeTier', 'quotaDimensions': {'location': 'global', 'model': 'gemini-2.5-flash'}, 'quotaValue': '5'}]}, {'@type': 'type.googleapis.com/google.rpc.RetryInfo', 'retryDelay': '40s'}]}}
 -> AI unsure.
Applying heuristics to unknown rooms...
Layout extraction completed. Output: C:\lekshmi\AI_Home_Project\temp_layout_cca816fb86b246279df31ddb5182d145.json

[2026-02-27 13:29:19.858437] Layout extracted: 7 rooms
[2026-02-27 13:29:19.859782] Running 3D Gen: ['C:\\Users\\user\\AppData\\Local\\Programs\\Python\\Python313\\python.exe', 'C:\\lekshmi\\AI_Home_Project\\layout_to_3d.py', 'C:\\lekshmi\\AI_Home_Project\\temp_layout_cca816fb86b246279df31ddb5182d145.json', 'C:\\lekshmi\\AI_Home_Project\\temp_layout_3d_cca816fb86b246279df31ddb5182d145.json']
[2026-02-27 13:29:19.921956] 3D Gen STDOUT: 3D layout generation completed. House size (m): 3.85 x 3.94, Output: C:\lekshmi\AI_Home_Project\temp_layout_3d_cca816fb86b246279df31ddb5182d145.json

[2026-02-27 13:29:19.937759] 3D layout generated successfully
[2026-02-27 13:29:19.939183] Area Check: Raw=20.52, MinExpected=105, Used=105.00
[2026-02-27 13:29:19.940616] ML Prediction Error: name 'features' is not defined
[2026-02-27 13:29:19.942712] Sending success response
[2026-02-27 13:29:19.945476] Temporary layout files cleaned up.
[2026-02-27 13:29:22.053131] --- START UPLOAD: home.png ---
[2026-02-27 13:29:22.055826] Saved upload to: C:\lekshmi\AI_Home_Project\uploads\0e2b23a281ff44b98096a9ac568da1c4_home.png
[2026-02-27 13:29:22.057497] Falling back to OpenCV Preprocessing...
[2026-02-27 13:29:22.161272] Preprocessed image (OpenCV) to: C:\lekshmi\AI_Home_Project\processed\0e2b23a281ff44b98096a9ac568da1c4_home.png
[2026-02-27 13:29:22.161755] Layout Path: C:\lekshmi\AI_Home_Project\temp_layout_0e2b23a281ff44b98096a9ac568da1c4.json
[2026-02-27 13:29:22.162129] Layout 3D Path: C:\lekshmi\AI_Home_Project\temp_layout_3d_0e2b23a281ff44b98096a9ac568da1c4.json
[2026-02-27 13:29:22.163184] Running Extraction: ['C:\\Users\\user\\AppData\\Local\\Programs\\Python\\Python313\\python.exe', 'C:\\lekshmi\\AI_Home_Project\\layout_extraction.py', 'C:\\lekshmi\\AI_Home_Project\\processed\\0e2b23a281ff44b98096a9ac568da1c4_home.png', 'C:\\lekshmi\\AI_Home_Project\\temp_layout_0e2b23a281ff44b98096a9ac568da1c4.json', 'C:\\lekshmi\\AI_Home_Project\\uploads\\0e2b23a281ff44b98096a9ac568da1c4_home.png']
[2026-02-27 13:29:25.087470] Extraction STDOUT: DEBUG: Testing model gemini-2.5-flash...
DEBUG: Model gemini-2.5-flash failed validation: 429 RESOURCE_EXHAUSTED. {'error': {'code': 429, 'message': 'You exceeded your current quota, please check your plan and billing details. For more information on this error, head to: https://ai.google.dev/gemini-api/docs/rate-limits. To monitor your current usage, head to: https://ai.dev/rate-limit. \n* Quota exceeded for metric: generativelanguage.googleapis.com/generate_content_free_tier_requests, limit: 5, model: gemini-2.5-flash\nPlease retry in 34.388548523s.', 'status': 'RESOURCE_EXHAUSTED', 'details': [{'@type': 'type.googleapis.com/google.rpc.Help', 'links': [{'description': 'Learn more about Gemini API quotas', 'url': 'https://ai.google.dev/gemini-api/docs/rate-limits'}]}, {'@type': 'type.googleapis.com/google.rpc.QuotaFailure', 'violations': [{'quotaMetric': 'generativelanguage.googleapis.com/generate_content_free_tier_requests', 'quotaId': 'GenerateRequestsPerMinutePerProjectPerModel-FreeTier', 'quotaDimensions': {'location': 'global', 'model': 'gemini-2.5-flash'}, 'quotaValue': '5'}]}, {'@type': 'type.googleapis.com/google.rpc.RetryInfo', 'retryDelay': '34s'}]}}
DEBUG: Testing model gemini-2.0-flash...
DEBUG: Model gemini-2.0-flash failed validation: 429 RESOURCE_EXHAUSTED. {'error': {'code': 429, 'message': 'You exceeded your current quota, please check your plan and billing details. For more information on this error, head to: https://ai.google.dev/gemini-api/docs/rate-limits. To monitor your current usage, head to: https://ai.dev/rate-limit. \n* Quota exceeded for metric: generativelanguage.googleapis.com/generate_content_free_tier_input_token_count, limit: 0, model: gemini-2.0-flash\n* Quota exceeded for metric: generativelanguage.googleapis.com/generate_content_free_tier_requests, limit: 0, model: gemini-2.0-flash\n* Quota exceeded for metric: generativelanguage.googleapis.com/generate_content_free_tier_requests, limit: 0, model: gemini-2.0-flash\nPlease retry in 34.058724039s.', 'status': 'RESOURCE_EXHAUSTED', 'details': [{'@type': 'type.googleapis.com/google.rpc.Help', 'links': [{'description': 'Learn more about Gemini API quotas', 'url': 'https://ai.google.dev/gemini-api/docs/rate-limits'}]}, {'@type': 'type.googleapis.com/google.rpc.QuotaFailure', 'violations': [{'quotaMetric': 'generativelanguage.googleapis.com/generate_content_free_tier_input_token_count', 'quotaId': 'GenerateContentInputTokensPerModelPerMinute-FreeTier', 'quotaDimensions': {'location': 'global', 'model': 'gemini-2.0-flash'}}, {'quotaMetric': 'generativelanguage.googleapis.com/generate_content_free_tier_requests', 'quotaId': 'GenerateRequestsPerMinutePerProjectPerModel-FreeTier', 'quotaDimensions': {'location': 'global', 'model': 'gemini-2.0-flash'}}, {'quotaMetric': 'generativelanguage.googleapis.com/generate_content_free_tier_requests', 'quotaId': 'GenerateRequestsPerDayPerProjectPerModel-FreeTier', 'quotaDimensions': {'location': 'global', 'model': 'gemini-2.0-flash'}}]}, {'@type': 'type.googleapis.com/google.rpc.RetryInfo', 'retryDelay': '34s'}]}}
DEBUG: Testing model gemini-1.5-flash...
DEBUG: Model gemini-1.5-flash failed validation: 404 NOT_FOUND. {'error': {'code': 404, 'message': 'models/gemini-1.5-flash is not found for API version v1beta, or is not supported for generateContent. Call ListModels to see the list of available models and their supported methods.', 'status': 'NOT_FOUND'}}
WARNING: No working Gemini Vision model found. AI features disabled.
DEBUG: Found 38 contours.
Applying heuristics to unknown rooms...
Layout extraction completed. Output: C:\lekshmi\AI_Home_Project\temp_layout_0e2b23a281ff44b98096a9ac568da1c4.json

[2026-02-27 13:29:25.089705] Layout extracted: 7 rooms
[2026-02-27 13:29:25.090501] Running 3D Gen: ['C:\\Users\\user\\AppData\\Local\\Programs\\Python\\Python313\\python.exe', 'C:\\lekshmi\\AI_Home_Project\\layout_to_3d.py', 'C:\\lekshmi\\AI_Home_Project\\temp_layout_0e2b23a281ff44b98096a9ac568da1c4.json', 'C:\\lekshmi\\AI_Home_Project\\temp_layout_3d_0e2b23a281ff44b98096a9ac568da1c4.json']
[2026-02-27 13:29:25.147539] 3D Gen STDOUT: 3D layout generation completed. House size (m): 3.85 x 3.94, Output: C:\lekshmi\AI_Home_Project\temp_layout_3d_0e2b23a281ff44b98096a9ac568da1c4.json

[2026-02-27 13:29:25.149868] 3D layout generated successfully
[2026-02-27 13:29:25.150583] Area Check: Raw=20.52, MinExpected=105, Used=105.00
[2026-02-27 13:29:25.151124] ML Prediction Error: name 'features' is not defined
[2026-02-27 13:29:25.151626] Sending success response
[2026-02-27 13:29:25.154511] Temporary layout files cleaned up.
[2026-02-27 13:33:22.325183] --- START UPLOAD: home.png ---
[2026-02-27 13:33:22.327107] Saved upload to: C:\lekshmi\AI_Home_Project\uploads\558c7bfa100c4277929c980b209dd4e9_home.png
[2026-02-27 13:33:22.328582] Falling back to OpenCV Preprocessing...
[2026-02-27 13:33:22.473706] Preprocessed image (OpenCV) to: C:\lekshmi\AI_Home_Project\processed\558c7bfa100c4277929c980b209dd4e9_home.png
[2026-02-27 13:33:22.474956] Layout Path: C:\lekshmi\AI_Home_Project\temp_layout_558c7bfa100c4277929c980b209dd4e9.json
[2026-02-27 13:33:22.475660] Layout 3D Path: C:\lekshmi\AI_Home_Project\temp_layout_3d_558c7bfa100c4277929c980b209dd4e9.json
[2026-02-27 13:33:22.477216] Running Extraction: ['C:\\Users\\user\\AppData\\Local\\Programs\\Python\\Python313\\python.exe', 'C:\\lekshmi\\AI_Home_Project\\layout_extraction.py', 'C:\\lekshmi\\AI_Home_Project\\processed\\558c7bfa100c4277929c980b209dd4e9_home.png', 'C:\\lekshmi\\AI_Home_Project\\temp_layout_558c7bfa100c4277929c980b209dd4e9.json', 'C:\\lekshmi\\AI_Home_Project\\uploads\\558c7bfa100c4277929c980b209dd4e9_home.png']
[2026-02-27 13:33:50.887889] Extraction STDOUT: DEBUG: Testing model gemini-2.5-flash...
DEBUG: Selected and Validated model gemini-2.5-flash
DEBUG: Found 38 contours.
 Asking AI about Room 1...
 -> AI says: Bedroom
 Asking AI about Room 2...
 -> AI says: Living Room
 Asking AI about Room 3...
 -> AI says: Bedroom
 Asking AI about Room 4...
 -> AI says: Living Room
 Asking AI about Room 5...
 -> AI says: Kitchen
 Asking AI about Room 6...
AI Vision Error: 429 RESOURCE_EXHAUSTED. {'error': {'code': 429, 'message': 'You exceeded your current quota, please check your plan and billing details. For more information on this error, head to: https://ai.google.dev/gemini-api/docs/rate-limits. To monitor your current usage, head to: https://ai.dev/rate-limit. \n* Quota exceeded for metric: generativelanguage.googleapis.com/generate_content_free_tier_requests, limit: 5, model: gemini-2.5-flash\nPlease retry in 12.445781735s.', 'status': 'RESOURCE_EXHAUSTED', 'details': [{'@type': 'type.googleapis.com/google.rpc.Help', 'links': [{'description': 'Learn more about Gemini API quotas', 'url': 'https://ai.google.dev/gemini-api/docs/rate-limits'}]}, {'@type': 'type.googleapis.com/google.rpc.QuotaFailure', 'violations': [{'quotaMetric': 'generativelanguage.googleapis.com/generate_content_free_tier_requests', 'quotaId': 'GenerateRequestsPerMinutePerProjectPerModel-FreeTier', 'quotaDimensions': {'model': 'gemini-2.5-flash', 'location': 'global'}, 'quotaValue': '5'}]}, {'@type': 'type.googleapis.com/google.rpc.RetryInfo', 'retryDelay': '12s'}]}}
 -> AI unsure.
 Asking AI about Room 7...
AI Vision Error: 429 RESOURCE_EXHAUSTED. {'error': {'code': 429, 'message': 'You exceeded your current quota, please check your plan and billing details. For more information on this error, head to: https://ai.google.dev/gemini-api/docs/rate-limits. To monitor your current usage, head to: https://ai.dev/rate-limit. \n* Quota exceeded for metric: generativelanguage.googleapis.com/generate_content_free_tier_requests, limit: 5, model: gemini-2.5-flash\nPlease retry in 9.352850037s.', 'status': 'RESOURCE_EXHAUSTED', 'details': [{'@type': 'type.googleapis.com/google.rpc.Help', 'links': [{'description': 'Learn more about Gemini API quotas', 'url': 'https://ai.google.dev/gemini-api/docs/rate-limits'}]}, {'@type': 'type.googleapis.com/google.rpc.QuotaFailure', 'violations': [{'quotaMetric': 'generativelanguage.googleapis.com/generate_content_free_tier_requests', 'quotaId': 'GenerateRequestsPerMinutePerProjectPerModel-FreeTier', 'quotaDimensions': {'location': 'global', 'model': 'gemini-2.5-flash'}, 'quotaValue': '5'}]}, {'@type': 'type.googleapis.com/google.rpc.RetryInfo', 'retryDelay': '9s'}]}}
 -> AI unsure.
Applying heuristics to unknown rooms...
Layout extraction completed. Output: C:\lekshmi\AI_Home_Project\temp_layout_558c7bfa100c4277929c980b209dd4e9.json

[2026-02-27 13:33:50.904311] Layout extracted: 7 rooms
[2026-02-27 13:33:50.905051] Running 3D Gen: ['C:\\Users\\user\\AppData\\Local\\Programs\\Python\\Python313\\python.exe', 'C:\\lekshmi\\AI_Home_Project\\layout_to_3d.py', 'C:\\lekshmi\\AI_Home_Project\\temp_layout_558c7bfa100c4277929c980b209dd4e9.json', 'C:\\lekshmi\\AI_Home_Project\\temp_layout_3d_558c7bfa100c4277929c980b209dd4e9.json']
[2026-02-27 13:33:50.960590] 3D Gen STDOUT: 3D layout generation completed. House size (m): 3.85 x 3.94, Output: C:\lekshmi\AI_Home_Project\temp_layout_3d_558c7bfa100c4277929c980b209dd4e9.json

[2026-02-27 13:33:50.976055] 3D layout generated successfully
[2026-02-27 13:33:50.976682] Area Check: Raw=20.52, MinExpected=105, Used=105.00
[2026-02-27 13:33:50.977464] ML Prediction Error: name 'features' is not defined
[2026-02-27 13:33:50.978085] Sending success response
[2026-02-27 13:33:50.979519] Temporary layout files cleaned up.
[2026-02-28 18:34:20.982730] --- START UPLOAD: sample.png ---
[2026-02-28 18:34:20.989146] Saved upload to: C:\lekshmi\AI_Home_Project\uploads\8355e882151945fe8cdfed675de8b931_sample.png
[2026-02-28 18:34:20.996374] Falling back to OpenCV Preprocessing...
[2026-02-28 18:34:21.209539] Preprocessed image (OpenCV) to: C:\lekshmi\AI_Home_Project\processed\8355e882151945fe8cdfed675de8b931_sample.png
[2026-02-28 18:34:21.211742] Layout Path: C:\lekshmi\AI_Home_Project\temp_layout_8355e882151945fe8cdfed675de8b931.json
[2026-02-28 18:34:21.214640] Layout 3D Path: C:\lekshmi\AI_Home_Project\temp_layout_3d_8355e882151945fe8cdfed675de8b931.json
[2026-02-28 18:34:21.216829] Running Extraction: ['C:\\Users\\user\\AppData\\Local\\Programs\\Python\\Python313\\python.exe', 'C:\\lekshmi\\AI_Home_Project\\layout_extraction.py', 'C:\\lekshmi\\AI_Home_Project\\processed\\8355e882151945fe8cdfed675de8b931_sample.png', 'C:\\lekshmi\\AI_Home_Project\\temp_layout_8355e882151945fe8cdfed675de8b931.json', 'C:\\lekshmi\\AI_Home_Project\\uploads\\8355e882151945fe8cdfed675de8b931_sample.png']
[2026-02-28 18:34:29.876574] Extraction STDOUT: DEBUG: Testing model gemini-2.5-flash...
DEBUG: Model gemini-2.5-flash failed validation: 403 PERMISSION_DENIED. {'error': {'code': 403, 'message': 'Your API key was reported as leaked. Please use another API key.', 'status': 'PERMISSION_DENIED'}}
DEBUG: Testing model gemini-2.0-flash...
DEBUG: Model gemini-2.0-flash failed validation: 403 PERMISSION_DENIED. {'error': {'code': 403, 'message': 'Your API key was reported as leaked. Please use another API key.', 'status': 'PERMISSION_DENIED'}}
DEBUG: Testing model gemini-1.5-flash...
DEBUG: Model gemini-1.5-flash failed validation: 404 NOT_FOUND. {'error': {'code': 404, 'message': 'models/gemini-1.5-flash is not found for API version v1beta, or is not supported for generateContent. Call ListModels to see the list of available models and their supported methods.', 'status': 'NOT_FOUND'}}
WARNING: No working Gemini Vision model found. AI features disabled.
DEBUG: Found 10 contours.
Applying heuristics to unknown rooms...
Layout extraction completed. Output: C:\lekshmi\AI_Home_Project\temp_layout_8355e882151945fe8cdfed675de8b931.json

[2026-02-28 18:34:29.878585] Layout extracted: 3 rooms
[2026-02-28 18:34:29.879635] Running 3D Gen: ['C:\\Users\\user\\AppData\\Local\\Programs\\Python\\Python313\\python.exe', 'C:\\lekshmi\\AI_Home_Project\\layout_to_3d.py', 'C:\\lekshmi\\AI_Home_Project\\temp_layout_8355e882151945fe8cdfed675de8b931.json', 'C:\\lekshmi\\AI_Home_Project\\temp_layout_3d_8355e882151945fe8cdfed675de8b931.json']
[2026-02-28 18:34:30.042637] 3D Gen STDOUT: 3D layout generation completed. House size (m): 6.57 x 2.71, Output: C:\lekshmi\AI_Home_Project\temp_layout_3d_8355e882151945fe8cdfed675de8b931.json

[2026-02-28 18:34:30.066902] 3D layout generated successfully
[2026-02-28 18:34:30.068074] Area Check: Raw=22.39, MinExpected=45, Used=45.00
[2026-02-28 18:34:30.070803] ML Prediction Error: name 'features' is not defined
[2026-02-28 18:34:30.071886] Sending success response
[2026-02-28 18:34:30.076957] Temporary layout files cleaned up.
[2026-02-28 18:45:41.005245] --- START UPLOAD: home.png ---
[2026-02-28 18:45:41.010179] Saved upload to: C:\lekshmi\AI_Home_Project\uploads\2255ff17833b46909a3841bb791578c1_home.png
[2026-02-28 18:45:41.012206] Falling back to OpenCV Preprocessing...
[2026-02-28 18:45:41.206182] Preprocessed image (OpenCV) to: C:\lekshmi\AI_Home_Project\processed\2255ff17833b46909a3841bb791578c1_home.png
[2026-02-28 18:45:41.207373] Layout Path: C:\lekshmi\AI_Home_Project\temp_layout_2255ff17833b46909a3841bb791578c1.json
[2026-02-28 18:45:41.209356] Layout 3D Path: C:\lekshmi\AI_Home_Project\temp_layout_3d_2255ff17833b46909a3841bb791578c1.json
[2026-02-28 18:45:41.211752] Running Extraction: ['C:\\Users\\user\\AppData\\Local\\Programs\\Python\\Python313\\python.exe', 'C:\\lekshmi\\AI_Home_Project\\layout_extraction.py', 'C:\\lekshmi\\AI_Home_Project\\processed\\2255ff17833b46909a3841bb791578c1_home.png', 'C:\\lekshmi\\AI_Home_Project\\temp_layout_2255ff17833b46909a3841bb791578c1.json', 'C:\\lekshmi\\AI_Home_Project\\uploads\\2255ff17833b46909a3841bb791578c1_home.png']
[2026-02-28 18:45:46.662732] Extraction STDOUT: DEBUG: Testing model gemini-2.5-flash...
DEBUG: Model gemini-2.5-flash failed validation: 403 PERMISSION_DENIED. {'error': {'code': 403, 'message': 'Your API key was reported as leaked. Please use another API key.', 'status': 'PERMISSION_DENIED'}}
DEBUG: Testing model gemini-2.0-flash...
DEBUG: Model gemini-2.0-flash failed validation: 403 PERMISSION_DENIED. {'error': {'code': 403, 'message': 'Your API key was reported as leaked. Please use another API key.', 'status': 'PERMISSION_DENIED'}}
DEBUG: Testing model gemini-1.5-flash...
DEBUG: Model gemini-1.5-flash failed validation: 404 NOT_FOUND. {'error': {'code': 404, 'message': 'models/gemini-1.5-flash is not found for API version v1beta, or is not supported for generateContent. Call ListModels to see the list of available models and their supported methods.', 'status': 'NOT_FOUND'}}
WARNING: No working Gemini Vision model found. AI features disabled.
DEBUG: Found 38 contours.
Applying heuristics to unknown rooms...
Layout extraction completed. Output: C:\lekshmi\AI_Home_Project\temp_layout_2255ff17833b46909a3841bb791578c1.json

[2026-02-28 18:45:46.666357] Layout extracted: 7 rooms
[2026-02-28 18:45:46.667994] Running 3D Gen: ['C:\\Users\\user\\AppData\\Local\\Programs\\Python\\Python313\\python.exe', 'C:\\lekshmi\\AI_Home_Project\\layout_to_3d.py', 'C:\\lekshmi\\AI_Home_Project\\temp_layout_2255ff17833b46909a3841bb791578c1.json', 'C:\\lekshmi\\AI_Home_Project\\temp_layout_3d_2255ff17833b46909a3841bb791578c1.json']
[2026-02-28 18:45:46.786897] 3D Gen STDOUT: 3D layout generation completed. House size (m): 3.85 x 3.94, Output: C:\lekshmi\AI_Home_Project\temp_layout_3d_2255ff17833b46909a3841bb791578c1.json

[2026-02-28 18:45:46.807151] 3D layout generated successfully
[2026-02-28 18:45:46.808065] Area Check: Raw=20.52, MinExpected=105, Used=105.00
[2026-02-28 18:45:46.808802] ML Prediction Error: name 'features' is not defined
[2026-02-28 18:45:46.809545] Sending success response
[2026-02-28 18:45:46.812527] Temporary layout files cleaned up.
[2026-02-28 18:49:27.361512] --- START UPLOAD: home.png ---
[2026-02-28 18:49:27.377212] Saved upload to: C:\lekshmi\AI_Home_Project\uploads\5777089e51dd444095af46b5ab89395d_home.png
[2026-02-28 18:49:27.379836] Falling back to OpenCV Preprocessing...
[2026-02-28 18:49:27.571137] Preprocessed image (OpenCV) to: C:\lekshmi\AI_Home_Project\processed\5777089e51dd444095af46b5ab89395d_home.png
[2026-02-28 18:49:27.572113] Layout Path: C:\lekshmi\AI_Home_Project\temp_layout_5777089e51dd444095af46b5ab89395d.json
[2026-02-28 18:49:27.572984] Layout 3D Path: C:\lekshmi\AI_Home_Project\temp_layout_3d_5777089e51dd444095af46b5ab89395d.json
[2026-02-28 18:49:27.573835] Running Extraction: ['C:\\Users\\user\\AppData\\Local\\Programs\\Python\\Python313\\python.exe', 'C:\\lekshmi\\AI_Home_Project\\layout_extraction.py', 'C:\\lekshmi\\AI_Home_Project\\processed\\5777089e51dd444095af46b5ab89395d_home.png', 'C:\\lekshmi\\AI_Home_Project\\temp_layout_5777089e51dd444095af46b5ab89395d.json', 'C:\\lekshmi\\AI_Home_Project\\uploads\\5777089e51dd444095af46b5ab89395d_home.png']
[2026-02-28 18:49:33.850962] Extraction STDOUT: DEBUG: Testing model gemini-2.5-flash...
DEBUG: Model gemini-2.5-flash failed validation: 403 PERMISSION_DENIED. {'error': {'code': 403, 'message': 'Your API key was reported as leaked. Please use another API key.', 'status': 'PERMISSION_DENIED'}}
DEBUG: Testing model gemini-2.0-flash...
DEBUG: Model gemini-2.0-flash failed validation: 403 PERMISSION_DENIED. {'error': {'code': 403, 'message': 'Your API key was reported as leaked. Please use another API key.', 'status': 'PERMISSION_DENIED'}}
DEBUG: Testing model gemini-1.5-flash...
DEBUG: Model gemini-1.5-flash failed validation: 404 NOT_FOUND. {'error': {'code': 404, 'message': 'models/gemini-1.5-flash is not found for API version v1beta, or is not supported for generateContent. Call ListModels to see the list of available models and their supported methods.', 'status': 'NOT_FOUND'}}
WARNING: No working Gemini Vision model found. AI features disabled.
DEBUG: Found 38 contours.
Applying heuristics to unknown rooms...
Layout extraction completed. Output: C:\lekshmi\AI_Home_Project\temp_layout_5777089e51dd444095af46b5ab89395d.json

[2026-02-28 18:49:33.852650] Layout extracted: 7 rooms
[2026-02-28 18:49:33.853669] Running 3D Gen: ['C:\\Users\\user\\AppData\\Local\\Programs\\Python\\Python313\\python.exe', 'C:\\lekshmi\\AI_Home_Project\\layout_to_3d.py', 'C:\\lekshmi\\AI_Home_Project\\temp_layout_5777089e51dd444095af46b5ab89395d.json', 'C:\\lekshmi\\AI_Home_Project\\temp_layout_3d_5777089e51dd444095af46b5ab89395d.json']
[2026-02-28 18:49:33.960758] 3D Gen STDOUT: 3D layout generation completed. House size (m): 3.85 x 3.94, Output: C:\lekshmi\AI_Home_Project\temp_layout_3d_5777089e51dd444095af46b5ab89395d.json

[2026-02-28 18:49:33.964530] 3D layout generated successfully
[2026-02-28 18:49:33.965338] Area Check: Raw=20.52, MinExpected=105, Used=105.00
[2026-02-28 18:49:33.966243] ML Prediction Error: name 'features' is not defined
[2026-02-28 18:49:33.967357] Sending success response
[2026-02-28 18:49:33.970168] Temporary layout files cleaned up.
[2026-02-28 18:51:02.983844] --- START UPLOAD: home.png ---
[2026-02-28 18:51:02.992752] Saved upload to: C:\lekshmi\AI_Home_Project\uploads\7d88ae729f3a44578c52d3837d1a946b_home.png
[2026-02-28 18:51:02.995714] Falling back to OpenCV Preprocessing...
[2026-02-28 18:51:03.219755] Preprocessed image (OpenCV) to: C:\lekshmi\AI_Home_Project\processed\7d88ae729f3a44578c52d3837d1a946b_home.png
[2026-02-28 18:51:03.220824] Layout Path: C:\lekshmi\AI_Home_Project\temp_layout_7d88ae729f3a44578c52d3837d1a946b.json
[2026-02-28 18:51:03.222161] Layout 3D Path: C:\lekshmi\AI_Home_Project\temp_layout_3d_7d88ae729f3a44578c52d3837d1a946b.json
[2026-02-28 18:51:03.223585] Running Extraction: ['C:\\Users\\user\\AppData\\Local\\Programs\\Python\\Python313\\python.exe', 'C:\\lekshmi\\AI_Home_Project\\layout_extraction.py', 'C:\\lekshmi\\AI_Home_Project\\processed\\7d88ae729f3a44578c52d3837d1a946b_home.png', 'C:\\lekshmi\\AI_Home_Project\\temp_layout_7d88ae729f3a44578c52d3837d1a946b.json', 'C:\\lekshmi\\AI_Home_Project\\uploads\\7d88ae729f3a44578c52d3837d1a946b_home.png']
[2026-02-28 18:51:32.645679] Extraction STDOUT: DEBUG: Testing model gemini-2.5-flash...
DEBUG: Selected and Validated model gemini-2.5-flash
DEBUG: Found 38 contours.
 Asking AI about Room 1...
 -> AI says: Bedroom
 Asking AI about Room 2...
 -> AI says: Living Room
 Asking AI about Room 3...
 -> AI says: Bedroom
 Asking AI about Room 4...
 -> AI says: Living Room
 Asking AI about Room 5...
 -> AI says: Kitchen
 Asking AI about Room 6...
AI Vision Error: 429 RESOURCE_EXHAUSTED. {'error': {'code': 429, 'message': 'You exceeded your current quota, please check your plan and billing details. For more information on this error, head to: https://ai.google.dev/gemini-api/docs/rate-limits. To monitor your current usage, head to: https://ai.dev/rate-limit. \n* Quota exceeded for metric: generativelanguage.googleapis.com/generate_content_free_tier_requests, limit: 5, model: gemini-2.5-flash\nPlease retry in 28.631400059s.', 'status': 'RESOURCE_EXHAUSTED', 'details': [{'@type': 'type.googleapis.com/google.rpc.Help', 'links': [{'description': 'Learn more about Gemini API quotas', 'url': 'https://ai.google.dev/gemini-api/docs/rate-limits'}]}, {'@type': 'type.googleapis.com/google.rpc.QuotaFailure', 'violations': [{'quotaMetric': 'generativelanguage.googleapis.com/generate_content_free_tier_requests', 'quotaId': 'GenerateRequestsPerMinutePerProjectPerModel-FreeTier', 'quotaDimensions': {'location': 'global', 'model': 'gemini-2.5-flash'}, 'quotaValue': '5'}]}, {'@type': 'type.googleapis.com/google.rpc.RetryInfo', 'retryDelay': '28s'}]}}
 -> AI unsure.
 Asking AI about Room 7...
AI Vision Error: 429 RESOURCE_EXHAUSTED. {'error': {'code': 429, 'message': 'You exceeded your current quota, please check your plan and billing details. For more information on this error, head to: https://ai.google.dev/gemini-api/docs/rate-limits. To monitor your current usage, head to: https://ai.dev/rate-limit. \n* Quota exceeded for metric: generativelanguage.googleapis.com/generate_content_free_tier_requests, limit: 5, model: gemini-2.5-flash\nPlease retry in 26.98430074s.', 'status': 'RESOURCE_EXHAUSTED', 'details': [{'@type': 'type.googleapis.com/google.rpc.Help', 'links': [{'description': 'Learn more about Gemini API quotas', 'url': 'https://ai.google.dev/gemini-api/docs/rate-limits'}]}, {'@type': 'type.googleapis.com/google.rpc.QuotaFailure', 'violations': [{'quotaMetric': 'generativelanguage.googleapis.com/generate_content_free_tier_requests', 'quotaId': 'GenerateRequestsPerMinutePerProjectPerModel-FreeTier', 'quotaDimensions': {'model': 'gemini-2.5-flash', 'location': 'global'}, 'quotaValue': '5'}]}, {'@type': 'type.googleapis.com/google.rpc.RetryInfo', 'retryDelay': '26s'}]}}
 -> AI unsure.
Applying heuristics to unknown rooms...
Layout extraction completed. Output: C:\lekshmi\AI_Home_Project\temp_layout_7d88ae729f3a44578c52d3837d1a946b.json

[2026-02-28 18:51:32.647440] Layout extracted: 7 rooms
[2026-02-28 18:51:32.648767] Running 3D Gen: ['C:\\Users\\user\\AppData\\Local\\Programs\\Python\\Python313\\python.exe', 'C:\\lekshmi\\AI_Home_Project\\layout_to_3d.py', 'C:\\lekshmi\\AI_Home_Project\\temp_layout_7d88ae729f3a44578c52d3837d1a946b.json', 'C:\\lekshmi\\AI_Home_Project\\temp_layout_3d_7d88ae729f3a44578c52d3837d1a946b.json']
[2026-02-28 18:51:32.799086] 3D Gen STDOUT: 3D layout generation completed. House size (m): 3.85 x 3.94, Output: C:\lekshmi\AI_Home_Project\temp_layout_3d_7d88ae729f3a44578c52d3837d1a946b.json

[2026-02-28 18:51:32.821160] 3D layout generated successfully
[2026-02-28 18:51:32.822159] Area Check: Raw=20.52, MinExpected=105, Used=105.00
[2026-02-28 18:51:32.822992] ML Prediction Error: name 'features' is not defined
[2026-02-28 18:51:32.823880] Sending success response
[2026-02-28 18:51:32.826798] Temporary layout files cleaned up.
[2026-02-28 18:52:31.836829] --- START UPLOAD: home.png ---
[2026-02-28 18:52:31.845973] Saved upload to: C:\lekshmi\AI_Home_Project\uploads\1e8f4618a2224a3f858fce71c038ed78_home.png
[2026-02-28 18:52:31.848918] Falling back to OpenCV Preprocessing...
[2026-02-28 18:52:31.989342] Preprocessed image (OpenCV) to: C:\lekshmi\AI_Home_Project\processed\1e8f4618a2224a3f858fce71c038ed78_home.png
[2026-02-28 18:52:31.989913] Layout Path: C:\lekshmi\AI_Home_Project\temp_layout_1e8f4618a2224a3f858fce71c038ed78.json
[2026-02-28 18:52:31.990627] Layout 3D Path: C:\lekshmi\AI_Home_Project\temp_layout_3d_1e8f4618a2224a3f858fce71c038ed78.json
[2026-02-28 18:52:31.991639] Running Extraction: ['C:\\Users\\user\\AppData\\Local\\Programs\\Python\\Python313\\python.exe', 'C:\\lekshmi\\AI_Home_Project\\layout_extraction.py', 'C:\\lekshmi\\AI_Home_Project\\processed\\1e8f4618a2224a3f858fce71c038ed78_home.png', 'C:\\lekshmi\\AI_Home_Project\\temp_layout_1e8f4618a2224a3f858fce71c038ed78.json', 'C:\\lekshmi\\AI_Home_Project\\uploads\\1e8f4618a2224a3f858fce71c038ed78_home.png']
[2026-02-28 18:52:57.543262] Extraction STDOUT: DEBUG: Testing model gemini-2.5-flash...
DEBUG: Selected and Validated model gemini-2.5-flash
DEBUG: Found 38 contours.
 Asking AI about Room 1...
 -> AI says: Bedroom
 Asking AI about Room 2...
 -> AI says: Living Room
 Asking AI about Room 3...
 -> AI unsure.
 Asking AI about Room 4...
 -> AI says: Living Room
 Asking AI about Room 5...
AI Vision Error: 429 RESOURCE_EXHAUSTED. {'error': {'code': 429, 'message': 'You exceeded your current quota, please check your plan and billing details. For more information on this error, head to: https://ai.google.dev/gemini-api/docs/rate-limits. To monitor your current usage, head to: https://ai.dev/rate-limit. \n* Quota exceeded for metric: generativelanguage.googleapis.com/generate_content_free_tier_requests, limit: 20, model: gemini-2.5-flash\nPlease retry in 4.786294483s.', 'status': 'RESOURCE_EXHAUSTED', 'details': [{'@type': 'type.googleapis.com/google.rpc.Help', 'links': [{'description': 'Learn more about Gemini API quotas', 'url': 'https://ai.google.dev/gemini-api/docs/rate-limits'}]}, {'@type': 'type.googleapis.com/google.rpc.QuotaFailure', 'violations': [{'quotaMetric': 'generativelanguage.googleapis.com/generate_content_free_tier_requests', 'quotaId': 'GenerateRequestsPerDayPerProjectPerModel-FreeTier', 'quotaDimensions': {'model': 'gemini-2.5-flash', 'location': 'global'}, 'quotaValue': '20'}]}, {'@type': 'type.googleapis.com/google.rpc.RetryInfo', 'retryDelay': '4s'}]}}
 -> AI unsure.
 Asking AI about Room 6...
AI Vision Error: 429 RESOURCE_EXHAUSTED. {'error': {'code': 429, 'message': 'You exceeded your current quota, please check your plan and billing details. For more information on this error, head to: https://ai.google.dev/gemini-api/docs/rate-limits. To monitor your current usage, head to: https://ai.dev/rate-limit. \n* Quota exceeded for metric: generativelanguage.googleapis.com/generate_content_free_tier_requests, limit: 5, model: gemini-2.5-flash\nPlease retry in 3.417740803s.', 'status': 'RESOURCE_EXHAUSTED', 'details': [{'@type': 'type.googleapis.com/google.rpc.Help', 'links': [{'description': 'Learn more about Gemini API quotas', 'url': 'https://ai.google.dev/gemini-api/docs/rate-limits'}]}, {'@type': 'type.googleapis.com/google.rpc.QuotaFailure', 'violations': [{'quotaMetric': 'generativelanguage.googleapis.com/generate_content_free_tier_requests', 'quotaId': 'GenerateRequestsPerMinutePerProjectPerModel-FreeTier', 'quotaDimensions': {'location': 'global', 'model': 'gemini-2.5-flash'}, 'quotaValue': '5'}]}, {'@type': 'type.googleapis.com/google.rpc.RetryInfo', 'retryDelay': '3s'}]}}
 -> AI unsure.
 Asking AI about Room 7...
AI Vision Error: 429 RESOURCE_EXHAUSTED. {'error': {'code': 429, 'message': 'You exceeded your current quota, please check your plan and billing details. For more information on this error, head to: https://ai.google.dev/gemini-api/docs/rate-limits. To monitor your current usage, head to: https://ai.dev/rate-limit. \n* Quota exceeded for metric: generativelanguage.googleapis.com/generate_content_free_tier_requests, limit: 5, model: gemini-2.5-flash\nPlease retry in 1.861212346s.', 'status': 'RESOURCE_EXHAUSTED', 'details': [{'@type': 'type.googleapis.com/google.rpc.Help', 'links': [{'description': 'Learn more about Gemini API quotas', 'url': 'https://ai.google.dev/gemini-api/docs/rate-limits'}]}, {'@type': 'type.googleapis.com/google.rpc.QuotaFailure', 'violations': [{'quotaMetric': 'generativelanguage.googleapis.com/generate_content_free_tier_requests', 'quotaId': 'GenerateRequestsPerMinutePerProjectPerModel-FreeTier', 'quotaDimensions': {'location': 'global', 'model': 'gemini-2.5-flash'}, 'quotaValue': '5'}]}, {'@type': 'type.googleapis.com/google.rpc.RetryInfo', 'retryDelay': '1s'}]}}
 -> AI unsure.
Applying heuristics to unknown rooms...
Layout extraction completed. Output: C:\lekshmi\AI_Home_Project\temp_layout_1e8f4618a2224a3f858fce71c038ed78.json

[2026-02-28 18:52:57.559771] Layout extracted: 7 rooms
[2026-02-28 18:52:57.560602] Running 3D Gen: ['C:\\Users\\user\\AppData\\Local\\Programs\\Python\\Python313\\python.exe', 'C:\\lekshmi\\AI_Home_Project\\layout_to_3d.py', 'C:\\lekshmi\\AI_Home_Project\\temp_layout_1e8f4618a2224a3f858fce71c038ed78.json', 'C:\\lekshmi\\AI_Home_Project\\temp_layout_3d_1e8f4618a2224a3f858fce71c038ed78.json']
[2026-02-28 18:52:57.657382] 3D Gen STDOUT: 3D layout generation completed. House size (m): 3.85 x 3.94, Output: C:\lekshmi\AI_Home_Project\temp_layout_3d_1e8f4618a2224a3f858fce71c038ed78.json

[2026-02-28 18:52:57.677503] 3D layout generated successfully
[2026-02-28 18:52:57.678483] Area Check: Raw=20.52, MinExpected=105, Used=105.00
[2026-02-28 18:52:57.679519] ML Prediction Error: name 'features' is not defined
[2026-02-28 18:52:57.680607] Sending success response
[2026-02-28 18:52:57.683967] Temporary layout files cleaned up.
[2026-02-28 19:41:07.460257] --- START UPLOAD: home.png ---
[2026-02-28 19:41:07.464252] Saved upload to: C:\lekshmi\AI_Home_Project\uploads\11952e74ba2442cf84668f8f73b8d793_home.png
[2026-02-28 19:41:07.466893] Falling back to OpenCV Preprocessing...
[2026-02-28 19:41:07.688312] Preprocessed image (OpenCV) to: C:\lekshmi\AI_Home_Project\processed\11952e74ba2442cf84668f8f73b8d793_home.png
[2026-02-28 19:41:07.689622] Layout Path: C:\lekshmi\AI_Home_Project\temp_layout_11952e74ba2442cf84668f8f73b8d793.json
[2026-02-28 19:41:07.690701] Layout 3D Path: C:\lekshmi\AI_Home_Project\temp_layout_3d_11952e74ba2442cf84668f8f73b8d793.json
[2026-02-28 19:41:07.691946] Running Extraction: ['C:\\Users\\user\\AppData\\Local\\Programs\\Python\\Python313\\python.exe', 'C:\\lekshmi\\AI_Home_Project\\layout_extraction.py', 'C:\\lekshmi\\AI_Home_Project\\processed\\11952e74ba2442cf84668f8f73b8d793_home.png', 'C:\\lekshmi\\AI_Home_Project\\temp_layout_11952e74ba2442cf84668f8f73b8d793.json', 'C:\\lekshmi\\AI_Home_Project\\uploads\\11952e74ba2442cf84668f8f73b8d793_home.png']
[2026-02-28 19:41:27.936055] Extraction STDOUT: DEBUG: Testing model gemini-flash-latest...
DEBUG: Selected and Validated model gemini-flash-latest
DEBUG: Found 38 contours.
 Asking AI about Room 1 (x:48, y:265)...
AI Vision Error: 403 PERMISSION_DENIED. {'error': {'code': 403, 'message': 'Your API key was reported as leaked. Please use another API key.', 'status': 'PERMISSION_DENIED'}}
 -> AI unsure.
 Asking AI about Room 2 (x:271, y:144)...
AI Vision Error: 403 PERMISSION_DENIED. {'error': {'code': 403, 'message': 'Your API key was reported as leaked. Please use another API key.', 'status': 'PERMISSION_DENIED'}}
 -> AI unsure.
 Asking AI about Room 3 (x:48, y:135)...
AI Vision Error: 403 PERMISSION_DENIED. {'error': {'code': 403, 'message': 'Your API key was reported as leaked. Please use another API key.', 'status': 'PERMISSION_DENIED'}}
 -> AI unsure.
 Asking AI about Room 4 (x:144, y:112)...
AI Vision Error: 403 PERMISSION_DENIED. {'error': {'code': 403, 'message': 'Your API key was reported as leaked. Please use another API key.', 'status': 'PERMISSION_DENIED'}}
 -> AI unsure.
 Asking AI about Room 5 (x:300, y:98)...
AI Vision Error: 403 PERMISSION_DENIED. {'error': {'code': 403, 'message': 'Your API key was reported as leaked. Please use another API key.', 'status': 'PERMISSION_DENIED'}}
 -> AI unsure.
 Asking AI about Room 6 (x:70, y:40)...
AI Vision Error: 403 PERMISSION_DENIED. {'error': {'code': 403, 'message': 'Your API key was reported as leaked. Please use another API key.', 'status': 'PERMISSION_DENIED'}}
 -> AI unsure.
 Asking AI about Room 7 (x:30, y:23)...
AI Vision Error: 403 PERMISSION_DENIED. {'error': {'code': 403, 'message': 'Your API key was reported as leaked. Please use another API key.', 'status': 'PERMISSION_DENIED'}}
 -> AI unsure.
Applying heuristics to unknown rooms...
Layout extraction completed. Output: C:\lekshmi\AI_Home_Project\temp_layout_11952e74ba2442cf84668f8f73b8d793.json

[2026-02-28 19:41:27.957220] Layout extracted: 7 rooms
[2026-02-28 19:41:27.958080] Running 3D Gen: ['C:\\Users\\user\\AppData\\Local\\Programs\\Python\\Python313\\python.exe', 'C:\\lekshmi\\AI_Home_Project\\layout_to_3d.py', 'C:\\lekshmi\\AI_Home_Project\\temp_layout_11952e74ba2442cf84668f8f73b8d793.json', 'C:\\lekshmi\\AI_Home_Project\\temp_layout_3d_11952e74ba2442cf84668f8f73b8d793.json']
[2026-02-28 19:41:28.058586] 3D Gen STDOUT: 3D layout generation completed. House size (m): 3.85 x 3.94, Output: C:\lekshmi\AI_Home_Project\temp_layout_3d_11952e74ba2442cf84668f8f73b8d793.json

[2026-02-28 19:41:28.061082] 3D layout generated successfully
[2026-02-28 19:41:28.062010] Area Check: Raw=20.52, MinExpected=105, Used=105.00
[2026-02-28 19:41:28.062941] ML Prediction Error: name 'features' is not defined
[2026-02-28 19:41:28.063489] Sending success response
[2026-02-28 19:41:28.065587] Temporary layout files cleaned up.
[2026-02-28 21:13:58.926445] --- START UPLOAD: home.png ---
[2026-02-28 21:13:58.930518] Saved upload to: C:\lekshmi\AI_Home_Project\uploads\4a052651560e4f30b84b44bccc3e3e36_home.png
[2026-02-28 21:13:58.933182] Falling back to OpenCV Preprocessing...
[2026-02-28 21:13:59.090197] Preprocessed image (OpenCV) to: C:\lekshmi\AI_Home_Project\processed\4a052651560e4f30b84b44bccc3e3e36_home.png
[2026-02-28 21:13:59.091555] Layout Path: C:\lekshmi\AI_Home_Project\temp_layout_4a052651560e4f30b84b44bccc3e3e36.json
[2026-02-28 21:13:59.092689] Layout 3D Path: C:\lekshmi\AI_Home_Project\temp_layout_3d_4a052651560e4f30b84b44bccc3e3e36.json
[2026-02-28 21:13:59.093728] Running Extraction: ['C:\\Users\\user\\AppData\\Local\\Programs\\Python\\Python313\\python.exe', 'C:\\lekshmi\\AI_Home_Project\\layout_extraction.py', 'C:\\lekshmi\\AI_Home_Project\\processed\\4a052651560e4f30b84b44bccc3e3e36_home.png', 'C:\\lekshmi\\AI_Home_Project\\temp_layout_4a052651560e4f30b84b44bccc3e3e36.json', 'C:\\lekshmi\\AI_Home_Project\\uploads\\4a052651560e4f30b84b44bccc3e3e36_home.png']
[2026-02-28 21:14:04.559341] Extraction STDOUT: DEBUG: Testing model gemini-flash-latest...
DEBUG: Model gemini-flash-latest failed validation: 403 PERMISSION_DENIED. {'error': {'code': 403, 'message': 'Your API key was reported as leaked. Please use another API key.', 'status': 'PERMISSION_DENIED'}}
DEBUG: Testing model gemini-2.0-flash...
DEBUG: Model gemini-2.0-flash failed validation: 403 PERMISSION_DENIED. {'error': {'code': 403, 'message': 'Your API key was reported as leaked. Please use another API key.', 'status': 'PERMISSION_DENIED'}}
WARNING: No working Gemini Vision model found. AI features disabled.
DEBUG: Found 38 contours.
Applying heuristics to unknown rooms...
Layout extraction completed. Output: C:\lekshmi\AI_Home_Project\temp_layout_4a052651560e4f30b84b44bccc3e3e36.json

[2026-02-28 21:14:04.580287] Layout extracted: 7 rooms
[2026-02-28 21:14:04.581922] Running 3D Gen: ['C:\\Users\\user\\AppData\\Local\\Programs\\Python\\Python313\\python.exe', 'C:\\lekshmi\\AI_Home_Project\\layout_to_3d.py', 'C:\\lekshmi\\AI_Home_Project\\temp_layout_4a052651560e4f30b84b44bccc3e3e36.json', 'C:\\lekshmi\\AI_Home_Project\\temp_layout_3d_4a052651560e4f30b84b44bccc3e3e36.json']
[2026-02-28 21:14:04.660543] 3D Gen STDOUT: 3D layout generation completed. House size (m): 3.85 x 3.94, Output: C:\lekshmi\AI_Home_Project\temp_layout_3d_4a052651560e4f30b84b44bccc3e3e36.json

[2026-02-28 21:14:04.677725] 3D layout generated successfully
[2026-02-28 21:14:04.679129] Area Check: Raw=20.52, MinExpected=105, Used=105.00
[2026-02-28 21:14:04.681689] ML Prediction Error: name 'features' is not defined
[2026-02-28 21:14:04.683283] Sending success response
[2026-02-28 21:14:04.686177] Temporary layout files cleaned up.
[2026-02-28 21:14:57.512375] --- START UPLOAD: sample.png ---
[2026-02-28 21:14:57.516376] Saved upload to: C:\lekshmi\AI_Home_Project\uploads\9ad5be4628d84f3fa7cdbc55ff882623_sample.png
[2026-02-28 21:14:57.519607] Falling back to OpenCV Preprocessing...
[2026-02-28 21:14:57.639705] Preprocessed image (OpenCV) to: C:\lekshmi\AI_Home_Project\processed\9ad5be4628d84f3fa7cdbc55ff882623_sample.png
[2026-02-28 21:14:57.640954] Layout Path: C:\lekshmi\AI_Home_Project\temp_layout_9ad5be4628d84f3fa7cdbc55ff882623.json
[2026-02-28 21:14:57.649275] Layout 3D Path: C:\lekshmi\AI_Home_Project\temp_layout_3d_9ad5be4628d84f3fa7cdbc55ff882623.json
[2026-02-28 21:14:57.650241] Running Extraction: ['C:\\Users\\user\\AppData\\Local\\Programs\\Python\\Python313\\python.exe', 'C:\\lekshmi\\AI_Home_Project\\layout_extraction.py', 'C:\\lekshmi\\AI_Home_Project\\processed\\9ad5be4628d84f3fa7cdbc55ff882623_sample.png', 'C:\\lekshmi\\AI_Home_Project\\temp_layout_9ad5be4628d84f3fa7cdbc55ff882623.json', 'C:\\lekshmi\\AI_Home_Project\\uploads\\9ad5be4628d84f3fa7cdbc55ff882623_sample.png']
[2026-02-28 21:15:03.381547] Extraction STDOUT: DEBUG: Testing model gemini-flash-latest...
DEBUG: Model gemini-flash-latest failed validation: 403 PERMISSION_DENIED. {'error': {'code': 403, 'message': 'Your API key was reported as leaked. Please use another API key.', 'status': 'PERMISSION_DENIED'}}
DEBUG: Testing model gemini-2.0-flash...
DEBUG: Model gemini-2.0-flash failed validation: 403 PERMISSION_DENIED. {'error': {'code': 403, 'message': 'Your API key was reported as leaked. Please use another API key.', 'status': 'PERMISSION_DENIED'}}
WARNING: No working Gemini Vision model found. AI features disabled.
DEBUG: Found 10 contours.
Applying heuristics to unknown rooms...
Layout extraction completed. Output: C:\lekshmi\AI_Home_Project\temp_layout_9ad5be4628d84f3fa7cdbc55ff882623.json

[2026-02-28 21:15:03.383935] Layout extracted: 3 rooms
[2026-02-28 21:15:03.384774] Running 3D Gen: ['C:\\Users\\user\\AppData\\Local\\Programs\\Python\\Python313\\python.exe', 'C:\\lekshmi\\AI_Home_Project\\layout_to_3d.py', 'C:\\lekshmi\\AI_Home_Project\\temp_layout_9ad5be4628d84f3fa7cdbc55ff882623.json', 'C:\\lekshmi\\AI_Home_Project\\temp_layout_3d_9ad5be4628d84f3fa7cdbc55ff882623.json']
[2026-02-28 21:15:03.462368] 3D Gen STDOUT: 3D layout generation completed. House size (m): 6.57 x 2.71, Output: C:\lekshmi\AI_Home_Project\temp_layout_3d_9ad5be4628d84f3fa7cdbc55ff882623.json

[2026-02-28 21:15:03.481833] 3D layout generated successfully
[2026-02-28 21:15:03.483067] Area Check: Raw=22.39, MinExpected=45, Used=45.00
[2026-02-28 21:15:03.484045] ML Prediction Error: name 'features' is not defined
[2026-02-28 21:15:03.485296] Sending success response
[2026-02-28 21:15:03.488776] Temporary layout files cleaned up.
[2026-03-01 19:40:20.110461] --- START UPLOAD: home.png ---
[2026-03-01 19:40:20.113486] Saved upload to: C:\lekshmi\AI_Home_Project\uploads\1e335e03faed49efaab24f50c3301bda_home.png
[2026-03-01 19:40:20.116167] Falling back to OpenCV Preprocessing...
[2026-03-01 19:40:20.356513] Preprocessed image (OpenCV) to: C:\lekshmi\AI_Home_Project\processed\1e335e03faed49efaab24f50c3301bda_home.png
[2026-03-01 19:40:20.357469] Layout Path: C:\lekshmi\AI_Home_Project\temp_layout_1e335e03faed49efaab24f50c3301bda.json
[2026-03-01 19:40:20.358220] Layout 3D Path: C:\lekshmi\AI_Home_Project\temp_layout_3d_1e335e03faed49efaab24f50c3301bda.json
[2026-03-01 19:40:20.359322] Running Extraction: ['C:\\Users\\user\\AppData\\Local\\Programs\\Python\\Python313\\python.exe', 'C:\\lekshmi\\AI_Home_Project\\layout_extraction.py', 'C:\\lekshmi\\AI_Home_Project\\processed\\1e335e03faed49efaab24f50c3301bda_home.png', 'C:\\lekshmi\\AI_Home_Project\\temp_layout_1e335e03faed49efaab24f50c3301bda.json', 'C:\\lekshmi\\AI_Home_Project\\uploads\\1e335e03faed49efaab24f50c3301bda_home.png']
[2026-03-01 19:42:46.001891] Extraction STDOUT: DEBUG: Testing model gemini-1.5-flash-8b...
DEBUG: Model gemini-1.5-flash-8b failed validation: 404 NOT_FOUND. {'error': {'code': 404, 'message': 'models/gemini-1.5-flash-8b is not found for API version v1beta, or is not supported for generateContent. Call ListModels to see the list of available models and their supported methods.', 'status': 'NOT_FOUND'}}
DEBUG: Testing model gemini-1.5-flash...
DEBUG: Model gemini-1.5-flash failed validation: 404 NOT_FOUND. {'error': {'code': 404, 'message': 'models/gemini-1.5-flash is not found for API version v1beta, or is not supported for generateContent. Call ListModels to see the list of available models and their supported methods.', 'status': 'NOT_FOUND'}}
DEBUG: Testing model gemini-flash-latest...
DEBUG: Selected and Validated model gemini-flash-latest
DEBUG: Found 38 contours.
 Asking AI about Room 1 (x:48, y:265)...
 -> AI says: Bedroom
 Asking AI about Room 2 (x:271, y:144)...
 -> AI says: Living Room
 Asking AI about Room 3 (x:48, y:135)...
 -> AI says: Bedroom
 Asking AI about Room 4 (x:144, y:112)...
 -> AI says: Living Room
 Asking AI about Room 5 (x:300, y:98)...
 -> AI says: Kitchen
 Asking AI about Room 6 (x:70, y:40)...
 -> AI says: Bedroom
 Asking AI about Room 7 (x:30, y:23)...
 -> AI unsure.
Applying heuristics to unknown rooms...
Layout extraction completed. Output: C:\lekshmi\AI_Home_Project\temp_layout_1e335e03faed49efaab24f50c3301bda.json

[2026-03-01 19:42:46.004201] Layout extracted: 7 rooms
[2026-03-01 19:42:46.005108] Running 3D Gen: ['C:\\Users\\user\\AppData\\Local\\Programs\\Python\\Python313\\python.exe', 'C:\\lekshmi\\AI_Home_Project\\layout_to_3d.py', 'C:\\lekshmi\\AI_Home_Project\\temp_layout_1e335e03faed49efaab24f50c3301bda.json', 'C:\\lekshmi\\AI_Home_Project\\temp_layout_3d_1e335e03faed49efaab24f50c3301bda.json']
[2026-03-01 19:42:46.177570] 3D Gen STDOUT: 3D layout generation completed. House size (m): 3.85 x 3.94, Output: C:\lekshmi\AI_Home_Project\temp_layout_3d_1e335e03faed49efaab24f50c3301bda.json

[2026-03-01 19:42:46.197809] 3D layout generated successfully
[2026-03-01 19:42:46.198776] Area Check: Raw=20.52, MinExpected=105, Used=105.00
[2026-03-01 19:42:46.202649] ML Prediction Error: name 'features' is not defined
[2026-03-01 19:42:46.204436] Sending success response
[2026-03-01 19:42:46.207400] Temporary layout files cleaned up.
[2026-03-01 19:42:46.217997] --- START UPLOAD: sample.png ---
[2026-03-01 19:42:46.221258] Saved upload to: C:\lekshmi\AI_Home_Project\uploads\c3a5e5a6b68b464ead2469c29ed083ad_sample.png
[2026-03-01 19:42:46.223882] Falling back to OpenCV Preprocessing...
[2026-03-01 19:42:46.347818] Preprocessed image (OpenCV) to: C:\lekshmi\AI_Home_Project\processed\c3a5e5a6b68b464ead2469c29ed083ad_sample.png
[2026-03-01 19:42:46.348814] Layout Path: C:\lekshmi\AI_Home_Project\temp_layout_c3a5e5a6b68b464ead2469c29ed083ad.json
[2026-03-01 19:42:46.350278] Layout 3D Path: C:\lekshmi\AI_Home_Project\temp_layout_3d_c3a5e5a6b68b464ead2469c29ed083ad.json
[2026-03-01 19:42:46.351338] Running Extraction: ['C:\\Users\\user\\AppData\\Local\\Programs\\Python\\Python313\\python.exe', 'C:\\lekshmi\\AI_Home_Project\\layout_extraction.py', 'C:\\lekshmi\\AI_Home_Project\\processed\\c3a5e5a6b68b464ead2469c29ed083ad_sample.png', 'C:\\lekshmi\\AI_Home_Project\\temp_layout_c3a5e5a6b68b464ead2469c29ed083ad.json', 'C:\\lekshmi\\AI_Home_Project\\uploads\\c3a5e5a6b68b464ead2469c29ed083ad_sample.png']
[2026-03-01 19:44:46.542663] Extraction STDOUT: DEBUG: Testing model gemini-1.5-flash-8b...
DEBUG: Model gemini-1.5-flash-8b failed validation: 404 NOT_FOUND. {'error': {'code': 404, 'message': 'models/gemini-1.5-flash-8b is not found for API version v1beta, or is not supported for generateContent. Call ListModels to see the list of available models and their supported methods.', 'status': 'NOT_FOUND'}}
DEBUG: Testing model gemini-1.5-flash...
DEBUG: Model gemini-1.5-flash failed validation: 404 NOT_FOUND. {'error': {'code': 404, 'message': 'models/gemini-1.5-flash is not found for API version v1beta, or is not supported for generateContent. Call ListModels to see the list of available models and their supported methods.', 'status': 'NOT_FOUND'}}
DEBUG: Testing model gemini-flash-latest...
DEBUG: Selected and Validated model gemini-flash-latest
DEBUG: Found 10 contours.
 Asking AI about Room 1 (x:152, y:135)...
 -> AI says: Bedroom
 Asking AI about Room 2 (x:129, y:33)...
AI Vision Error: 503 UNAVAILABLE. {'error': {'code': 503, 'message': 'This model is currently experiencing high demand. Spikes in demand are usually temporary. Please try again later.', 'status': 'UNAVAILABLE'}}
 -> AI unsure.
 Asking AI about Room 3 (x:115, y:17)...
 -> AI says: Bedroom
Applying heuristics to unknown rooms...
Layout extraction completed. Output: C:\lekshmi\AI_Home_Project\temp_layout_c3a5e5a6b68b464ead2469c29ed083ad.json

[2026-03-01 19:44:46.543961] Layout extracted: 3 rooms
[2026-03-01 19:44:46.544520] Running 3D Gen: ['C:\\Users\\user\\AppData\\Local\\Programs\\Python\\Python313\\python.exe', 'C:\\lekshmi\\AI_Home_Project\\layout_to_3d.py', 'C:\\lekshmi\\AI_Home_Project\\temp_layout_c3a5e5a6b68b464ead2469c29ed083ad.json', 'C:\\lekshmi\\AI_Home_Project\\temp_layout_3d_c3a5e5a6b68b464ead2469c29ed083ad.json']
[2026-03-01 19:44:46.697806] 3D Gen STDOUT: 3D layout generation completed. House size (m): 6.57 x 2.71, Output: C:\lekshmi\AI_Home_Project\temp_layout_3d_c3a5e5a6b68b464ead2469c29ed083ad.json

[2026-03-01 19:44:46.717574] 3D layout generated successfully
[2026-03-01 19:44:46.718363] Area Check: Raw=22.39, MinExpected=45, Used=45.00
[2026-03-01 19:44:46.719193] ML Prediction Error: name 'features' is not defined
[2026-03-01 19:44:46.720034] Sending success response
[2026-03-01 19:44:46.721506] Temporary layout files cleaned up.
[2026-03-01 19:44:46.726052] --- START UPLOAD: home.png ---
[2026-03-01 19:44:46.727992] Saved upload to: C:\lekshmi\AI_Home_Project\uploads\fb733fde523a4fcd8fbe24490f4d21fa_home.png
[2026-03-01 19:44:46.729647] Falling back to OpenCV Preprocessing...
[2026-03-01 19:44:46.864517] Preprocessed image (OpenCV) to: C:\lekshmi\AI_Home_Project\processed\fb733fde523a4fcd8fbe24490f4d21fa_home.png
[2026-03-01 19:44:46.865621] Layout Path: C:\lekshmi\AI_Home_Project\temp_layout_fb733fde523a4fcd8fbe24490f4d21fa.json
[2026-03-01 19:44:46.866423] Layout 3D Path: C:\lekshmi\AI_Home_Project\temp_layout_3d_fb733fde523a4fcd8fbe24490f4d21fa.json
[2026-03-01 19:44:46.867298] Running Extraction: ['C:\\Users\\user\\AppData\\Local\\Programs\\Python\\Python313\\python.exe', 'C:\\lekshmi\\AI_Home_Project\\layout_extraction.py', 'C:\\lekshmi\\AI_Home_Project\\processed\\fb733fde523a4fcd8fbe24490f4d21fa_home.png', 'C:\\lekshmi\\AI_Home_Project\\temp_layout_fb733fde523a4fcd8fbe24490f4d21fa.json', 'C:\\lekshmi\\AI_Home_Project\\uploads\\fb733fde523a4fcd8fbe24490f4d21fa_home.png']
[2026-03-01 19:46:35.609976] Extraction STDOUT: DEBUG: Testing model gemini-1.5-flash-8b...
DEBUG: Model gemini-1.5-flash-8b failed validation: 404 NOT_FOUND. {'error': {'code': 404, 'message': 'models/gemini-1.5-flash-8b is not found for API version v1beta, or is not supported for generateContent. Call ListModels to see the list of available models and their supported methods.', 'status': 'NOT_FOUND'}}
DEBUG: Testing model gemini-1.5-flash...
DEBUG: Model gemini-1.5-flash failed validation: 404 NOT_FOUND. {'error': {'code': 404, 'message': 'models/gemini-1.5-flash is not found for API version v1beta, or is not supported for generateContent. Call ListModels to see the list of available models and their supported methods.', 'status': 'NOT_FOUND'}}
DEBUG: Testing model gemini-flash-latest...
DEBUG: Selected and Validated model gemini-flash-latest
DEBUG: Found 38 contours.
 Asking AI about Room 1 (x:48, y:265)...
 -> AI says: Bedroom
 Asking AI about Room 2 (x:271, y:144)...
 -> AI says: Living Room
 Asking AI about Room 3 (x:48, y:135)...
 -> AI says: Bedroom
 Asking AI about Room 4 (x:144, y:112)...
 -> AI says: Living Room
 Asking AI about Room 5 (x:300, y:98)...
AI Vision Error: 429 RESOURCE_EXHAUSTED. {'error': {'code': 429, 'message': 'You exceeded your current quota, please check your plan and billing details. For more information on this error, head to: https://ai.google.dev/gemini-api/docs/rate-limits. To monitor your current usage, head to: https://ai.dev/rate-limit. \n* Quota exceeded for metric: generativelanguage.googleapis.com/generate_content_free_tier_requests, limit: 20, model: gemini-3-flash\nPlease retry in 51.043227829s.', 'status': 'RESOURCE_EXHAUSTED', 'details': [{'@type': 'type.googleapis.com/google.rpc.Help', 'links': [{'description': 'Learn more about Gemini API quotas', 'url': 'https://ai.google.dev/gemini-api/docs/rate-limits'}]}, {'@type': 'type.googleapis.com/google.rpc.QuotaFailure', 'violations': [{'quotaMetric': 'generativelanguage.googleapis.com/generate_content_free_tier_requests', 'quotaId': 'GenerateRequestsPerDayPerProjectPerModel-FreeTier', 'quotaDimensions': {'model': 'gemini-3-flash', 'location': 'global'}, 'quotaValue': '20'}]}, {'@type': 'type.googleapis.com/google.rpc.RetryInfo', 'retryDelay': '51s'}]}}
 -> AI unsure.
 Asking AI about Room 6 (x:70, y:40)...
AI Vision Error: 429 RESOURCE_EXHAUSTED. {'error': {'code': 429, 'message': 'You exceeded your current quota, please check your plan and billing details. For more information on this error, head to: https://ai.google.dev/gemini-api/docs/rate-limits. To monitor your current usage, head to: https://ai.dev/rate-limit. \n* Quota exceeded for metric: generativelanguage.googleapis.com/generate_content_free_tier_requests, limit: 20, model: gemini-3-flash\nPlease retry in 49.695432733s.', 'status': 'RESOURCE_EXHAUSTED', 'details': [{'@type': 'type.googleapis.com/google.rpc.Help', 'links': [{'description': 'Learn more about Gemini API quotas', 'url': 'https://ai.google.dev/gemini-api/docs/rate-limits'}]}, {'@type': 'type.googleapis.com/google.rpc.QuotaFailure', 'violations': [{'quotaMetric': 'generativelanguage.googleapis.com/generate_content_free_tier_requests', 'quotaId': 'GenerateRequestsPerDayPerProjectPerModel-FreeTier', 'quotaDimensions': {'location': 'global', 'model': 'gemini-3-flash'}, 'quotaValue': '20'}]}, {'@type': 'type.googleapis.com/google.rpc.RetryInfo', 'retryDelay': '49s'}]}}
 -> AI unsure.
 Asking AI about Room 7 (x:30, y:23)...
 -> AI unsure.
Applying heuristics to unknown rooms...
Layout extraction completed. Output: C:\lekshmi\AI_Home_Project\temp_layout_fb733fde523a4fcd8fbe24490f4d21fa.json

[2026-03-01 19:46:35.611483] Layout extracted: 7 rooms
[2026-03-01 19:46:35.612321] Running 3D Gen: ['C:\\Users\\user\\AppData\\Local\\Programs\\Python\\Python313\\python.exe', 'C:\\lekshmi\\AI_Home_Project\\layout_to_3d.py', 'C:\\lekshmi\\AI_Home_Project\\temp_layout_fb733fde523a4fcd8fbe24490f4d21fa.json', 'C:\\lekshmi\\AI_Home_Project\\temp_layout_3d_fb733fde523a4fcd8fbe24490f4d21fa.json']
[2026-03-01 19:46:35.768257] 3D Gen STDOUT: 3D layout generation completed. House size (m): 3.85 x 3.94, Output: C:\lekshmi\AI_Home_Project\temp_layout_3d_fb733fde523a4fcd8fbe24490f4d21fa.json

[2026-03-01 19:46:35.788420] 3D layout generated successfully
[2026-03-01 19:46:35.790240] Area Check: Raw=20.52, MinExpected=105, Used=105.00
[2026-03-01 19:46:35.791516] ML Prediction Error: name 'features' is not defined
[2026-03-01 19:46:35.792429] Sending success response
[2026-03-01 19:46:35.801813] Temporary layout files cleaned up.
[2026-03-01 19:46:35.806400] --- START UPLOAD: home.png ---
[2026-03-01 19:46:35.810396] Saved upload to: C:\lekshmi\AI_Home_Project\uploads\0bab03b265874f2eabadfa83ae924aa5_home.png
[2026-03-01 19:46:35.813724] Falling back to OpenCV Preprocessing...
[2026-03-01 19:46:35.998525] Preprocessed image (OpenCV) to: C:\lekshmi\AI_Home_Project\processed\0bab03b265874f2eabadfa83ae924aa5_home.png
[2026-03-01 19:46:36.003439] Layout Path: C:\lekshmi\AI_Home_Project\temp_layout_0bab03b265874f2eabadfa83ae924aa5.json
[2026-03-01 19:46:36.004658] Layout 3D Path: C:\lekshmi\AI_Home_Project\temp_layout_3d_0bab03b265874f2eabadfa83ae924aa5.json
[2026-03-01 19:46:36.005634] Running Extraction: ['C:\\Users\\user\\AppData\\Local\\Programs\\Python\\Python313\\python.exe', 'C:\\lekshmi\\AI_Home_Project\\layout_extraction.py', 'C:\\lekshmi\\AI_Home_Project\\processed\\0bab03b265874f2eabadfa83ae924aa5_home.png', 'C:\\lekshmi\\AI_Home_Project\\temp_layout_0bab03b265874f2eabadfa83ae924aa5.json', 'C:\\lekshmi\\AI_Home_Project\\uploads\\0bab03b265874f2eabadfa83ae924aa5_home.png']
[2026-03-01 19:46:43.633265] Extraction STDOUT: DEBUG: Testing model gemini-1.5-flash-8b...
DEBUG: Model gemini-1.5-flash-8b failed validation: 404 NOT_FOUND. {'error': {'code': 404, 'message': 'models/gemini-1.5-flash-8b is not found for API version v1beta, or is not supported for generateContent. Call ListModels to see the list of available models and their supported methods.', 'status': 'NOT_FOUND'}}
DEBUG: Testing model gemini-1.5-flash...
DEBUG: Model gemini-1.5-flash failed validation: 404 NOT_FOUND. {'error': {'code': 404, 'message': 'models/gemini-1.5-flash is not found for API version v1beta, or is not supported for generateContent. Call ListModels to see the list of available models and their supported methods.', 'status': 'NOT_FOUND'}}
DEBUG: Testing model gemini-flash-latest...
DEBUG: Model gemini-flash-latest failed validation: 429 RESOURCE_EXHAUSTED. {'error': {'code': 429, 'message': 'You exceeded your current quota, please check your plan and billing details. For more information on this error, head to: https://ai.google.dev/gemini-api/docs/rate-limits. To monitor your current usage, head to: https://ai.dev/rate-limit. \n* Quota exceeded for metric: generativelanguage.googleapis.com/generate_content_free_tier_requests, limit: 20, model: gemini-3-flash\nPlease retry in 16.732816213s.', 'status': 'RESOURCE_EXHAUSTED', 'details': [{'@type': 'type.googleapis.com/google.rpc.Help', 'links': [{'description': 'Learn more about Gemini API quotas', 'url': 'https://ai.google.dev/gemini-api/docs/rate-limits'}]}, {'@type': 'type.googleapis.com/google.rpc.QuotaFailure', 'violations': [{'quotaMetric': 'generativelanguage.googleapis.com/generate_content_free_tier_requests', 'quotaId': 'GenerateRequestsPerDayPerProjectPerModel-FreeTier', 'quotaDimensions': {'location': 'global', 'model': 'gemini-3-flash'}, 'quotaValue': '20'}]}, {'@type': 'type.googleapis.com/google.rpc.RetryInfo', 'retryDelay': '16s'}]}}
WARNING: No working Gemini Vision model found. AI features disabled.
DEBUG: Found 38 contours.
Applying heuristics to unknown rooms...
Layout extraction completed. Output: C:\lekshmi\AI_Home_Project\temp_layout_0bab03b265874f2eabadfa83ae924aa5.json

[2026-03-01 19:46:43.634921] Layout extracted: 7 rooms
[2026-03-01 19:46:43.635782] Running 3D Gen: ['C:\\Users\\user\\AppData\\Local\\Programs\\Python\\Python313\\python.exe', 'C:\\lekshmi\\AI_Home_Project\\layout_to_3d.py', 'C:\\lekshmi\\AI_Home_Project\\temp_layout_0bab03b265874f2eabadfa83ae924aa5.json', 'C:\\lekshmi\\AI_Home_Project\\temp_layout_3d_0bab03b265874f2eabadfa83ae924aa5.json']
[2026-03-01 19:46:43.769529] 3D Gen STDOUT: 3D layout generation completed. House size (m): 3.85 x 3.94, Output: C:\lekshmi\AI_Home_Project\temp_layout_3d_0bab03b265874f2eabadfa83ae924aa5.json

[2026-03-01 19:46:43.790734] 3D layout generated successfully
[2026-03-01 19:46:43.791959] Area Check: Raw=20.52, MinExpected=105, Used=105.00
[2026-03-01 19:46:43.792823] ML Prediction Error: name 'features' is not defined
[2026-03-01 19:46:43.794046] Sending success response
[2026-03-01 19:46:43.797055] Temporary layout files cleaned up.
[2026-03-01 19:46:43.809701] --- START UPLOAD: sample.png ---
[2026-03-01 19:46:43.811470] Saved upload to: C:\lekshmi\AI_Home_Project\uploads\476a889abb0e407985e6cf9de2d26298_sample.png
[2026-03-01 19:46:43.814823] Falling back to OpenCV Preprocessing...
[2026-03-01 19:46:43.948704] Preprocessed image (OpenCV) to: C:\lekshmi\AI_Home_Project\processed\476a889abb0e407985e6cf9de2d26298_sample.png
[2026-03-01 19:46:43.951375] Layout Path: C:\lekshmi\AI_Home_Project\temp_layout_476a889abb0e407985e6cf9de2d26298.json
[2026-03-01 19:46:43.952236] Layout 3D Path: C:\lekshmi\AI_Home_Project\temp_layout_3d_476a889abb0e407985e6cf9de2d26298.json
[2026-03-01 19:46:43.953247] Running Extraction: ['C:\\Users\\user\\AppData\\Local\\Programs\\Python\\Python313\\python.exe', 'C:\\lekshmi\\AI_Home_Project\\layout_extraction.py', 'C:\\lekshmi\\AI_Home_Project\\processed\\476a889abb0e407985e6cf9de2d26298_sample.png', 'C:\\lekshmi\\AI_Home_Project\\temp_layout_476a889abb0e407985e6cf9de2d26298.json', 'C:\\lekshmi\\AI_Home_Project\\uploads\\476a889abb0e407985e6cf9de2d26298_sample.png']
[2026-03-01 19:46:51.755632] Extraction STDOUT: DEBUG: Testing model gemini-1.5-flash-8b...
DEBUG: Model gemini-1.5-flash-8b failed validation: 404 NOT_FOUND. {'error': {'code': 404, 'message': 'models/gemini-1.5-flash-8b is not found for API version v1beta, or is not supported for generateContent. Call ListModels to see the list of available models and their supported methods.', 'status': 'NOT_FOUND'}}
DEBUG: Testing model gemini-1.5-flash...
DEBUG: Model gemini-1.5-flash failed validation: 404 NOT_FOUND. {'error': {'code': 404, 'message': 'models/gemini-1.5-flash is not found for API version v1beta, or is not supported for generateContent. Call ListModels to see the list of available models and their supported methods.', 'status': 'NOT_FOUND'}}
DEBUG: Testing model gemini-flash-latest...
DEBUG: Model gemini-flash-latest failed validation: 429 RESOURCE_EXHAUSTED. {'error': {'code': 429, 'message': 'You exceeded your current quota, please check your plan and billing details. For more information on this error, head to: https://ai.google.dev/gemini-api/docs/rate-limits. To monitor your current usage, head to: https://ai.dev/rate-limit. \n* Quota exceeded for metric: generativelanguage.googleapis.com/generate_content_free_tier_requests, limit: 20, model: gemini-3-flash\nPlease retry in 8.623813631s.', 'status': 'RESOURCE_EXHAUSTED', 'details': [{'@type': 'type.googleapis.com/google.rpc.Help', 'links': [{'description': 'Learn more about Gemini API quotas', 'url': 'https://ai.google.dev/gemini-api/docs/rate-limits'}]}, {'@type': 'type.googleapis.com/google.rpc.QuotaFailure', 'violations': [{'quotaMetric': 'generativelanguage.googleapis.com/generate_content_free_tier_requests', 'quotaId': 'GenerateRequestsPerDayPerProjectPerModel-FreeTier', 'quotaDimensions': {'location': 'global', 'model': 'gemini-3-flash'}, 'quotaValue': '20'}]}, {'@type': 'type.googleapis.com/google.rpc.RetryInfo', 'retryDelay': '8s'}]}}
WARNING: No working Gemini Vision model found. AI features disabled.
DEBUG: Found 10 contours.
Applying heuristics to unknown rooms...
Layout extraction completed. Output: C:\lekshmi\AI_Home_Project\temp_layout_476a889abb0e407985e6cf9de2d26298.json

[2026-03-01 19:46:51.757026] Layout extracted: 3 rooms
[2026-03-01 19:46:51.757908] Running 3D Gen: ['C:\\Users\\user\\AppData\\Local\\Programs\\Python\\Python313\\python.exe', 'C:\\lekshmi\\AI_Home_Project\\layout_to_3d.py', 'C:\\lekshmi\\AI_Home_Project\\temp_layout_476a889abb0e407985e6cf9de2d26298.json', 'C:\\lekshmi\\AI_Home_Project\\temp_layout_3d_476a889abb0e407985e6cf9de2d26298.json']
[2026-03-01 19:46:51.930213] 3D Gen STDOUT: 3D layout generation completed. House size (m): 6.57 x 2.71, Output: C:\lekshmi\AI_Home_Project\temp_layout_3d_476a889abb0e407985e6cf9de2d26298.json

[2026-03-01 19:46:51.964375] 3D layout generated successfully
[2026-03-01 19:46:51.968192] Area Check: Raw=22.39, MinExpected=45, Used=45.00
[2026-03-01 19:46:51.970569] ML Prediction Error: name 'features' is not defined
[2026-03-01 19:46:51.971604] Sending success response
[2026-03-01 19:46:51.974227] Temporary layout files cleaned up.
[2026-03-01 19:47:09.017819] --- START UPLOAD: home.png ---
[2026-03-01 19:47:09.022974] Saved upload to: C:\lekshmi\AI_Home_Project\uploads\cfa3367083334b0d94765ee3ef713e94_home.png
[2026-03-01 19:47:09.026040] Falling back to OpenCV Preprocessing...
[2026-03-01 19:47:09.193014] Preprocessed image (OpenCV) to: C:\lekshmi\AI_Home_Project\processed\cfa3367083334b0d94765ee3ef713e94_home.png
[2026-03-01 19:47:09.194033] Layout Path: C:\lekshmi\AI_Home_Project\temp_layout_cfa3367083334b0d94765ee3ef713e94.json
[2026-03-01 19:47:09.194873] Layout 3D Path: C:\lekshmi\AI_Home_Project\temp_layout_3d_cfa3367083334b0d94765ee3ef713e94.json
[2026-03-01 19:47:09.195674] Running Extraction: ['C:\\Users\\user\\AppData\\Local\\Programs\\Python\\Python313\\python.exe', 'C:\\lekshmi\\AI_Home_Project\\layout_extraction.py', 'C:\\lekshmi\\AI_Home_Project\\processed\\cfa3367083334b0d94765ee3ef713e94_home.png', 'C:\\lekshmi\\AI_Home_Project\\temp_layout_cfa3367083334b0d94765ee3ef713e94.json', 'C:\\lekshmi\\AI_Home_Project\\uploads\\cfa3367083334b0d94765ee3ef713e94_home.png']
[2026-03-01 19:47:16.200911] Extraction STDOUT: DEBUG: Testing model gemini-1.5-flash-8b...
DEBUG: Model gemini-1.5-flash-8b failed validation: 404 NOT_FOUND. {'error': {'code': 404, 'message': 'models/gemini-1.5-flash-8b is not found for API version v1beta, or is not supported for generateContent. Call ListModels to see the list of available models and their supported methods.', 'status': 'NOT_FOUND'}}
DEBUG: Testing model gemini-1.5-flash...
DEBUG: Model gemini-1.5-flash failed validation: 404 NOT_FOUND. {'error': {'code': 404, 'message': 'models/gemini-1.5-flash is not found for API version v1beta, or is not supported for generateContent. Call ListModels to see the list of available models and their supported methods.', 'status': 'NOT_FOUND'}}
DEBUG: Testing model gemini-flash-latest...
DEBUG: Model gemini-flash-latest failed validation: 429 RESOURCE_EXHAUSTED. {'error': {'code': 429, 'message': 'You exceeded your current quota, please check your plan and billing details. For more information on this error, head to: https://ai.google.dev/gemini-api/docs/rate-limits. To monitor your current usage, head to: https://ai.dev/rate-limit. \n* Quota exceeded for metric: generativelanguage.googleapis.com/generate_content_free_tier_requests, limit: 20, model: gemini-3-flash\nPlease retry in 44.11659129s.', 'status': 'RESOURCE_EXHAUSTED', 'details': [{'@type': 'type.googleapis.com/google.rpc.Help', 'links': [{'description': 'Learn more about Gemini API quotas', 'url': 'https://ai.google.dev/gemini-api/docs/rate-limits'}]}, {'@type': 'type.googleapis.com/google.rpc.QuotaFailure', 'violations': [{'quotaMetric': 'generativelanguage.googleapis.com/generate_content_free_tier_requests', 'quotaId': 'GenerateRequestsPerDayPerProjectPerModel-FreeTier', 'quotaDimensions': {'location': 'global', 'model': 'gemini-3-flash'}, 'quotaValue': '20'}]}, {'@type': 'type.googleapis.com/google.rpc.RetryInfo', 'retryDelay': '44s'}]}}
WARNING: No working Gemini Vision model found. AI features disabled.
DEBUG: Found 38 contours.
Applying heuristics to unknown rooms...
Layout extraction completed. Output: C:\lekshmi\AI_Home_Project\temp_layout_cfa3367083334b0d94765ee3ef713e94.json

[2026-03-01 19:47:16.202491] Layout extracted: 7 rooms
[2026-03-01 19:47:16.203381] Running 3D Gen: ['C:\\Users\\user\\AppData\\Local\\Programs\\Python\\Python313\\python.exe', 'C:\\lekshmi\\AI_Home_Project\\layout_to_3d.py', 'C:\\lekshmi\\AI_Home_Project\\temp_layout_cfa3367083334b0d94765ee3ef713e94.json', 'C:\\lekshmi\\AI_Home_Project\\temp_layout_3d_cfa3367083334b0d94765ee3ef713e94.json']
[2026-03-01 19:47:16.346120] 3D Gen STDOUT: 3D layout generation completed. House size (m): 3.85 x 3.94, Output: C:\lekshmi\AI_Home_Project\temp_layout_3d_cfa3367083334b0d94765ee3ef713e94.json

[2026-03-01 19:47:16.351001] 3D layout generated successfully
[2026-03-01 19:47:16.352070] Area Check: Raw=20.52, MinExpected=105, Used=105.00
[2026-03-01 19:47:16.353628] ML Prediction Error: name 'features' is not defined
[2026-03-01 19:47:16.354594] Sending success response
[2026-03-01 19:47:16.357642] Temporary layout files cleaned up.
[2026-03-01 19:52:27.926631] --- START UPLOAD: home.png ---
[2026-03-01 19:52:27.930556] Saved upload to: C:\lekshmi\AI_Home_Project\uploads\07f7a0f7a8b54c3d824f7490ff131e06_home.png
[2026-03-01 19:52:27.933032] Falling back to OpenCV Preprocessing...
[2026-03-01 19:52:28.150007] Preprocessed image (OpenCV) to: C:\lekshmi\AI_Home_Project\processed\07f7a0f7a8b54c3d824f7490ff131e06_home.png
[2026-03-01 19:52:28.151875] Layout Path: C:\lekshmi\AI_Home_Project\temp_layout_07f7a0f7a8b54c3d824f7490ff131e06.json
[2026-03-01 19:52:28.153324] Layout 3D Path: C:\lekshmi\AI_Home_Project\temp_layout_3d_07f7a0f7a8b54c3d824f7490ff131e06.json
[2026-03-01 19:52:28.154666] Running Extraction: ['C:\\Users\\user\\AppData\\Local\\Programs\\Python\\Python313\\python.exe', 'C:\\lekshmi\\AI_Home_Project\\layout_extraction.py', 'C:\\lekshmi\\AI_Home_Project\\processed\\07f7a0f7a8b54c3d824f7490ff131e06_home.png', 'C:\\lekshmi\\AI_Home_Project\\temp_layout_07f7a0f7a8b54c3d824f7490ff131e06.json', 'C:\\lekshmi\\AI_Home_Project\\uploads\\07f7a0f7a8b54c3d824f7490ff131e06_home.png']
[2026-03-01 19:53:19.287731] Extraction STDOUT: DEBUG: Testing model gemini-1.5-flash-8b...
DEBUG: Model gemini-1.5-flash-8b failed validation: 404 NOT_FOUND. {'error': {'code': 404, 'message': 'models/gemini-1.5-flash-8b is not found for API version v1beta, or is not supported for generateContent. Call ListModels to see the list of available models and their supported methods.', 'status': 'NOT_FOUND'}}
DEBUG: Testing model gemini-1.5-flash...
DEBUG: Model gemini-1.5-flash failed validation: 404 NOT_FOUND. {'error': {'code': 404, 'message': 'models/gemini-1.5-flash is not found for API version v1beta, or is not supported for generateContent. Call ListModels to see the list of available models and their supported methods.', 'status': 'NOT_FOUND'}}
DEBUG: Testing model gemini-flash-latest...
DEBUG: Selected and Validated model gemini-flash-latest
DEBUG: Found 38 contours.
 Asking AI about Room 1 (x:48, y:265)...
 -> AI says: Bedroom
 Asking AI about Room 2 (x:271, y:144)...
 -> AI says: Living Room
 Asking AI about Room 3 (x:48, y:135)...
 -> AI says: Bedroom
 Asking AI about Room 4 (x:144, y:112)...
 -> AI says: Living Room
 Asking AI about Room 5 (x:300, y:98)...
 -> AI says: Kitchen
 Asking AI about Room 6 (x:70, y:40)...
AI Vision Error: 429 RESOURCE_EXHAUSTED. {'error': {'code': 429, 'message': 'You exceeded your current quota, please check your plan and billing details. For more information on this error, head to: https://ai.google.dev/gemini-api/docs/rate-limits. To monitor your current usage, head to: https://ai.dev/rate-limit. \n* Quota exceeded for metric: generativelanguage.googleapis.com/generate_content_free_tier_requests, limit: 5, model: gemini-3-flash\nPlease retry in 43.384791916s.', 'status': 'RESOURCE_EXHAUSTED', 'details': [{'@type': 'type.googleapis.com/google.rpc.Help', 'links': [{'description': 'Learn more about Gemini API quotas', 'url': 'https://ai.google.dev/gemini-api/docs/rate-limits'}]}, {'@type': 'type.googleapis.com/google.rpc.QuotaFailure', 'violations': [{'quotaMetric': 'generativelanguage.googleapis.com/generate_content_free_tier_requests', 'quotaId': 'GenerateRequestsPerMinutePerProjectPerModel-FreeTier', 'quotaDimensions': {'location': 'global', 'model': 'gemini-3-flash'}, 'quotaValue': '5'}]}, {'@type': 'type.googleapis.com/google.rpc.RetryInfo', 'retryDelay': '43s'}]}}
 -> AI unsure.
 Asking AI about Room 7 (x:30, y:23)...
AI Vision Error: 429 RESOURCE_EXHAUSTED. {'error': {'code': 429, 'message': 'You exceeded your current quota, please check your plan and billing details. For more information on this error, head to: https://ai.google.dev/gemini-api/docs/rate-limits. To monitor your current usage, head to: https://ai.dev/rate-limit. \n* Quota exceeded for metric: generativelanguage.googleapis.com/generate_content_free_tier_requests, limit: 5, model: gemini-3-flash\nPlease retry in 42.018875316s.', 'status': 'RESOURCE_EXHAUSTED', 'details': [{'@type': 'type.googleapis.com/google.rpc.Help', 'links': [{'description': 'Learn more about Gemini API quotas', 'url': 'https://ai.google.dev/gemini-api/docs/rate-limits'}]}, {'@type': 'type.googleapis.com/google.rpc.QuotaFailure', 'violations': [{'quotaMetric': 'generativelanguage.googleapis.com/generate_content_free_tier_requests', 'quotaId': 'GenerateRequestsPerMinutePerProjectPerModel-FreeTier', 'quotaDimensions': {'model': 'gemini-3-flash', 'location': 'global'}, 'quotaValue': '5'}]}, {'@type': 'type.googleapis.com/google.rpc.RetryInfo', 'retryDelay': '42s'}]}}
 -> AI unsure.
Applying heuristics to unknown rooms...
Layout extraction completed. Output: C:\lekshmi\AI_Home_Project\temp_layout_07f7a0f7a8b54c3d824f7490ff131e06.json

[2026-03-01 19:53:19.289131] Layout extracted: 7 rooms
[2026-03-01 19:53:19.290168] Running 3D Gen: ['C:\\Users\\user\\AppData\\Local\\Programs\\Python\\Python313\\python.exe', 'C:\\lekshmi\\AI_Home_Project\\layout_to_3d.py', 'C:\\lekshmi\\AI_Home_Project\\temp_layout_07f7a0f7a8b54c3d824f7490ff131e06.json', 'C:\\lekshmi\\AI_Home_Project\\temp_layout_3d_07f7a0f7a8b54c3d824f7490ff131e06.json']
[2026-03-01 19:53:19.428854] 3D Gen STDOUT: 3D layout generation completed. House size (m): 3.85 x 3.94, Output: C:\lekshmi\AI_Home_Project\temp_layout_3d_07f7a0f7a8b54c3d824f7490ff131e06.json

[2026-03-01 19:53:19.447180] 3D layout generated successfully
[2026-03-01 19:53:19.448137] Area Check: Raw=20.52, MinExpected=105, Used=105.00
[2026-03-01 19:53:19.448966] ML Prediction Error: name 'features' is not defined
[2026-03-01 19:53:19.451165] Sending success response
[2026-03-01 19:53:19.453680] Temporary layout files cleaned up.
[2026-03-01 20:00:06.159961] --- START UPLOAD: home.png ---
[2026-03-01 20:00:06.163858] Saved upload to: C:\lekshmi\AI_Home_Project\uploads\efd4cc2337e34463a05363182b51734e_home.png
[2026-03-01 20:00:06.165611] Falling back to OpenCV Preprocessing...
[2026-03-01 20:00:06.343493] Preprocessed image (OpenCV) to: C:\lekshmi\AI_Home_Project\processed\efd4cc2337e34463a05363182b51734e_home.png
[2026-03-01 20:00:06.344805] Layout Path: C:\lekshmi\AI_Home_Project\temp_layout_efd4cc2337e34463a05363182b51734e.json
[2026-03-01 20:00:06.345903] Layout 3D Path: C:\lekshmi\AI_Home_Project\temp_layout_3d_efd4cc2337e34463a05363182b51734e.json
[2026-03-01 20:00:06.347321] Running Extraction: ['C:\\Users\\user\\AppData\\Local\\Programs\\Python\\Python313\\python.exe', 'C:\\lekshmi\\AI_Home_Project\\layout_extraction.py', 'C:\\lekshmi\\AI_Home_Project\\processed\\efd4cc2337e34463a05363182b51734e_home.png', 'C:\\lekshmi\\AI_Home_Project\\temp_layout_efd4cc2337e34463a05363182b51734e.json', 'C:\\lekshmi\\AI_Home_Project\\uploads\\efd4cc2337e34463a05363182b51734e_home.png']
[2026-03-01 20:01:18.343396] Extraction STDOUT: DEBUG: Testing model gemini-1.5-flash-8b...
DEBUG: Model gemini-1.5-flash-8b failed validation: 404 NOT_FOUND. {'error': {'code': 404, 'message': 'models/gemini-1.5-flash-8b is not found for API version v1beta, or is not supported for generateContent. Call ListModels to see the list of available models and their supported methods.', 'status': 'NOT_FOUND'}}
DEBUG: Testing model gemini-1.5-flash...
DEBUG: Model gemini-1.5-flash failed validation: 404 NOT_FOUND. {'error': {'code': 404, 'message': 'models/gemini-1.5-flash is not found for API version v1beta, or is not supported for generateContent. Call ListModels to see the list of available models and their supported methods.', 'status': 'NOT_FOUND'}}
DEBUG: Testing model gemini-flash-latest...
DEBUG: Selected and Validated model gemini-flash-latest
DEBUG: Found 38 contours.
 Asking AI about Room 1 (x:48, y:265)...
 -> AI says: Bedroom
 Asking AI about Room 2 (x:271, y:144)...
 -> AI says: Living Room
 Asking AI about Room 3 (x:48, y:135)...
 -> AI says: Bedroom
 Asking AI about Room 4 (x:144, y:112)...
 -> AI says: Living Room
 Asking AI about Room 5 (x:300, y:98)...
 -> AI says: Kitchen
 Asking AI about Room 6 (x:70, y:40)...
 -> AI says: Bedroom
 Asking AI about Room 7 (x:30, y:23)...
 -> AI says: Living Room
Layout extraction completed. Output: C:\lekshmi\AI_Home_Project\temp_layout_efd4cc2337e34463a05363182b51734e.json

[2026-03-01 20:01:18.348769] Layout extracted: 7 rooms
[2026-03-01 20:01:18.351966] Running 3D Gen: ['C:\\Users\\user\\AppData\\Local\\Programs\\Python\\Python313\\python.exe', 'C:\\lekshmi\\AI_Home_Project\\layout_to_3d.py', 'C:\\lekshmi\\AI_Home_Project\\temp_layout_efd4cc2337e34463a05363182b51734e.json', 'C:\\lekshmi\\AI_Home_Project\\temp_layout_3d_efd4cc2337e34463a05363182b51734e.json']
[2026-03-01 20:01:18.449255] 3D Gen STDOUT: 3D layout generation completed. House size (m): 3.85 x 3.94, Output: C:\lekshmi\AI_Home_Project\temp_layout_3d_efd4cc2337e34463a05363182b51734e.json

[2026-03-01 20:01:18.452356] 3D layout generated successfully
[2026-03-01 20:01:18.453608] Area Check: Raw=20.52, MinExpected=105, Used=105.00
[2026-03-01 20:01:18.454556] ML Prediction Error: name 'features' is not defined
[2026-03-01 20:01:18.455861] Sending success response
[2026-03-01 20:01:18.458206] Temporary layout files cleaned up.
